[0/2] Re-checking globbed directories...
[1/67] Building CXX object src\lib\execution\CMakeFiles\ink_execution.dir\value\execution_float_value.cpp.obj
cl: 命令行 warning D9025 :正在重写“/EHs”(用“/EHs-”)
cl: 命令行 warning D9025 :正在重写“/EHc”(用“/EHc-”)
[2/67] Building CXX object src\lib\execution\CMakeFiles\ink_execution.dir\support\execution_instruction_result.cpp.obj
cl: 命令行 warning D9025 :正在重写“/EHs”(用“/EHs-”)
cl: 命令行 warning D9025 :正在重写“/EHc”(用“/EHc-”)
[3/67] Building CXX object src\lib\execution\CMakeFiles\ink_execution.dir\value\execution_bool_value.cpp.obj
cl: 命令行 warning D9025 :正在重写“/EHs”(用“/EHs-”)
cl: 命令行 warning D9025 :正在重写“/EHc”(用“/EHc-”)
[4/67] Building CXX object src\lib\execution\CMakeFiles\ink_execution.dir\support\execution_diagnostic.cpp.obj
cl: 命令行 warning D9025 :正在重写“/EHs”(用“/EHs-”)
cl: 命令行 warning D9025 :正在重写“/EHc”(用“/EHc-”)
[5/67] Building CXX object src\lib\execution\CMakeFiles\ink_execution.dir\reflection\type_table.cpp.obj
cl: 命令行 warning D9025 :正在重写“/EHs”(用“/EHs-”)
cl: 命令行 warning D9025 :正在重写“/EHc”(用“/EHc-”)
[6/67] Building CXX object src\lib\execution\CMakeFiles\ink_execution.dir\runtime\runtime_value.cpp.obj
cl: 命令行 warning D9025 :正在重写“/EHs”(用“/EHs-”)
cl: 命令行 warning D9025 :正在重写“/EHc”(用“/EHc-”)
[7/67] Building CXX object src\lib\execution\CMakeFiles\ink_execution.dir\value\execution_integer_value.cpp.obj
cl: 命令行 warning D9025 :正在重写“/EHs”(用“/EHs-”)
cl: 命令行 warning D9025 :正在重写“/EHc”(用“/EHc-”)
[8/67] Building CXX object src\lib\execution\CMakeFiles\ink_execution.dir\value\execution_integer.cpp.obj
cl: 命令行 warning D9025 :正在重写“/EHs”(用“/EHs-”)
cl: 命令行 warning D9025 :正在重写“/EHc”(用“/EHc-”)
[9/67] Building CXX object src\lib\execution\CMakeFiles\ink_execution.dir\value\execution_function_value.cpp.obj
cl: 命令行 warning D9025 :正在重写“/EHs”(用“/EHs-”)
cl: 命令行 warning D9025 :正在重写“/EHc”(用“/EHc-”)
[10/67] Building CXX object src\lib\execution\CMakeFiles\ink_execution.dir\value\execution_pointer_value.cpp.obj
cl: 命令行 warning D9025 :正在重写“/EHs”(用“/EHs-”)
cl: 命令行 warning D9025 :正在重写“/EHc”(用“/EHc-”)
[11/67] Building CXX object src\lib\execution\CMakeFiles\ink_execution.dir\value\execution_string_value.cpp.obj
cl: 命令行 warning D9025 :正在重写“/EHs”(用“/EHs-”)
cl: 命令行 warning D9025 :正在重写“/EHc”(用“/EHc-”)
[12/67] Building CXX object src\lib\execution\CMakeFiles\ink_execution.dir\value\execution_void_value.cpp.obj
cl: 命令行 warning D9025 :正在重写“/EHs”(用“/EHs-”)
cl: 命令行 warning D9025 :正在重写“/EHc”(用“/EHc-”)
[13/67] Building CXX object src\lib\execution\CMakeFiles\ink_execution.dir\hybrid\archive.cpp.obj
cl: 命令行 warning D9025 :正在重写“/EHs”(用“/EHs-”)
cl: 命令行 warning D9025 :正在重写“/EHc”(用“/EHc-”)
[14/67] Building CXX object src\lib\execution\CMakeFiles\ink_execution.dir\value\execution_value.cpp.obj
cl: 命令行 warning D9025 :正在重写“/EHs”(用“/EHs-”)
cl: 命令行 warning D9025 :正在重写“/EHc”(用“/EHc-”)
[15/67] Building CXX object src\lib\execution\CMakeFiles\ink_execution.dir\hybrid\runtime.cpp.obj
cl: 命令行 warning D9025 :正在重写“/EHs”(用“/EHs-”)
cl: 命令行 warning D9025 :正在重写“/EHc”(用“/EHc-”)
[16/67] Linking CXX static library src\lib\execution\ink_execution.lib
[17/67] Building CXX object src\lib\semantic\CMakeFiles\ink_semantic.dir\analyzer\analyzer_evaluation.cpp.obj
cl: 命令行 warning D9025 :正在重写“/EHs”(用“/EHs-”)
cl: 命令行 warning D9025 :正在重写“/EHc”(用“/EHc-”)
[18/67] Building CXX object src\lib\semantic\CMakeFiles\ink_semantic.dir\analyzer\analyzer_module_functions.cpp.obj
cl: 命令行 warning D9025 :正在重写“/EHs”(用“/EHs-”)
cl: 命令行 warning D9025 :正在重写“/EHc”(用“/EHc-”)
[19/67] Building CXX object src\lib\semantic\CMakeFiles\ink_semantic.dir\analyzer\decl\analyzer_decl.cpp.obj
cl: 命令行 warning D9025 :正在重写“/EHs”(用“/EHs-”)
cl: 命令行 warning D9025 :正在重写“/EHc”(用“/EHc-”)
[20/67] Building CXX object src\lib\semantic\CMakeFiles\ink_semantic.dir\analyzer\analyzer_modules.cpp.obj
cl: 命令行 warning D9025 :正在重写“/EHs”(用“/EHs-”)
cl: 命令行 warning D9025 :正在重写“/EHc”(用“/EHc-”)
[21/67] Building CXX object src\lib\semantic\CMakeFiles\ink_semantic.dir\analyzer\decl\analyzer_class.cpp.obj
cl: 命令行 warning D9025 :正在重写“/EHs”(用“/EHs-”)
cl: 命令行 warning D9025 :正在重写“/EHc”(用“/EHc-”)
D:\github\ink\src\lib\semantic\analyzer\decl\analyzer_class.cpp(65): warning C4456: “Parent”的声明隐藏了上一个本地声明
D:\github\ink\src\lib\semantic\analyzer\decl\analyzer_class.cpp(53): note: 参见“Parent”的声明
[22/67] Building CXX object src\lib\semantic\CMakeFiles\ink_semantic.dir\analyzer\decl\analyzer_enum.cpp.obj
cl: 命令行 warning D9025 :正在重写“/EHs”(用“/EHs-”)
cl: 命令行 warning D9025 :正在重写“/EHc”(用“/EHc-”)
[23/67] Building CXX object src\lib\semantic\CMakeFiles\ink_semantic.dir\analyzer\decl\analyzer_function.cpp.obj
cl: 命令行 warning D9025 :正在重写“/EHs”(用“/EHs-”)
cl: 命令行 warning D9025 :正在重写“/EHc”(用“/EHc-”)
[24/67] Building CXX object src\lib\semantic\CMakeFiles\ink_semantic.dir\analyzer\decl\analyzer_interface.cpp.obj
cl: 命令行 warning D9025 :正在重写“/EHs”(用“/EHs-”)
cl: 命令行 warning D9025 :正在重写“/EHc”(用“/EHc-”)
[25/67] Building CXX object src\lib\semantic\CMakeFiles\ink_semantic.dir\analyzer\decl\analyzer_variable.cpp.obj
cl: 命令行 warning D9025 :正在重写“/EHs”(用“/EHs-”)
cl: 命令行 warning D9025 :正在重写“/EHc”(用“/EHc-”)
[26/67] Building CXX object src\lib\semantic\CMakeFiles\ink_semantic.dir\analyzer\decl\analyzer_lifecycle.cpp.obj
cl: 命令行 warning D9025 :正在重写“/EHs”(用“/EHs-”)
cl: 命令行 warning D9025 :正在重写“/EHc”(用“/EHc-”)
[27/67] Building CXX object src\lib\semantic\CMakeFiles\ink_semantic.dir\analyzer\expr\analyzer_binary.cpp.obj
cl: 命令行 warning D9025 :正在重写“/EHs”(用“/EHs-”)
cl: 命令行 warning D9025 :正在重写“/EHc”(用“/EHc-”)
[28/67] Building CXX object src\lib\semantic\CMakeFiles\ink_semantic.dir\analyzer\expr\analyzer_array.cpp.obj
cl: 命令行 warning D9025 :正在重写“/EHs”(用“/EHs-”)
cl: 命令行 warning D9025 :正在重写“/EHc”(用“/EHc-”)
[29/67] Building CXX object src\lib\semantic\CMakeFiles\ink_semantic.dir\analyzer\expr\analyzer_conversion.cpp.obj
cl: 命令行 warning D9025 :正在重写“/EHs”(用“/EHs-”)
cl: 命令行 warning D9025 :正在重写“/EHc”(用“/EHc-”)
[30/67] Building CXX object src\lib\semantic\CMakeFiles\ink_semantic.dir\analyzer\expr\analyzer_call.cpp.obj
cl: 命令行 warning D9025 :正在重写“/EHs”(用“/EHs-”)
cl: 命令行 warning D9025 :正在重写“/EHc”(用“/EHc-”)
[31/67] Building CXX object src\lib\semantic\CMakeFiles\ink_semantic.dir\analyzer\expr\analyzer_expr.cpp.obj
cl: 命令行 warning D9025 :正在重写“/EHs”(用“/EHs-”)
cl: 命令行 warning D9025 :正在重写“/EHc”(用“/EHc-”)
[32/67] Building CXX object src\lib\semantic\CMakeFiles\ink_semantic.dir\analyzer\expr\analyzer_literal.cpp.obj
cl: 命令行 warning D9025 :正在重写“/EHs”(用“/EHs-”)
cl: 命令行 warning D9025 :正在重写“/EHc”(用“/EHc-”)
[33/67] Building CXX object src\lib\semantic\CMakeFiles\ink_semantic.dir\analyzer\expr\analyzer_name.cpp.obj
cl: 命令行 warning D9025 :正在重写“/EHs”(用“/EHs-”)
cl: 命令行 warning D9025 :正在重写“/EHc”(用“/EHc-”)
[34/67] Building CXX object src\lib\semantic\CMakeFiles\ink_semantic.dir\analyzer\expr\analyzer_paren.cpp.obj
cl: 命令行 warning D9025 :正在重写“/EHs”(用“/EHs-”)
cl: 命令行 warning D9025 :正在重写“/EHc”(用“/EHc-”)
[35/67] Building CXX object src\lib\semantic\CMakeFiles\ink_semantic.dir\analyzer\expr\analyzer_unary.cpp.obj
cl: 命令行 warning D9025 :正在重写“/EHs”(用“/EHs-”)
cl: 命令行 warning D9025 :正在重写“/EHc”(用“/EHc-”)
[36/67] Building CXX object src\lib\semantic\CMakeFiles\ink_semantic.dir\analyzer\expr\analyzer_member.cpp.obj
cl: 命令行 warning D9025 :正在重写“/EHs”(用“/EHs-”)
cl: 命令行 warning D9025 :正在重写“/EHc”(用“/EHc-”)
[37/67] Building CXX object src\lib\semantic\CMakeFiles\ink_semantic.dir\analyzer\expr\analyzer_update.cpp.obj
cl: 命令行 warning D9025 :正在重写“/EHs”(用“/EHs-”)
cl: 命令行 warning D9025 :正在重写“/EHc”(用“/EHc-”)
[38/67] Building CXX object src\lib\semantic\CMakeFiles\ink_semantic.dir\analyzer\stmt\analyzer_array_assignment.cpp.obj
cl: 命令行 warning D9025 :正在重写“/EHs”(用“/EHs-”)
cl: 命令行 warning D9025 :正在重写“/EHc”(用“/EHc-”)
[39/67] Building CXX object src\lib\semantic\CMakeFiles\ink_semantic.dir\analyzer\stmt\analyzer_assignment.cpp.obj
cl: 命令行 warning D9025 :正在重写“/EHs”(用“/EHs-”)
cl: 命令行 warning D9025 :正在重写“/EHc”(用“/EHc-”)
[40/67] Building CXX object src\lib\semantic\CMakeFiles\ink_semantic.dir\analyzer\stmt\analyzer_break.cpp.obj
cl: 命令行 warning D9025 :正在重写“/EHs”(用“/EHs-”)
cl: 命令行 warning D9025 :正在重写“/EHc”(用“/EHc-”)
[41/67] Building CXX object src\lib\semantic\CMakeFiles\ink_semantic.dir\analyzer\stmt\analyzer_defer.cpp.obj
cl: 命令行 warning D9025 :正在重写“/EHs”(用“/EHs-”)
cl: 命令行 warning D9025 :正在重写“/EHc”(用“/EHc-”)
[42/67] Building CXX object src\lib\semantic\CMakeFiles\ink_semantic.dir\analyzer\stmt\analyzer_classic_for.cpp.obj
cl: 命令行 warning D9025 :正在重写“/EHs”(用“/EHs-”)
cl: 命令行 warning D9025 :正在重写“/EHc”(用“/EHc-”)
[43/67] Building CXX object src\lib\semantic\CMakeFiles\ink_semantic.dir\analyzer\stmt\analyzer_continue.cpp.obj
cl: 命令行 warning D9025 :正在重写“/EHs”(用“/EHs-”)
cl: 命令行 warning D9025 :正在重写“/EHc”(用“/EHc-”)
[44/67] Building CXX object src\lib\semantic\CMakeFiles\ink_semantic.dir\analyzer\stmt\analyzer_for_in.cpp.obj
cl: 命令行 warning D9025 :正在重写“/EHs”(用“/EHs-”)
cl: 命令行 warning D9025 :正在重写“/EHc”(用“/EHc-”)
[45/67] Building CXX object src\lib\semantic\CMakeFiles\ink_semantic.dir\analyzer\stmt\analyzer_if.cpp.obj
cl: 命令行 warning D9025 :正在重写“/EHs”(用“/EHs-”)
cl: 命令行 warning D9025 :正在重写“/EHc”(用“/EHc-”)
[46/67] Building CXX object src\lib\semantic\CMakeFiles\ink_semantic.dir\analyzer\stmt\analyzer_import.cpp.obj
cl: 命令行 warning D9025 :正在重写“/EHs”(用“/EHs-”)
cl: 命令行 warning D9025 :正在重写“/EHc”(用“/EHc-”)
[47/67] Building CXX object src\lib\semantic\CMakeFiles\ink_semantic.dir\analyzer\stmt\analyzer_loop.cpp.obj
cl: 命令行 warning D9025 :正在重写“/EHs”(用“/EHs-”)
cl: 命令行 warning D9025 :正在重写“/EHc”(用“/EHc-”)
[48/67] Building CXX object src\lib\semantic\CMakeFiles\ink_semantic.dir\analyzer\stmt\analyzer_return.cpp.obj
cl: 命令行 warning D9025 :正在重写“/EHs”(用“/EHs-”)
cl: 命令行 warning D9025 :正在重写“/EHc”(用“/EHc-”)
[49/67] Building CXX object src\lib\semantic\CMakeFiles\ink_semantic.dir\analyzer\stmt\analyzer_stmt.cpp.obj
cl: 命令行 warning D9025 :正在重写“/EHs”(用“/EHs-”)
cl: 命令行 warning D9025 :正在重写“/EHc”(用“/EHc-”)
[50/67] Building CXX object src\lib\semantic\CMakeFiles\ink_semantic.dir\analyzer\stmt\analyzer_switch.cpp.obj
cl: 命令行 warning D9025 :正在重写“/EHs”(用“/EHs-”)
cl: 命令行 warning D9025 :正在重写“/EHc”(用“/EHc-”)
[51/67] Building CXX object src\lib\semantic\CMakeFiles\ink_semantic.dir\analyzer\stmt\analyzer_while.cpp.obj
cl: 命令行 warning D9025 :正在重写“/EHs”(用“/EHs-”)
cl: 命令行 warning D9025 :正在重写“/EHc”(用“/EHc-”)
[52/67] Building CXX object src\lib\semantic\CMakeFiles\ink_semantic.dir\analyzer\stmt\analyzer_yield.cpp.obj
cl: 命令行 warning D9025 :正在重写“/EHs”(用“/EHs-”)
cl: 命令行 warning D9025 :正在重写“/EHc”(用“/EHc-”)
[53/67] Building CXX object src\lib\semantic\CMakeFiles\ink_semantic.dir\analyzer\type\analyzer_type.cpp.obj
cl: 命令行 warning D9025 :正在重写“/EHs”(用“/EHs-”)
cl: 命令行 warning D9025 :正在重写“/EHc”(用“/EHc-”)
[54/67] Building CXX object src\lib\semantic\CMakeFiles\ink_semantic.dir\name_resolve\name_resolver.cpp.obj
cl: 命令行 warning D9025 :正在重写“/EHs”(用“/EHs-”)
cl: 命令行 warning D9025 :正在重写“/EHc”(用“/EHc-”)
[55/67] Building CXX object src\lib\semantic\CMakeFiles\ink_semantic.dir\name_resolve\scope_store.cpp.obj
cl: 命令行 warning D9025 :正在重写“/EHs”(用“/EHs-”)
cl: 命令行 warning D9025 :正在重写“/EHc”(用“/EHc-”)
[56/67] Linking CXX static library src\lib\semantic\ink_semantic.lib
[57/67] Building CXX object src\lib\backend\llvm\CMakeFiles\ink_backend_llvm.dir\type_lowering.cpp.obj
cl: 命令行 warning D9025 :正在重写“/EHs”(用“/EHs-”)
cl: 命令行 warning D9025 :正在重写“/EHc”(用“/EHc-”)
D:\github\ink\src\third_party\llvm\llvm\include\llvm\ADT\bit.h(262) : warning C4702: 无法访问的代码
D:\github\ink\src\third_party\llvm\llvm\include\llvm\ADT\bit.h(263) : warning C4702: 无法访问的代码
D:\github\ink\src\third_party\llvm\llvm\include\llvm\ADT\bit.h(264) : warning C4702: 无法访问的代码
D:\github\ink\src\third_party\llvm\llvm\include\llvm\ADT\bit.h(266) : warning C4702: 无法访问的代码
D:\github\ink\src\third_party\llvm\llvm\include\llvm\ADT\bit.h(268) : warning C4702: 无法访问的代码
D:\github\ink\src\third_party\llvm\llvm\include\llvm\ADT\bit.h(270) : warning C4702: 无法访问的代码
[58/67] Building CXX object src\tools\inkc\CMakeFiles\inkc.dir\source_modules.cpp.obj
cl: 命令行 warning D9025 :正在重写“/EHs”(用“/EHs-”)
cl: 命令行 warning D9025 :正在重写“/EHc”(用“/EHc-”)
[59/67] Building CXX object src\lib\backend\llvm\CMakeFiles\ink_backend_llvm.dir\lowering_context.cpp.obj
cl: 命令行 warning D9025 :正在重写“/EHs”(用“/EHs-”)
cl: 命令行 warning D9025 :正在重写“/EHc”(用“/EHc-”)
[60/67] Building CXX object src\tools\inkc\CMakeFiles\inkc.dir\bytecode_emit.cpp.obj
cl: 命令行 warning D9025 :正在重写“/EHs”(用“/EHs-”)
cl: 命令行 warning D9025 :正在重写“/EHc”(用“/EHc-”)
[61/67] Building CXX object src\tools\inkc\CMakeFiles\inkc.dir\main.cpp.obj
cl: 命令行 warning D9025 :正在重写“/EHs”(用“/EHs-”)
cl: 命令行 warning D9025 :正在重写“/EHc”(用“/EHc-”)
[62/67] Building CXX object src\lib\backend\llvm\CMakeFiles\ink_backend_llvm.dir\function_lowering.cpp.obj
cl: 命令行 warning D9025 :正在重写“/EHs”(用“/EHs-”)
cl: 命令行 warning D9025 :正在重写“/EHc”(用“/EHc-”)
D:\github\ink\src\third_party\llvm\llvm\include\llvm\ADT\bit.h(262) : warning C4702: 无法访问的代码
D:\github\ink\src\third_party\llvm\llvm\include\llvm\ADT\bit.h(263) : warning C4702: 无法访问的代码
D:\github\ink\src\third_party\llvm\llvm\include\llvm\ADT\bit.h(264) : warning C4702: 无法访问的代码
D:\github\ink\src\third_party\llvm\llvm\include\llvm\ADT\bit.h(266) : warning C4702: 无法访问的代码
D:\github\ink\src\third_party\llvm\llvm\include\llvm\ADT\bit.h(268) : warning C4702: 无法访问的代码
D:\github\ink\src\third_party\llvm\llvm\include\llvm\ADT\bit.h(270) : warning C4702: 无法访问的代码
D:\github\ink\src\third_party\llvm\llvm\include\llvm\Support\MathExtras.h(193) : warning C4702: 无法访问的代码
[63/67] Building CXX object src\lib\backend\llvm\CMakeFiles\ink_backend_llvm.dir\hybrid_lowering.cpp.obj
cl: 命令行 warning D9025 :正在重写“/EHs”(用“/EHs-”)
cl: 命令行 warning D9025 :正在重写“/EHc”(用“/EHc-”)
D:\github\ink\src\lib\backend\llvm\hybrid_lowering.cpp(106): warning C4458: “Functions”的声明隐藏了类成员
D:\github\ink\src\lib\backend\llvm\lowering_context.h(40): note: 参见“ink::backend::llvm::LoweringContext::Functions”的声明
[64/67] Building CXX object src\lib\backend\llvm\CMakeFiles\ink_backend_llvm.dir\llvm_backend.cpp.obj
cl: 命令行 warning D9025 :正在重写“/EHs”(用“/EHs-”)
cl: 命令行 warning D9025 :正在重写“/EHc”(用“/EHc-”)
D:\github\ink\src\lib\backend\llvm\llvm_backend.cpp(141): warning C4996: 'llvm::TargetRegistry::lookupTarget': Use overload accepting Triple instead
[65/67] Linking CXX static library src\lib\backend\llvm\ink_backend_llvm.lib
[66/67] Linking CXX executable src\tools\inkc\inkc.exe
