[0/2] Re-checking globbed directories...
[1/101] Building CXX object src\lib\execution\CMakeFiles\ink_execution.dir\artifact\bytecode_linkage.cpp.obj
cl: 命令行 warning D9025 :正在重写“/EHs”(用“/EHs-”)
cl: 命令行 warning D9025 :正在重写“/EHc”(用“/EHc-”)
[2/101] Building CXX object src\lib\execution\CMakeFiles\ink_execution.dir\artifact\bytecode_symbol.cpp.obj
cl: 命令行 warning D9025 :正在重写“/EHs”(用“/EHs-”)
cl: 命令行 warning D9025 :正在重写“/EHc”(用“/EHc-”)
[3/101] Building CXX object src\lib\execution\CMakeFiles\ink_execution.dir\artifact\bytecode_validation.cpp.obj
cl: 命令行 warning D9025 :正在重写“/EHs”(用“/EHs-”)
cl: 命令行 warning D9025 :正在重写“/EHc”(用“/EHc-”)
[4/101] Building CXX object src\lib\execution\CMakeFiles\ink_execution.dir\artifact\bytecode_linker.cpp.obj
cl: 命令行 warning D9025 :正在重写“/EHs”(用“/EHs-”)
cl: 命令行 warning D9025 :正在重写“/EHc”(用“/EHc-”)
[5/101] Building CXX object src\lib\execution\CMakeFiles\ink_execution.dir\bytecode\instruction.cpp.obj
cl: 命令行 warning D9025 :正在重写“/EHs”(用“/EHs-”)
cl: 命令行 warning D9025 :正在重写“/EHc”(用“/EHc-”)
[6/101] Building CXX object src\lib\execution\CMakeFiles\ink_execution.dir\artifact\bytecode_builder.cpp.obj
cl: 命令行 warning D9025 :正在重写“/EHs”(用“/EHs-”)
cl: 命令行 warning D9025 :正在重写“/EHc”(用“/EHc-”)
[7/101] Building CXX object src\lib\execution\CMakeFiles\ink_execution.dir\artifact\bytecode_file.cpp.obj
cl: 命令行 warning D9025 :正在重写“/EHs”(用“/EHs-”)
cl: 命令行 warning D9025 :正在重写“/EHc”(用“/EHc-”)
[8/101] Building CXX object src\lib\execution\CMakeFiles\ink_execution.dir\artifact\bytecode_archive_writer.cpp.obj
cl: 命令行 warning D9025 :正在重写“/EHs”(用“/EHs-”)
cl: 命令行 warning D9025 :正在重写“/EHc”(用“/EHc-”)
[9/101] Building CXX object src\lib\execution\CMakeFiles\ink_execution.dir\artifact\bytecode_archive_reader.cpp.obj
cl: 命令行 warning D9025 :正在重写“/EHs”(用“/EHs-”)
cl: 命令行 warning D9025 :正在重写“/EHc”(用“/EHc-”)
[10/101] Building CXX object src\lib\execution\CMakeFiles\ink_execution.dir\engine\execution_frame.cpp.obj
cl: 命令行 warning D9025 :正在重写“/EHs”(用“/EHs-”)
cl: 命令行 warning D9025 :正在重写“/EHc”(用“/EHc-”)
[11/101] Building CXX object src\lib\execution\CMakeFiles\ink_execution.dir\bytecode\execution_compiler.cpp.obj
cl: 命令行 warning D9025 :正在重写“/EHs”(用“/EHs-”)
cl: 命令行 warning D9025 :正在重写“/EHc”(用“/EHc-”)
[12/101] Building CXX object src\lib\execution\CMakeFiles\ink_execution.dir\bridge\semantic_value_bridge.cpp.obj
cl: 命令行 warning D9025 :正在重写“/EHs”(用“/EHs-”)
cl: 命令行 warning D9025 :正在重写“/EHc”(用“/EHc-”)
[13/101] Building CXX object src\lib\execution\CMakeFiles\ink_execution.dir\engine\execution_arithmetic.cpp.obj
cl: 命令行 warning D9025 :正在重写“/EHs”(用“/EHs-”)
cl: 命令行 warning D9025 :正在重写“/EHc”(用“/EHc-”)
[14/101] Building CXX object src\lib\execution\CMakeFiles\ink_execution.dir\engine\execution_linker.cpp.obj
cl: 命令行 warning D9025 :正在重写“/EHs”(用“/EHs-”)
cl: 命令行 warning D9025 :正在重写“/EHc”(用“/EHc-”)
[15/101] Building CXX object src\lib\execution\CMakeFiles\ink_execution.dir\engine\execution_engine.cpp.obj
cl: 命令行 warning D9025 :正在重写“/EHs”(用“/EHs-”)
cl: 命令行 warning D9025 :正在重写“/EHc”(用“/EHc-”)
[16/101] Building CXX object src\lib\execution\CMakeFiles\ink_execution.dir\engine\execution_machine.cpp.obj
cl: 命令行 warning D9025 :正在重写“/EHs”(用“/EHs-”)
cl: 命令行 warning D9025 :正在重写“/EHc”(用“/EHc-”)
[17/101] Building CXX object src\lib\execution\CMakeFiles\ink_execution.dir\ffi\ffi_type.cpp.obj
cl: 命令行 warning D9025 :正在重写“/EHs”(用“/EHs-”)
cl: 命令行 warning D9025 :正在重写“/EHc”(用“/EHc-”)
[18/101] Building CXX object src\lib\execution\CMakeFiles\ink_execution.dir\engine\execution_interpreter.cpp.obj
cl: 命令行 warning D9025 :正在重写“/EHs”(用“/EHs-”)
cl: 命令行 warning D9025 :正在重写“/EHc”(用“/EHc-”)
[19/101] Building CXX object src\lib\execution\CMakeFiles\ink_execution.dir\engine\execution_machine_dispatch.cpp.obj
cl: 命令行 warning D9025 :正在重写“/EHs”(用“/EHs-”)
cl: 命令行 warning D9025 :正在重写“/EHc”(用“/EHc-”)
[20/101] Building CXX object src\lib\execution\CMakeFiles\ink_execution.dir\engine\instruction\make_function_value.cpp.obj
cl: 命令行 warning D9025 :正在重写“/EHs”(用“/EHs-”)
cl: 命令行 warning D9025 :正在重写“/EHc”(用“/EHc-”)
[21/101] Building CXX object src\lib\execution\CMakeFiles\ink_execution.dir\ffi\native_symbol.cpp.obj
cl: 命令行 warning D9025 :正在重写“/EHs”(用“/EHs-”)
cl: 命令行 warning D9025 :正在重写“/EHc”(用“/EHc-”)
[22/101] Building CXX object src\lib\execution\CMakeFiles\ink_execution.dir\ffi\native_symbol_cache.cpp.obj
cl: 命令行 warning D9025 :正在重写“/EHs”(用“/EHs-”)
cl: 命令行 warning D9025 :正在重写“/EHc”(用“/EHc-”)
[23/101] Building CXX object src\lib\execution\CMakeFiles\ink_execution.dir\engine\execution_memory.cpp.obj
cl: 命令行 warning D9025 :正在重写“/EHs”(用“/EHs-”)
cl: 命令行 warning D9025 :正在重写“/EHc”(用“/EHc-”)
[24/101] Building CXX object src\lib\execution\CMakeFiles\ink_execution.dir\ffi\external_function.cpp.obj
cl: 命令行 warning D9025 :正在重写“/EHs”(用“/EHs-”)
cl: 命令行 warning D9025 :正在重写“/EHc”(用“/EHc-”)
[25/101] Building CXX object src\lib\execution\CMakeFiles\ink_execution.dir\ffi\runtime_ffi_argument.cpp.obj
cl: 命令行 warning D9025 :正在重写“/EHs”(用“/EHs-”)
cl: 命令行 warning D9025 :正在重写“/EHc”(用“/EHc-”)
[26/101] Building CXX object src\lib\execution\CMakeFiles\ink_execution.dir\ffi\ffi_argument.cpp.obj
cl: 命令行 warning D9025 :正在重写“/EHs”(用“/EHs-”)
cl: 命令行 warning D9025 :正在重写“/EHc”(用“/EHc-”)
[27/101] Building CXX object src\lib\execution\CMakeFiles\ink_execution.dir\ffi\ffi_call.cpp.obj
cl: 命令行 warning D9025 :正在重写“/EHs”(用“/EHs-”)
cl: 命令行 warning D9025 :正在重写“/EHc”(用“/EHc-”)
[28/101] Building CXX object src\lib\execution\CMakeFiles\ink_execution.dir\ffi\runtime_ffi_type.cpp.obj
cl: 命令行 warning D9025 :正在重写“/EHs”(用“/EHs-”)
cl: 命令行 warning D9025 :正在重写“/EHc”(用“/EHc-”)
[29/101] Building CXX object src\lib\execution\CMakeFiles\ink_execution.dir\ffi\runtime_ffi_call.cpp.obj
cl: 命令行 warning D9025 :正在重写“/EHs”(用“/EHs-”)
cl: 命令行 warning D9025 :正在重写“/EHc”(用“/EHc-”)
D:\github\ink\src\lib\execution\ffi\runtime_ffi_call.cpp(158): warning C4457: “Storage”的声明隐藏了函数参数
D:\github\ink\src\lib\execution\ffi\runtime_ffi_call.cpp(128): note: 参见“Storage”的声明
[30/101] Building CXX object src\lib\execution\CMakeFiles\ink_execution.dir\memory\execution_pointer.cpp.obj
cl: 命令行 warning D9025 :正在重写“/EHs”(用“/EHs-”)
cl: 命令行 warning D9025 :正在重写“/EHc”(用“/EHc-”)
[31/101] Building CXX object src\lib\execution\CMakeFiles\ink_execution.dir\memory\execution_memory_manager.cpp.obj
cl: 命令行 warning D9025 :正在重写“/EHs”(用“/EHs-”)
cl: 命令行 warning D9025 :正在重写“/EHc”(用“/EHc-”)
[32/101] Building CXX object src\lib\execution\CMakeFiles\ink_execution.dir\memory\execution_storage.cpp.obj
cl: 命令行 warning D9025 :正在重写“/EHs”(用“/EHs-”)
cl: 命令行 warning D9025 :正在重写“/EHc”(用“/EHc-”)
[33/101] Building CXX object src\lib\execution\CMakeFiles\ink_execution.dir\reflection\reflection.cpp.obj
cl: 命令行 warning D9025 :正在重写“/EHs”(用“/EHs-”)
cl: 命令行 warning D9025 :正在重写“/EHc”(用“/EHc-”)
[34/101] Building CXX object src\lib\execution\CMakeFiles\ink_execution.dir\memory\execution_heap.cpp.obj
cl: 命令行 warning D9025 :正在重写“/EHs”(用“/EHs-”)
cl: 命令行 warning D9025 :正在重写“/EHc”(用“/EHc-”)
[35/101] Building CXX object src\lib\execution\CMakeFiles\ink_execution.dir\reflection\type_desc.cpp.obj
cl: 命令行 warning D9025 :正在重写“/EHs”(用“/EHs-”)
cl: 命令行 warning D9025 :正在重写“/EHc”(用“/EHc-”)
[36/101] Building CXX object src\lib\execution\CMakeFiles\ink_execution.dir\hybrid\archive.cpp.obj
cl: 命令行 warning D9025 :正在重写“/EHs”(用“/EHs-”)
cl: 命令行 warning D9025 :正在重写“/EHc”(用“/EHc-”)
[37/101] Building CXX object src\lib\execution\CMakeFiles\ink_execution.dir\reflection\type_table.cpp.obj
cl: 命令行 warning D9025 :正在重写“/EHs”(用“/EHs-”)
cl: 命令行 warning D9025 :正在重写“/EHc”(用“/EHc-”)
[38/101] Building CXX object src\lib\execution\CMakeFiles\ink_execution.dir\reflection\semantic_reflection.cpp.obj
cl: 命令行 warning D9025 :正在重写“/EHs”(用“/EHs-”)
cl: 命令行 warning D9025 :正在重写“/EHc”(用“/EHc-”)
[39/101] Building CXX object src\lib\execution\CMakeFiles\ink_execution.dir\support\execution_instruction_result.cpp.obj
cl: 命令行 warning D9025 :正在重写“/EHs”(用“/EHs-”)
cl: 命令行 warning D9025 :正在重写“/EHc”(用“/EHc-”)
[40/101] Building CXX object src\lib\execution\CMakeFiles\ink_execution.dir\value\execution_bool_value.cpp.obj
cl: 命令行 warning D9025 :正在重写“/EHs”(用“/EHs-”)
cl: 命令行 warning D9025 :正在重写“/EHc”(用“/EHc-”)
[41/101] Building CXX object src\lib\execution\CMakeFiles\ink_execution.dir\support\execution_diagnostic.cpp.obj
cl: 命令行 warning D9025 :正在重写“/EHs”(用“/EHs-”)
cl: 命令行 warning D9025 :正在重写“/EHc”(用“/EHc-”)
[42/101] Building CXX object src\lib\execution\CMakeFiles\ink_execution.dir\runtime\runtime_value.cpp.obj
cl: 命令行 warning D9025 :正在重写“/EHs”(用“/EHs-”)
cl: 命令行 warning D9025 :正在重写“/EHc”(用“/EHc-”)
[43/101] Building CXX object src\lib\execution\CMakeFiles\ink_execution.dir\value\execution_float_value.cpp.obj
cl: 命令行 warning D9025 :正在重写“/EHs”(用“/EHs-”)
cl: 命令行 warning D9025 :正在重写“/EHc”(用“/EHc-”)
[44/101] Building CXX object src\lib\execution\CMakeFiles\ink_execution.dir\value\execution_function_value.cpp.obj
cl: 命令行 warning D9025 :正在重写“/EHs”(用“/EHs-”)
cl: 命令行 warning D9025 :正在重写“/EHc”(用“/EHc-”)
[45/101] Building CXX object src\lib\execution\CMakeFiles\ink_execution.dir\value\execution_integer.cpp.obj
cl: 命令行 warning D9025 :正在重写“/EHs”(用“/EHs-”)
cl: 命令行 warning D9025 :正在重写“/EHc”(用“/EHc-”)
[46/101] Building CXX object src\lib\execution\CMakeFiles\ink_execution.dir\value\execution_integer_value.cpp.obj
cl: 命令行 warning D9025 :正在重写“/EHs”(用“/EHs-”)
cl: 命令行 warning D9025 :正在重写“/EHc”(用“/EHc-”)
[47/101] Building CXX object src\lib\execution\CMakeFiles\ink_execution.dir\value\execution_pointer_value.cpp.obj
cl: 命令行 warning D9025 :正在重写“/EHs”(用“/EHs-”)
cl: 命令行 warning D9025 :正在重写“/EHc”(用“/EHc-”)
[48/101] Building CXX object src\lib\execution\CMakeFiles\ink_execution.dir\value\execution_void_value.cpp.obj
cl: 命令行 warning D9025 :正在重写“/EHs”(用“/EHs-”)
cl: 命令行 warning D9025 :正在重写“/EHc”(用“/EHc-”)
[49/101] Building CXX object src\lib\execution\CMakeFiles\ink_execution.dir\value\execution_string_value.cpp.obj
cl: 命令行 warning D9025 :正在重写“/EHs”(用“/EHs-”)
cl: 命令行 warning D9025 :正在重写“/EHc”(用“/EHc-”)
[50/101] Building CXX object src\lib\execution\CMakeFiles\ink_execution.dir\hybrid\runtime.cpp.obj
cl: 命令行 warning D9025 :正在重写“/EHs”(用“/EHs-”)
cl: 命令行 warning D9025 :正在重写“/EHc”(用“/EHc-”)
[51/101] Building CXX object src\lib\execution\CMakeFiles\ink_execution.dir\value\execution_value.cpp.obj
cl: 命令行 warning D9025 :正在重写“/EHs”(用“/EHs-”)
cl: 命令行 warning D9025 :正在重写“/EHc”(用“/EHc-”)
[52/101] Linking CXX static library src\lib\execution\ink_execution.lib
[53/101] Building CXX object src\tools\inkc\CMakeFiles\inkc.dir\bytecode_link.cpp.obj
cl: 命令行 warning D9025 :正在重写“/EHs”(用“/EHs-”)
cl: 命令行 warning D9025 :正在重写“/EHc”(用“/EHc-”)
[54/101] Building CXX object src\tools\inkc\CMakeFiles\inkc.dir\source_modules.cpp.obj
cl: 命令行 warning D9025 :正在重写“/EHs”(用“/EHs-”)
cl: 命令行 warning D9025 :正在重写“/EHc”(用“/EHc-”)
[55/101] Building CXX object src\tools\inkc\CMakeFiles\inkc.dir\bytecode_run.cpp.obj
cl: 命令行 warning D9025 :正在重写“/EHs”(用“/EHs-”)
cl: 命令行 warning D9025 :正在重写“/EHc”(用“/EHc-”)
[56/101] Building CXX object src\tools\inkc\CMakeFiles\inkc.dir\bytecode_emit.cpp.obj
cl: 命令行 warning D9025 :正在重写“/EHs”(用“/EHs-”)
cl: 命令行 warning D9025 :正在重写“/EHc”(用“/EHc-”)
[57/101] Building CXX object src\tools\inkc\CMakeFiles\inkc.dir\main.cpp.obj
cl: 命令行 warning D9025 :正在重写“/EHs”(用“/EHs-”)
cl: 命令行 warning D9025 :正在重写“/EHc”(用“/EHc-”)
[58/101] Linking CXX executable src\tools\inkc\inkc.exe
[59/101] Generating hybrid-O0/program.obj, hybrid-O0/program.base, hybrid-O0/first.patch, hybrid-O0/bounce.patch, hybrid-O0/second.patch
[60/101] Generating hybrid-O2/program.obj, hybrid-O2/program.base, hybrid-O2/first.patch, hybrid-O2/bounce.patch, hybrid-O2/second.patch
[61/101] Linking CXX executable src\testcase\ink_hybrid_test_O0.exe
[62/101] Linking CXX executable src\testcase\ink_hybrid_test_O2.exe
[63/101] Building CXX object src\testcase\CMakeFiles\ink_tests.dir\execution\bytecode\class_bytecode_test.cpp.obj
cl: 命令行 warning D9025 :正在重写“/EHs”(用“/EHs-”)
cl: 命令行 warning D9025 :正在重写“/EHc”(用“/EHc-”)
[64/101] Building CXX object src\testcase\CMakeFiles\ink_tests.dir\execution\artifact\class_artifact_test.cpp.obj
cl: 命令行 warning D9025 :正在重写“/EHs”(用“/EHs-”)
cl: 命令行 warning D9025 :正在重写“/EHc”(用“/EHc-”)
[65/101] Building CXX object src\testcase\CMakeFiles\ink_tests.dir\execution\bytecode\array_bytecode_test.cpp.obj
cl: 命令行 warning D9025 :正在重写“/EHs”(用“/EHs-”)
cl: 命令行 warning D9025 :正在重写“/EHc”(用“/EHc-”)
[66/101] Building CXX object src\testcase\CMakeFiles\ink_tests.dir\execution\artifact\array_artifact_test.cpp.obj
cl: 命令行 warning D9025 :正在重写“/EHs”(用“/EHs-”)
cl: 命令行 warning D9025 :正在重写“/EHc”(用“/EHc-”)
[67/101] Building CXX object src\testcase\CMakeFiles\ink_tests.dir\execution\artifact\bytecode_validation_test.cpp.obj
cl: 命令行 warning D9025 :正在重写“/EHs”(用“/EHs-”)
cl: 命令行 warning D9025 :正在重写“/EHc”(用“/EHc-”)
[68/101] Building CXX object src\testcase\CMakeFiles\ink_tests.dir\execution\artifact\bytecode_builder_test.cpp.obj
cl: 命令行 warning D9025 :正在重写“/EHs”(用“/EHs-”)
cl: 命令行 warning D9025 :正在重写“/EHc”(用“/EHc-”)
[69/101] Building CXX object src\testcase\CMakeFiles\ink_tests.dir\execution\artifact\bytecode_linker_test.cpp.obj
cl: 命令行 warning D9025 :正在重写“/EHs”(用“/EHs-”)
cl: 命令行 warning D9025 :正在重写“/EHc”(用“/EHc-”)
[70/101] Building CXX object src\testcase\CMakeFiles\ink_tests.dir\execution\artifact\bytecode_archive_test.cpp.obj
cl: 命令行 warning D9025 :正在重写“/EHs”(用“/EHs-”)
cl: 命令行 warning D9025 :正在重写“/EHc”(用“/EHc-”)
[71/101] Building CXX object src\testcase\CMakeFiles\ink_tests.dir\execution\engine\execution_config_test.cpp.obj
cl: 命令行 warning D9025 :正在重写“/EHs”(用“/EHs-”)
cl: 命令行 warning D9025 :正在重写“/EHc”(用“/EHc-”)
[72/101] Building CXX object src\testcase\CMakeFiles\ink_tests.dir\execution\engine\bytecode_storage_test.cpp.obj
cl: 命令行 warning D9025 :正在重写“/EHs”(用“/EHs-”)
cl: 命令行 warning D9025 :正在重写“/EHc”(用“/EHc-”)
[73/101] Building CXX object src\testcase\CMakeFiles\ink_tests.dir\execution\engine\execution_call_test.cpp.obj
cl: 命令行 warning D9025 :正在重写“/EHs”(用“/EHs-”)
cl: 命令行 warning D9025 :正在重写“/EHc”(用“/EHc-”)
[74/101] Building CXX object src\testcase\CMakeFiles\ink_tests.dir\execution\bytecode\execution_compiler_test.cpp.obj
cl: 命令行 warning D9025 :正在重写“/EHs”(用“/EHs-”)
cl: 命令行 warning D9025 :正在重写“/EHc”(用“/EHc-”)
[75/101] Building CXX object src\testcase\CMakeFiles\ink_tests.dir\execution\engine\bytecode_execution_test.cpp.obj
cl: 命令行 warning D9025 :正在重写“/EHs”(用“/EHs-”)
cl: 命令行 warning D9025 :正在重写“/EHc”(用“/EHc-”)
[76/101] Building CXX object src\testcase\CMakeFiles\ink_tests.dir\execution\engine\execution_engine_test.cpp.obj
cl: 命令行 warning D9025 :正在重写“/EHs”(用“/EHs-”)
cl: 命令行 warning D9025 :正在重写“/EHc”(用“/EHc-”)
[77/101] Building CXX object src\testcase\CMakeFiles\ink_tests.dir\execution\engine\ir_execution_test.cpp.obj
cl: 命令行 warning D9025 :正在重写“/EHs”(用“/EHs-”)
cl: 命令行 warning D9025 :正在重写“/EHc”(用“/EHc-”)
[78/101] Building CXX object src\testcase\CMakeFiles\ink_tests.dir\execution\ffi\external_fixture_test.cpp.obj
cl: 命令行 warning D9025 :正在重写“/EHs”(用“/EHs-”)
cl: 命令行 warning D9025 :正在重写“/EHc”(用“/EHc-”)
[79/101] Building CXX object src\testcase\CMakeFiles\ink_tests.dir\execution\engine\execution_image_test.cpp.obj
cl: 命令行 warning D9025 :正在重写“/EHs”(用“/EHs-”)
cl: 命令行 warning D9025 :正在重写“/EHc”(用“/EHc-”)
[80/101] Building CXX object src\testcase\CMakeFiles\ink_tests.dir\execution\engine\logical_execution_test.cpp.obj
cl: 命令行 warning D9025 :正在重写“/EHs”(用“/EHs-”)
cl: 命令行 warning D9025 :正在重写“/EHc”(用“/EHc-”)
[81/101] Building CXX object src\testcase\CMakeFiles\ink_tests.dir\execution\ffi\array_read_test.cpp.obj
cl: 命令行 warning D9025 :正在重写“/EHs”(用“/EHs-”)
cl: 命令行 warning D9025 :正在重写“/EHc”(用“/EHc-”)
[82/101] Building CXX object src\testcase\CMakeFiles\ink_tests.dir\execution\ffi\ffi_argument_test.cpp.obj
cl: 命令行 warning D9025 :正在重写“/EHs”(用“/EHs-”)
cl: 命令行 warning D9025 :正在重写“/EHc”(用“/EHc-”)
[83/101] Building CXX object src\testcase\CMakeFiles\ink_tests.dir\execution\ffi\external_call_test.cpp.obj
cl: 命令行 warning D9025 :正在重写“/EHs”(用“/EHs-”)
cl: 命令行 warning D9025 :正在重写“/EHc”(用“/EHc-”)
[84/101] Building CXX object src\testcase\CMakeFiles\ink_tests.dir\execution\ffi\native_call_cache_test.cpp.obj
cl: 命令行 warning D9025 :正在重写“/EHs”(用“/EHs-”)
cl: 命令行 warning D9025 :正在重写“/EHc”(用“/EHc-”)
[85/101] Building CXX object src\testcase\CMakeFiles\ink_tests.dir\execution\ffi\native_storage_offset_test.cpp.obj
cl: 命令行 warning D9025 :正在重写“/EHs”(用“/EHs-”)
cl: 命令行 warning D9025 :正在重写“/EHc”(用“/EHc-”)
[86/101] Building CXX object src\testcase\CMakeFiles\ink_tests.dir\execution\ffi\native_storage_test.cpp.obj
cl: 命令行 warning D9025 :正在重写“/EHs”(用“/EHs-”)
cl: 命令行 warning D9025 :正在重写“/EHc”(用“/EHc-”)
[87/101] Building CXX object src\testcase\CMakeFiles\ink_tests.dir\execution\engine\native_layout_execution_test.cpp.obj
cl: 命令行 warning D9025 :正在重写“/EHs”(用“/EHs-”)
cl: 命令行 warning D9025 :正在重写“/EHc”(用“/EHc-”)
[88/101] Building CXX object src\testcase\CMakeFiles\ink_tests.dir\execution\ffi\runtime_ffi_test.cpp.obj
cl: 命令行 warning D9025 :正在重写“/EHs”(用“/EHs-”)
cl: 命令行 warning D9025 :正在重写“/EHc”(用“/EHc-”)
[89/101] Building CXX object src\testcase\CMakeFiles\ink_tests.dir\execution\memory\array_storage_test.cpp.obj
cl: 命令行 warning D9025 :正在重写“/EHs”(用“/EHs-”)
cl: 命令行 warning D9025 :正在重写“/EHc”(用“/EHc-”)
[90/101] Building CXX object src\testcase\CMakeFiles\ink_tests.dir\execution\ffi\native_symbol_cache_test.cpp.obj
cl: 命令行 warning D9025 :正在重写“/EHs”(用“/EHs-”)
cl: 命令行 warning D9025 :正在重写“/EHc”(用“/EHc-”)
[91/101] Building CXX object src\testcase\CMakeFiles\ink_tests.dir\execution\memory\runtime_storage_test.cpp.obj
cl: 命令行 warning D9025 :正在重写“/EHs”(用“/EHs-”)
cl: 命令行 warning D9025 :正在重写“/EHc”(用“/EHc-”)
[92/101] Building CXX object src\testcase\CMakeFiles\ink_tests.dir\execution\memory\memory_manager_test.cpp.obj
cl: 命令行 warning D9025 :正在重写“/EHs”(用“/EHs-”)
cl: 命令行 warning D9025 :正在重写“/EHc”(用“/EHc-”)
[93/101] Building CXX object src\testcase\CMakeFiles\ink_tests.dir\execution\hybrid\hybrid_runtime_test.cpp.obj
cl: 命令行 warning D9025 :正在重写“/EHs”(用“/EHs-”)
cl: 命令行 warning D9025 :正在重写“/EHc”(用“/EHc-”)
[94/101] Building CXX object src\testcase\CMakeFiles\ink_tests.dir\execution\memory\class_storage_test.cpp.obj
cl: 命令行 warning D9025 :正在重写“/EHs”(用“/EHs-”)
cl: 命令行 warning D9025 :正在重写“/EHc”(用“/EHc-”)
[95/101] Building CXX object src\testcase\CMakeFiles\ink_tests.dir\execution\support\execution_diagnostic_test.cpp.obj
cl: 命令行 warning D9025 :正在重写“/EHs”(用“/EHs-”)
cl: 命令行 warning D9025 :正在重写“/EHc”(用“/EHc-”)
[96/101] Building CXX object src\testcase\CMakeFiles\ink_tests.dir\execution\value\execution_integer_test.cpp.obj
cl: 命令行 warning D9025 :正在重写“/EHs”(用“/EHs-”)
cl: 命令行 warning D9025 :正在重写“/EHc”(用“/EHc-”)
[97/101] Building CXX object src\testcase\CMakeFiles\ink_tests.dir\execution\support\execution_instruction_result_test.cpp.obj
cl: 命令行 warning D9025 :正在重写“/EHs”(用“/EHs-”)
cl: 命令行 warning D9025 :正在重写“/EHc”(用“/EHc-”)
[98/101] Building CXX object src\testcase\CMakeFiles\ink_tests.dir\execution\reflection\reflection_test.cpp.obj
cl: 命令行 warning D9025 :正在重写“/EHs”(用“/EHs-”)
cl: 命令行 warning D9025 :正在重写“/EHc”(用“/EHc-”)
[99/101] Building CXX object src\testcase\CMakeFiles\ink_tests.dir\execution\value\execution_value_test.cpp.obj
cl: 命令行 warning D9025 :正在重写“/EHs”(用“/EHs-”)
cl: 命令行 warning D9025 :正在重写“/EHc”(用“/EHc-”)
[100/101] Linking CXX executable src\testcase\ink_tests.exe
