Running main() from D:\github\ink\src\third_party\googletest\googletest\src\gtest_main.cc
Note: Google Test filter = SemanticClassTest.*:*ModuleImport*:*Reflection*:*SymbolIntegration*
[==========] Running 71 tests from 6 test suites.
[----------] Global test environment set-up.
[----------] 1 test from ParserTest
[ RUN      ] ParserTest.NativeSymbolsAndModuleImports
[       OK ] ParserTest.NativeSymbolsAndModuleImports (0 ms)
[----------] 1 test from ParserTest (0 ms total)

[----------] 26 tests from SemanticModuleImportTest
[ RUN      ] SemanticModuleImportTest.ImportsRealFunctionsWithAliases
[       OK ] SemanticModuleImportTest.ImportsRealFunctionsWithAliases (2 ms)
[ RUN      ] SemanticModuleImportTest.ResolvesQualifiedModuleCalls
[       OK ] SemanticModuleImportTest.ResolvesQualifiedModuleCalls (1 ms)
[ RUN      ] SemanticModuleImportTest.ResolvesMutualRecursionRegardlessOfInputOrder
[       OK ] SemanticModuleImportTest.ResolvesMutualRecursionRegardlessOfInputOrder (2 ms)
[ RUN      ] SemanticModuleImportTest.PreparesImportedComptimeDependenciesBeforeExecution
[       OK ] SemanticModuleImportTest.PreparesImportedComptimeDependenciesBeforeExecution (2 ms)
[ RUN      ] SemanticModuleImportTest.PreservesDefinitionSnapshotsAcrossModuleOrder
[       OK ] SemanticModuleImportTest.PreservesDefinitionSnapshotsAcrossModuleOrder (2 ms)
[ RUN      ] SemanticModuleImportTest.SupportsForwardDefinitionsWithoutImports
[       OK ] SemanticModuleImportTest.SupportsForwardDefinitionsWithoutImports (0 ms)
[ RUN      ] SemanticModuleImportTest.ExecutesComptimeAcrossRecursiveModuleGraph
[       OK ] SemanticModuleImportTest.ExecutesComptimeAcrossRecursiveModuleGraph (1 ms)
[ RUN      ] SemanticModuleImportTest.RejectsCyclicComptimeBodyDependency
[       OK ] SemanticModuleImportTest.RejectsCyclicComptimeBodyDependency (0 ms)
[ RUN      ] SemanticModuleImportTest.RejectsExecutingIncompleteLocalFunction
[       OK ] SemanticModuleImportTest.RejectsExecutingIncompleteLocalFunction (0 ms)
[ RUN      ] SemanticModuleImportTest.RejectsAdvancingInitializationPastActiveDefinition
[       OK ] SemanticModuleImportTest.RejectsAdvancingInitializationPastActiveDefinition (1 ms)
[ RUN      ] SemanticModuleImportTest.PreservesScopeDuringTopLevelComptimeReentry
[       OK ] SemanticModuleImportTest.PreservesScopeDuringTopLevelComptimeReentry (1 ms)
[ RUN      ] SemanticModuleImportTest.RejectsAdvancingInitializationPastActiveStatement
[       OK ] SemanticModuleImportTest.RejectsAdvancingInitializationPastActiveStatement (0 ms)
[ RUN      ] SemanticModuleImportTest.AllowsPrivateAliasesWithinDefiningModule
[       OK ] SemanticModuleImportTest.AllowsPrivateAliasesWithinDefiningModule (0 ms)
[ RUN      ] SemanticModuleImportTest.ResolvesRelativeImportsWithinSourceRoot
[       OK ] SemanticModuleImportTest.ResolvesRelativeImportsWithinSourceRoot (0 ms)
[ RUN      ] SemanticModuleImportTest.FiltersPrivateOverloadsBeforeResolution
[       OK ] SemanticModuleImportTest.FiltersPrivateOverloadsBeforeResolution (3 ms)
[ RUN      ] SemanticModuleImportTest.ReportsInvalidImportsAsUserErrors
[       OK ] SemanticModuleImportTest.ReportsInvalidImportsAsUserErrors (6 ms)
[ RUN      ] SemanticModuleImportTest.PreservesClassDefaultDefinitionSnapshot
[       OK ] SemanticModuleImportTest.PreservesClassDefaultDefinitionSnapshot (3 ms)
[ RUN      ] SemanticModuleImportTest.RejectsDuplicateModuleIdentities
[       OK ] SemanticModuleImportTest.RejectsDuplicateModuleIdentities (0 ms)
[ RUN      ] SemanticModuleImportTest.StoresFunctionVisibilityInIr
[       OK ] SemanticModuleImportTest.StoresFunctionVisibilityInIr (0 ms)
[ RUN      ] SemanticModuleImportTest.ImportsPublicCAbiDefinitionsAndKeepsPrivateExportsHidden
[       OK ] SemanticModuleImportTest.ImportsPublicCAbiDefinitionsAndKeepsPrivateExportsHidden (1 ms)
[ RUN      ] SemanticModuleImportTest.ImportsPublicNativeDeclarations
[       OK ] SemanticModuleImportTest.ImportsPublicNativeDeclarations (0 ms)
[ RUN      ] SemanticModuleImportTest.NativeImportsResolveExportedDefinitions
[       OK ] SemanticModuleImportTest.NativeImportsResolveExportedDefinitions (1 ms)
[ RUN      ] SemanticModuleImportTest.ConvertsComptimeStringsForCAbiDefinitions
[       OK ] SemanticModuleImportTest.ConvertsComptimeStringsForCAbiDefinitions (1 ms)
[ RUN      ] SemanticModuleImportTest.RejectsNativeImportExportSignatureMismatch
[       OK ] SemanticModuleImportTest.RejectsNativeImportExportSignatureMismatch (0 ms)
[ RUN      ] SemanticModuleImportTest.RejectsDuplicatePrivateNativeExportsAcrossModules
[       OK ] SemanticModuleImportTest.RejectsDuplicatePrivateNativeExportsAcrossModules (0 ms)
[ RUN      ] SemanticModuleImportTest.RejectsPrototypesAndPublicLocals
[       OK ] SemanticModuleImportTest.RejectsPrototypesAndPublicLocals (1 ms)
[----------] 26 tests from SemanticModuleImportTest (42 ms total)

[----------] 1 test from BytecodeLinkerTest
[ RUN      ] BytecodeLinkerTest.RejectsModuleImportAbiMismatches
[       OK ] BytecodeLinkerTest.RejectsModuleImportAbiMismatches (2 ms)
[----------] 1 test from BytecodeLinkerTest (2 ms total)

[----------] 9 tests from ReflectionTest
[ RUN      ] ReflectionTest.ConstructsAndInvokesWithCheckedFieldAccess
[       OK ] ReflectionTest.ConstructsAndInvokesWithCheckedFieldAccess (0 ms)
[ RUN      ] ReflectionTest.RetainsCallableMetadataThroughArchiveAndLink
[       OK ] ReflectionTest.RetainsCallableMetadataThroughArchiveAndLink (6 ms)
[ RUN      ] ReflectionTest.RejectsCorruptCallableMetadata
[       OK ] ReflectionTest.RejectsCorruptCallableMetadata (2 ms)
[ RUN      ] ReflectionTest.RoundTripsIRMemberAssociations
[       OK ] ReflectionTest.RoundTripsIRMemberAssociations (2 ms)
[ RUN      ] ReflectionTest.RetainsUnreferencedClassRoots
[       OK ] ReflectionTest.RetainsUnreferencedClassRoots (1 ms)
[ RUN      ] ReflectionTest.ProjectsArrayAndStringFields
[       OK ] ReflectionTest.ProjectsArrayAndStringFields (0 ms)
[ RUN      ] ReflectionTest.ResolvesMethodOverloads
[       OK ] ReflectionTest.ResolvesMethodOverloads (0 ms)
[ RUN      ] ReflectionTest.RejectsConflictingReflectedVisibility
[       OK ] ReflectionTest.RejectsConflictingReflectedVisibility (0 ms)
[ RUN      ] ReflectionTest.RemovesDestroyedMemberAssociations
[       OK ] ReflectionTest.RemovesDestroyedMemberAssociations (0 ms)
[----------] 9 tests from ReflectionTest (15 ms total)

[----------] 8 tests from SymbolIntegrationTest
[ RUN      ] SymbolIntegrationTest.StableAcrossOrderTriviaAndBodyChanges
[       OK ] SymbolIntegrationTest.StableAcrossOrderTriviaAndBodyChanges (2 ms)
[ RUN      ] SymbolIntegrationTest.SeparatesLexicalScopesAndParentOverloads
[       OK ] SymbolIntegrationTest.SeparatesLexicalScopesAndParentOverloads (4 ms)
[ RUN      ] SymbolIntegrationTest.SharesSymbolsAcrossLLVMBytecodeAndReflection
[       OK ] SymbolIntegrationTest.SharesSymbolsAcrossLLVMBytecodeAndReflection (26 ms)
[ RUN      ] SymbolIntegrationTest.InitializerUsesFieldName
D:\github\ink\src\testcase\backend\symbol_mangling_test.cpp(152): error: Value of: B.contains(Symbol)
  Actual: false
Expected: true

[  FAILED  ] SymbolIntegrationTest.InitializerUsesFieldName (5 ms)
[ RUN      ] SymbolIntegrationTest.BytecodeSeparatesPackageRevisions
[       OK ] SymbolIntegrationTest.BytecodeSeparatesPackageRevisions (4 ms)
[ RUN      ] SymbolIntegrationTest.IRArchivesPreserveIdentities
[       OK ] SymbolIntegrationTest.IRArchivesPreserveIdentities (5 ms)
[ RUN      ] SymbolIntegrationTest.RejectsConflictingNativeClassContracts
[       OK ] SymbolIntegrationTest.RejectsConflictingNativeClassContracts (1 ms)
[ RUN      ] SymbolIntegrationTest.RejectsForgedLogicalSignature
[       OK ] SymbolIntegrationTest.RejectsForgedLogicalSignature (1 ms)
[----------] 8 tests from SymbolIntegrationTest (51 ms total)

[----------] 26 tests from SemanticClassTest
[ RUN      ] SemanticClassTest.ConstructsDefaultsAndReadsWritesFields
[       OK ] SemanticClassTest.ConstructsDefaultsAndReadsWritesFields (2 ms)
[ RUN      ] SemanticClassTest.MutatesThisAndCallsOtherMethods
[       OK ] SemanticClassTest.MutatesThisAndCallsOtherMethods (3 ms)
[ RUN      ] SemanticClassTest.CopiesParametersReturnsAndConstReads
[       OK ] SemanticClassTest.CopiesParametersReturnsAndConstReads (1 ms)
[ RUN      ] SemanticClassTest.PreservesNestedFieldAddresses
[       OK ] SemanticClassTest.PreservesNestedFieldAddresses (4 ms)
[ RUN      ] SemanticClassTest.CallsMethodsOnTemporaryValues
[       OK ] SemanticClassTest.CallsMethodsOnTemporaryValues (1 ms)
[ RUN      ] SemanticClassTest.DispatchesDunderOperatorsOnSnapshots
[       OK ] SemanticClassTest.DispatchesDunderOperatorsOnSnapshots (5 ms)
[ RUN      ] SemanticClassTest.EvaluatesCompileTimeClassesAndMethods
[       OK ] SemanticClassTest.EvaluatesCompileTimeClassesAndMethods (9 ms)
[ RUN      ] SemanticClassTest.PredeclaresTypesAndSupportsPointerRecursion
[       OK ] SemanticClassTest.PredeclaresTypesAndSupportsPointerRecursion (3 ms)
[ RUN      ] SemanticClassTest.EnforcesPrivateMembers
[       OK ] SemanticClassTest.EnforcesPrivateMembers (3 ms)
[ RUN      ] SemanticClassTest.RejectsReadonlyReceiversAndThisShadowing
[       OK ] SemanticClassTest.RejectsReadonlyReceiversAndThisShadowing (3 ms)
[ RUN      ] SemanticClassTest.RejectsInvalidLayoutsAndConstruction
[       OK ] SemanticClassTest.RejectsInvalidLayoutsAndConstruction (6 ms)
[ RUN      ] SemanticClassTest.RequiresCompleteRuntimeTypeGraphs
[       OK ] SemanticClassTest.RequiresCompleteRuntimeTypeGraphs (8 ms)
[ RUN      ] SemanticClassTest.DefinesStableOperatorMethodMapping
[       OK ] SemanticClassTest.DefinesStableOperatorMethodMapping (0 ms)
[ RUN      ] SemanticClassTest.PreservesMethodEvaluationOrderAndOverloads
[       OK ] SemanticClassTest.PreservesMethodEvaluationOrderAndOverloads (2 ms)
[ RUN      ] SemanticClassTest.ImportsClassTypesAcrossModules
[       OK ] SemanticClassTest.ImportsClassTypesAcrossModules (1 ms)
[ RUN      ] SemanticClassTest.LifecycleConstructorSignatures
[       OK ] SemanticClassTest.LifecycleConstructorSignatures (5 ms)
[ RUN      ] SemanticClassTest.LifecycleDefiniteFieldInitialization
[       OK ] SemanticClassTest.LifecycleDefiniteFieldInitialization (3 ms)
[ RUN      ] SemanticClassTest.LifecycleDestroysLocalsAndConstObjects
[       OK ] SemanticClassTest.LifecycleDestroysLocalsAndConstObjects (1 ms)
[ RUN      ] SemanticClassTest.LifecycleCleansEarlyReturnAndConditionalInitialization
[       OK ] SemanticClassTest.LifecycleCleansEarlyReturnAndConditionalInitialization (1 ms)
[ RUN      ] SemanticClassTest.LifecycleTemporaryAndShortCircuit
[       OK ] SemanticClassTest.LifecycleTemporaryAndShortCircuit (1 ms)
[ RUN      ] SemanticClassTest.LifecycleTransfersReturnedTemporary
[       OK ] SemanticClassTest.LifecycleTransfersReturnedTemporary (1 ms)
[ RUN      ] SemanticClassTest.LifecycleOwnsValueParameters
[       OK ] SemanticClassTest.LifecycleOwnsValueParameters (1 ms)
[ RUN      ] SemanticClassTest.LifecycleDestroysReplacedValue
[       OK ] SemanticClassTest.LifecycleDestroysReplacedValue (1 ms)
[ RUN      ] SemanticClassTest.LifecycleDestroysNestedArrays
[       OK ] SemanticClassTest.LifecycleDestroysNestedArrays (2 ms)
[ RUN      ] SemanticClassTest.LifecycleRunsAtCompileTime
[       OK ] SemanticClassTest.LifecycleRunsAtCompileTime (2 ms)
[ RUN      ] SemanticClassTest.LifecycleRejectsInvalidHooks
[       OK ] SemanticClassTest.LifecycleRejectsInvalidHooks (2 ms)
[----------] 26 tests from SemanticClassTest (85 ms total)

[----------] Global test environment tear-down
[==========] 71 tests from 6 test suites ran. (198 ms total)
[  PASSED  ] 70 tests.
[  FAILED  ] 1 test, listed below:
[  FAILED  ] SymbolIntegrationTest.InitializerUsesFieldName

 1 FAILED TEST
