[0/2] Re-checking globbed directories...
[1/46] Building CXX object src\lib\semantic\CMakeFiles\ink_semantic.dir\analyzer\decl\analyzer_decl.cpp.obj
cl: 命令行 warning D9025 :正在重写“/EHs”(用“/EHs-”)
cl: 命令行 warning D9025 :正在重写“/EHc”(用“/EHc-”)
[2/46] Building CXX object src\lib\semantic\CMakeFiles\ink_semantic.dir\analyzer\decl\analyzer_enum.cpp.obj
cl: 命令行 warning D9025 :正在重写“/EHs”(用“/EHs-”)
cl: 命令行 warning D9025 :正在重写“/EHc”(用“/EHc-”)
[3/46] Building CXX object src\lib\semantic\CMakeFiles\ink_semantic.dir\analyzer\analyzer_evaluation.cpp.obj
cl: 命令行 warning D9025 :正在重写“/EHs”(用“/EHs-”)
cl: 命令行 warning D9025 :正在重写“/EHc”(用“/EHc-”)
[4/46] Building CXX object src\lib\semantic\CMakeFiles\ink_semantic.dir\analyzer\analyzer.cpp.obj
cl: 命令行 warning D9025 :正在重写“/EHs”(用“/EHs-”)
cl: 命令行 warning D9025 :正在重写“/EHc”(用“/EHc-”)
[5/46] Building CXX object src\lib\semantic\CMakeFiles\ink_semantic.dir\analyzer\analyzer_module_functions.cpp.obj
cl: 命令行 warning D9025 :正在重写“/EHs”(用“/EHs-”)
cl: 命令行 warning D9025 :正在重写“/EHc”(用“/EHc-”)
[6/46] Building CXX object src\lib\semantic\CMakeFiles\ink_semantic.dir\analyzer\decl\analyzer_function.cpp.obj
cl: 命令行 warning D9025 :正在重写“/EHs”(用“/EHs-”)
cl: 命令行 warning D9025 :正在重写“/EHc”(用“/EHc-”)
[7/46] Building CXX object src\lib\semantic\CMakeFiles\ink_semantic.dir\analyzer\analyzer_modules.cpp.obj
cl: 命令行 warning D9025 :正在重写“/EHs”(用“/EHs-”)
cl: 命令行 warning D9025 :正在重写“/EHc”(用“/EHc-”)
[8/46] Building CXX object src\lib\semantic\CMakeFiles\ink_semantic.dir\analyzer\decl\analyzer_class.cpp.obj
cl: 命令行 warning D9025 :正在重写“/EHs”(用“/EHs-”)
cl: 命令行 warning D9025 :正在重写“/EHc”(用“/EHc-”)
D:\github\ink\src\lib\semantic\analyzer\decl\analyzer_class.cpp(65): warning C4456: “Parent”的声明隐藏了上一个本地声明
D:\github\ink\src\lib\semantic\analyzer\decl\analyzer_class.cpp(53): note: 参见“Parent”的声明
[9/46] Building CXX object src\lib\semantic\CMakeFiles\ink_semantic.dir\analyzer\decl\analyzer_interface.cpp.obj
cl: 命令行 warning D9025 :正在重写“/EHs”(用“/EHs-”)
cl: 命令行 warning D9025 :正在重写“/EHc”(用“/EHc-”)
[10/46] Building CXX object src\lib\semantic\CMakeFiles\ink_semantic.dir\analyzer\decl\analyzer_variable.cpp.obj
cl: 命令行 warning D9025 :正在重写“/EHs”(用“/EHs-”)
cl: 命令行 warning D9025 :正在重写“/EHc”(用“/EHc-”)
[11/46] Building CXX object src\lib\semantic\CMakeFiles\ink_semantic.dir\analyzer\expr\analyzer_binary.cpp.obj
cl: 命令行 warning D9025 :正在重写“/EHs”(用“/EHs-”)
cl: 命令行 warning D9025 :正在重写“/EHc”(用“/EHc-”)
[12/46] Building CXX object src\lib\semantic\CMakeFiles\ink_semantic.dir\analyzer\expr\analyzer_array.cpp.obj
cl: 命令行 warning D9025 :正在重写“/EHs”(用“/EHs-”)
cl: 命令行 warning D9025 :正在重写“/EHc”(用“/EHc-”)
[13/46] Building CXX object src\lib\semantic\CMakeFiles\ink_semantic.dir\analyzer\decl\analyzer_lifecycle.cpp.obj
cl: 命令行 warning D9025 :正在重写“/EHs”(用“/EHs-”)
cl: 命令行 warning D9025 :正在重写“/EHc”(用“/EHc-”)
[14/46] Building CXX object src\lib\semantic\CMakeFiles\ink_semantic.dir\analyzer\expr\analyzer_expr.cpp.obj
cl: 命令行 warning D9025 :正在重写“/EHs”(用“/EHs-”)
cl: 命令行 warning D9025 :正在重写“/EHc”(用“/EHc-”)
[15/46] Building CXX object src\lib\semantic\CMakeFiles\ink_semantic.dir\analyzer\expr\analyzer_conversion.cpp.obj
cl: 命令行 warning D9025 :正在重写“/EHs”(用“/EHs-”)
cl: 命令行 warning D9025 :正在重写“/EHc”(用“/EHc-”)
[16/46] Building CXX object src\lib\semantic\CMakeFiles\ink_semantic.dir\analyzer\expr\analyzer_call.cpp.obj
cl: 命令行 warning D9025 :正在重写“/EHs”(用“/EHs-”)
cl: 命令行 warning D9025 :正在重写“/EHc”(用“/EHc-”)
[17/46] Building CXX object src\lib\semantic\CMakeFiles\ink_semantic.dir\analyzer\expr\analyzer_literal.cpp.obj
cl: 命令行 warning D9025 :正在重写“/EHs”(用“/EHs-”)
cl: 命令行 warning D9025 :正在重写“/EHc”(用“/EHc-”)
[18/46] Building CXX object src\lib\semantic\CMakeFiles\ink_semantic.dir\analyzer\expr\analyzer_paren.cpp.obj
cl: 命令行 warning D9025 :正在重写“/EHs”(用“/EHs-”)
cl: 命令行 warning D9025 :正在重写“/EHc”(用“/EHc-”)
[19/46] Building CXX object src\lib\semantic\CMakeFiles\ink_semantic.dir\analyzer\expr\analyzer_name.cpp.obj
cl: 命令行 warning D9025 :正在重写“/EHs”(用“/EHs-”)
cl: 命令行 warning D9025 :正在重写“/EHc”(用“/EHc-”)
[20/46] Building CXX object src\lib\semantic\CMakeFiles\ink_semantic.dir\analyzer\expr\analyzer_unary.cpp.obj
cl: 命令行 warning D9025 :正在重写“/EHs”(用“/EHs-”)
cl: 命令行 warning D9025 :正在重写“/EHc”(用“/EHc-”)
[21/46] Building CXX object src\lib\semantic\CMakeFiles\ink_semantic.dir\analyzer\expr\analyzer_update.cpp.obj
cl: 命令行 warning D9025 :正在重写“/EHs”(用“/EHs-”)
cl: 命令行 warning D9025 :正在重写“/EHc”(用“/EHc-”)
[22/46] Building CXX object src\lib\semantic\CMakeFiles\ink_semantic.dir\analyzer\expr\analyzer_member.cpp.obj
cl: 命令行 warning D9025 :正在重写“/EHs”(用“/EHs-”)
cl: 命令行 warning D9025 :正在重写“/EHc”(用“/EHc-”)
[23/46] Building CXX object src\lib\semantic\CMakeFiles\ink_semantic.dir\analyzer\stmt\analyzer_assignment.cpp.obj
cl: 命令行 warning D9025 :正在重写“/EHs”(用“/EHs-”)
cl: 命令行 warning D9025 :正在重写“/EHc”(用“/EHc-”)
[24/46] Building CXX object src\lib\semantic\CMakeFiles\ink_semantic.dir\analyzer\stmt\analyzer_array_assignment.cpp.obj
cl: 命令行 warning D9025 :正在重写“/EHs”(用“/EHs-”)
cl: 命令行 warning D9025 :正在重写“/EHc”(用“/EHc-”)
[25/46] Building CXX object src\lib\semantic\CMakeFiles\ink_semantic.dir\analyzer\stmt\analyzer_break.cpp.obj
cl: 命令行 warning D9025 :正在重写“/EHs”(用“/EHs-”)
cl: 命令行 warning D9025 :正在重写“/EHc”(用“/EHc-”)
[26/46] Building CXX object src\lib\semantic\CMakeFiles\ink_semantic.dir\analyzer\stmt\analyzer_classic_for.cpp.obj
cl: 命令行 warning D9025 :正在重写“/EHs”(用“/EHs-”)
cl: 命令行 warning D9025 :正在重写“/EHc”(用“/EHc-”)
[27/46] Building CXX object src\lib\semantic\CMakeFiles\ink_semantic.dir\analyzer\stmt\analyzer_continue.cpp.obj
cl: 命令行 warning D9025 :正在重写“/EHs”(用“/EHs-”)
cl: 命令行 warning D9025 :正在重写“/EHc”(用“/EHc-”)
[28/46] Building CXX object src\lib\semantic\CMakeFiles\ink_semantic.dir\analyzer\stmt\analyzer_defer.cpp.obj
cl: 命令行 warning D9025 :正在重写“/EHs”(用“/EHs-”)
cl: 命令行 warning D9025 :正在重写“/EHc”(用“/EHc-”)
[29/46] Building CXX object src\lib\semantic\CMakeFiles\ink_semantic.dir\analyzer\stmt\analyzer_for_in.cpp.obj
cl: 命令行 warning D9025 :正在重写“/EHs”(用“/EHs-”)
cl: 命令行 warning D9025 :正在重写“/EHc”(用“/EHc-”)
[30/46] Building CXX object src\lib\semantic\CMakeFiles\ink_semantic.dir\analyzer\stmt\analyzer_return.cpp.obj
cl: 命令行 warning D9025 :正在重写“/EHs”(用“/EHs-”)
cl: 命令行 warning D9025 :正在重写“/EHc”(用“/EHc-”)
[31/46] Building CXX object src\lib\semantic\CMakeFiles\ink_semantic.dir\analyzer\stmt\analyzer_if.cpp.obj
cl: 命令行 warning D9025 :正在重写“/EHs”(用“/EHs-”)
cl: 命令行 warning D9025 :正在重写“/EHc”(用“/EHc-”)
[32/46] Building CXX object src\lib\semantic\CMakeFiles\ink_semantic.dir\analyzer\stmt\analyzer_import.cpp.obj
cl: 命令行 warning D9025 :正在重写“/EHs”(用“/EHs-”)
cl: 命令行 warning D9025 :正在重写“/EHc”(用“/EHc-”)
[33/46] Building CXX object src\lib\semantic\CMakeFiles\ink_semantic.dir\analyzer\stmt\analyzer_stmt.cpp.obj
cl: 命令行 warning D9025 :正在重写“/EHs”(用“/EHs-”)
cl: 命令行 warning D9025 :正在重写“/EHc”(用“/EHc-”)
[34/46] Building CXX object src\lib\semantic\CMakeFiles\ink_semantic.dir\analyzer\stmt\analyzer_switch.cpp.obj
cl: 命令行 warning D9025 :正在重写“/EHs”(用“/EHs-”)
cl: 命令行 warning D9025 :正在重写“/EHc”(用“/EHc-”)
[35/46] Building CXX object src\lib\semantic\CMakeFiles\ink_semantic.dir\analyzer\stmt\analyzer_while.cpp.obj
cl: 命令行 warning D9025 :正在重写“/EHs”(用“/EHs-”)
cl: 命令行 warning D9025 :正在重写“/EHc”(用“/EHc-”)
[36/46] Building CXX object src\lib\semantic\CMakeFiles\ink_semantic.dir\analyzer\stmt\analyzer_yield.cpp.obj
cl: 命令行 warning D9025 :正在重写“/EHs”(用“/EHs-”)
cl: 命令行 warning D9025 :正在重写“/EHc”(用“/EHc-”)
[37/46] Building CXX object src\lib\semantic\CMakeFiles\ink_semantic.dir\analyzer\type\analyzer_type.cpp.obj
cl: 命令行 warning D9025 :正在重写“/EHs”(用“/EHs-”)
cl: 命令行 warning D9025 :正在重写“/EHc”(用“/EHc-”)
[38/46] Building CXX object src\tools\inkc\CMakeFiles\inkc.dir\source_modules.cpp.obj
cl: 命令行 warning D9025 :正在重写“/EHs”(用“/EHs-”)
cl: 命令行 warning D9025 :正在重写“/EHc”(用“/EHc-”)
[39/46] Linking CXX static library src\lib\semantic\ink_semantic.lib
[40/46] Linking CXX executable src\tools\inkc\inkc.exe
[41/46] Building CXX object src\testcase\CMakeFiles\ink_tests.dir\semantic\class_test.cpp.obj
cl: 命令行 warning D9025 :正在重写“/EHs”(用“/EHs-”)
cl: 命令行 warning D9025 :正在重写“/EHc”(用“/EHc-”)
[42/46] Building CXX object src\testcase\CMakeFiles\ink_tests.dir\semantic\module_import_test.cpp.obj
cl: 命令行 warning D9025 :正在重写“/EHs”(用“/EHs-”)
cl: 命令行 warning D9025 :正在重写“/EHc”(用“/EHc-”)
[43/46] Building CXX object src\testcase\CMakeFiles\ink_tests.dir\execution\reflection\reflection_test.cpp.obj
cl: 命令行 warning D9025 :正在重写“/EHs”(用“/EHs-”)
cl: 命令行 warning D9025 :正在重写“/EHc”(用“/EHc-”)
[44/46] Building CXX object src\testcase\CMakeFiles\ink_tests.dir\backend\symbol_mangling_test.cpp.obj
cl: 命令行 warning D9025 :正在重写“/EHs”(用“/EHs-”)
cl: 命令行 warning D9025 :正在重写“/EHc”(用“/EHc-”)
[45/46] Linking CXX executable src\testcase\ink_tests.exe
