Running main() from D:\github\ink\src\third_party\googletest\googletest\src\gtest_main.cc
Note: Google Test filter = SemanticClassTest.Lifecycle*:-SemanticClassTest.LifecycleDefiniteFieldInitialization
[==========] Running 10 tests from 1 test suite.
[----------] Global test environment set-up.
[----------] 10 tests from SemanticClassTest
[ RUN      ] SemanticClassTest.LifecycleConstructorSignatures
[       OK ] SemanticClassTest.LifecycleConstructorSignatures (24 ms)
[ RUN      ] SemanticClassTest.LifecycleDestroysLocalsAndConstObjects
[       OK ] SemanticClassTest.LifecycleDestroysLocalsAndConstObjects (1 ms)
[ RUN      ] SemanticClassTest.LifecycleCleansEarlyReturnAndConditionalInitialization
[       OK ] SemanticClassTest.LifecycleCleansEarlyReturnAndConditionalInitialization (2 ms)
[ RUN      ] SemanticClassTest.LifecycleTemporaryAndShortCircuit
[       OK ] SemanticClassTest.LifecycleTemporaryAndShortCircuit (1 ms)
[ RUN      ] SemanticClassTest.LifecycleTransfersReturnedTemporary
[       OK ] SemanticClassTest.LifecycleTransfersReturnedTemporary (1 ms)
[ RUN      ] SemanticClassTest.LifecycleOwnsValueParameters
[       OK ] SemanticClassTest.LifecycleOwnsValueParameters (1 ms)
[ RUN      ] SemanticClassTest.LifecycleDestroysReplacedValue
[       OK ] SemanticClassTest.LifecycleDestroysReplacedValue (1 ms)
[ RUN      ] SemanticClassTest.LifecycleDestroysNestedArrays
[       OK ] SemanticClassTest.LifecycleDestroysNestedArrays (2 ms)
[ RUN      ] SemanticClassTest.LifecycleRunsAtCompileTime
[       OK ] SemanticClassTest.LifecycleRunsAtCompileTime (2 ms)
[ RUN      ] SemanticClassTest.LifecycleRejectsInvalidHooks
[       OK ] SemanticClassTest.LifecycleRejectsInvalidHooks (2 ms)
[----------] 10 tests from SemanticClassTest (43 ms total)

[----------] Global test environment tear-down
[==========] 10 tests from 1 test suite ran. (44 ms total)
[  PASSED  ] 10 tests.
