Test project D:/github/ink/build
    Start 3959: AOTClassTest.Loops
1/2 Test #3959: AOTClassTest.Loops ...............***Failed    0.19 sec
CMake Error at D:/github/ink/src/testcase/backend/aot_program_test.cmake:35 (message):
  AOT O0 link failed (1181): LINK : fatal error LNK1181:
  鏃犳硶鎵撳紑杈撳叆鏂囦欢鈥渒ernel32.lib鈥?

  ; artifacts: D:/github/ink/build/src/testcase/class-aot/4814f3a60ad2
Call Stack (most recent call first):
  D:/github/ink/src/testcase/backend/aot_program_test.cmake:71 (require_success)



    Start 3960: AOTClassTest.LoopLifecycle
2/2 Test #3960: AOTClassTest.LoopLifecycle .......***Failed    0.17 sec
CMake Error at D:/github/ink/src/testcase/backend/aot_program_test.cmake:35 (message):
  AOT O0 link failed (1181): LINK : fatal error LNK1181:
  鏃犳硶鎵撳紑杈撳叆鏂囦欢鈥渒ernel32.lib鈥?

  ; artifacts: D:/github/ink/build/src/testcase/class-aot/5f3065cfded8
Call Stack (most recent call first):
  D:/github/ink/src/testcase/backend/aot_program_test.cmake:71 (require_success)




0% tests passed, 2 tests failed out of 2

Label Time Summary:
aot             =   0.36 sec*proc (2 tests)
control_flow    =   0.36 sec*proc (2 tests)
differential    =   0.36 sec*proc (2 tests)
loops           =   0.36 sec*proc (2 tests)

Total Test time (real) =   0.65 sec

The following tests FAILED:
	3959 - AOTClassTest.Loops (Failed)                       aot control_flow differential loops
	3960 - AOTClassTest.LoopLifecycle (Failed)               aot control_flow differential loops
Errors while running CTest
