Test project D:/github/ink/build
        Start 4138: AOTClassTest.LoopLifecycle
        Start 4137: AOTClassTest.Loops
        Start 4117: ExecutionMultiFileTest.native_link
        Start 4116: ExecutionMultiFileTest.native_boundaries
  1/165 Test #4117: ExecutionMultiFileTest.native_link ..................................   Passed    0.36 sec
        Start 4107: ExecutionMultiFileTest.comptime_imports
  2/165 Test #4116: ExecutionMultiFileTest.native_boundaries ............................   Passed    0.36 sec
        Start 4106: ExecutionMultiFileTest.chain
  3/165 Test #4107: ExecutionMultiFileTest.comptime_imports .............................   Passed    0.38 sec
        Start 4115: ExecutionMultiFileTest.mutual_calls
  4/165 Test #4106: ExecutionMultiFileTest.chain ........................................   Passed    0.40 sec
        Start 4120: ExecutionMultiFileTest.private_isolation
  5/165 Test #4137: AOTClassTest.Loops ..................................................   Passed    1.02 sec
        Start 4121: ExecutionMultiFileTest.qualified_modules
  6/165 Test #4115: ExecutionMultiFileTest.mutual_calls .................................   Passed    0.36 sec
        Start 4122: ExecutionMultiFileTest.relative_imports
  7/165 Test #4120: ExecutionMultiFileTest.private_isolation ............................   Passed    0.35 sec
        Start 4109: ExecutionMultiFileTest.extern_declaration
  8/165 Test #4121: ExecutionMultiFileTest.qualified_modules ............................   Passed    0.26 sec
        Start 4123: ExecutionMultiFileTest.shared_memory
  9/165 Test #4109: ExecutionMultiFileTest.extern_declaration ...........................   Passed    0.21 sec
        Start 4118: ExecutionMultiFileTest.overloads
 10/165 Test #4122: ExecutionMultiFileTest.relative_imports .............................   Passed    0.25 sec
        Start 4113: ExecutionMultiFileTest.module_access
 11/165 Test #4138: AOTClassTest.LoopLifecycle ..........................................   Passed    1.43 sec
        Start 4108: ExecutionMultiFileTest.duplicate_definition
 12/165 Test #4123: ExecutionMultiFileTest.shared_memory ................................   Passed    0.23 sec
        Start 3980: ExecutionSourceTest.Logical.Main.TruthTables
 13/165 Test #4108: ExecutionMultiFileTest.duplicate_definition .........................   Passed    0.11 sec
        Start 4110: ExecutionMultiFileTest.forbidden_declaration
 14/165 Test #4118: ExecutionMultiFileTest.overloads ....................................   Passed    0.21 sec
        Start 4111: ExecutionMultiFileTest.missing_module
 15/165 Test #4113: ExecutionMultiFileTest.module_access ................................   Passed    0.23 sec
        Start 4105: ExecutionMultiFileTest.ambiguous_import
 16/165 Test #3980: ExecutionSourceTest.Logical.Main.TruthTables ........................   Passed    0.07 sec
        Start 3979: ExecutionSourceTest.HelloWorld
 17/165 Test #4110: ExecutionMultiFileTest.forbidden_declaration ........................   Passed    0.10 sec
        Start 4112: ExecutionMultiFileTest.missing_symbol
 18/165 Test #3979: ExecutionSourceTest.HelloWorld ......................................   Passed    0.07 sec
        Start 4119: ExecutionMultiFileTest.private_access_denied
 19/165 Test #4111: ExecutionMultiFileTest.missing_module ...............................   Passed    0.11 sec
        Start 4124: ExecutionMultiFileTest.signature_mismatch
 20/165 Test #4105: ExecutionMultiFileTest.ambiguous_import .............................   Passed    0.12 sec
        Start 4114: ExecutionMultiFileTest.module_access_denied
 21/165 Test #4112: ExecutionMultiFileTest.missing_symbol ...............................   Passed    0.09 sec
        Start 3981: ExecutionSourceTest.Logical.Main.Comparisons
 22/165 Test #4119: ExecutionMultiFileTest.private_access_denied ........................   Passed    0.09 sec
        Start 3993: ExecutionSourceTest.Function.Main.Storage
 23/165 Test #4124: ExecutionMultiFileTest.signature_mismatch ...........................   Passed    0.10 sec
        Start 4079: ExecutionSourceTest.Function.Invalid.NoMatchingOverload
 24/165 Test #3981: ExecutionSourceTest.Logical.Main.Comparisons ........................   Passed    0.08 sec
        Start 3990: ExecutionSourceTest.Arithmetic.Main.Contexts
 25/165 Test #4114: ExecutionMultiFileTest.module_access_denied .........................   Passed    0.10 sec
        Start 3989: ExecutionSourceTest.Arithmetic.Main.Widths
 26/165 Test #3993: ExecutionSourceTest.Function.Main.Storage ...........................   Passed    0.07 sec
        Start 3982: ExecutionSourceTest.Logical.Main.Contexts
 27/165 Test #4079: ExecutionSourceTest.Function.Invalid.NoMatchingOverload .............   Passed    0.08 sec
        Start 4089: ExecutionSourceTest.Function.Invalid.MissingBody
 28/165 Test #3990: ExecutionSourceTest.Arithmetic.Main.Contexts ........................   Passed    0.07 sec
        Start 4077: ExecutionSourceTest.Function.Invalid.ArgumentWidth
 29/165 Test #3989: ExecutionSourceTest.Arithmetic.Main.Widths ..........................   Passed    0.07 sec
        Start 3985: ExecutionSourceTest.Logical.Main.Effects
 30/165 Test #3982: ExecutionSourceTest.Logical.Main.Contexts ...........................   Passed    0.07 sec
        Start 3988: ExecutionSourceTest.Comptime.Main.ControlFlow
 31/165 Test #4089: ExecutionSourceTest.Function.Invalid.MissingBody ....................   Passed    0.07 sec
        Start 4078: ExecutionSourceTest.Function.Invalid.AmbiguousOverload
 32/165 Test #4077: ExecutionSourceTest.Function.Invalid.ArgumentWidth ..................   Passed    0.07 sec
        Start 3987: ExecutionSourceTest.ControlFlow.Main.Branches
 33/165 Test #3985: ExecutionSourceTest.Logical.Main.Effects ............................   Passed    0.07 sec
        Start 4081: ExecutionSourceTest.Function.Invalid.EmptyReturn
 34/165 Test #3988: ExecutionSourceTest.Comptime.Main.ControlFlow .......................   Passed    0.07 sec
        Start 3995: ExecutionSourceTest.Memory.Main.AddressOf
 35/165 Test #4078: ExecutionSourceTest.Function.Invalid.AmbiguousOverload ..............   Passed    0.07 sec
        Start 3996: ExecutionSourceTest.External.Main.Scalars
 36/165 Test #3987: ExecutionSourceTest.ControlFlow.Main.Branches .......................   Passed    0.07 sec
        Start 3984: ExecutionSourceTest.Logical.Main.Comptime
 37/165 Test #4081: ExecutionSourceTest.Function.Invalid.EmptyReturn ....................   Passed    0.07 sec
        Start 4088: ExecutionSourceTest.Function.Invalid.DuplicateDefinition
 38/165 Test #3995: ExecutionSourceTest.Memory.Main.AddressOf ...........................   Passed    0.08 sec
        Start 4087: ExecutionSourceTest.Function.Invalid.DuplicateParameter
 39/165 Test #3996: ExecutionSourceTest.External.Main.Scalars ...........................   Passed    0.07 sec
        Start 4082: ExecutionSourceTest.Function.Invalid.VoidReturn
 40/165 Test #3984: ExecutionSourceTest.Logical.Main.Comptime ...........................   Passed    0.07 sec
        Start 3983: ExecutionSourceTest.Logical.Main.ShortCircuit
 41/165 Test #4088: ExecutionSourceTest.Function.Invalid.DuplicateDefinition ............   Passed    0.07 sec
        Start 4086: ExecutionSourceTest.Function.Invalid.NotCallable
 42/165 Test #4087: ExecutionSourceTest.Function.Invalid.DuplicateParameter .............   Passed    0.07 sec
        Start 4075: ExecutionSourceTest.Function.Invalid.ExtraArgument
 43/165 Test #4082: ExecutionSourceTest.Function.Invalid.VoidReturn .....................   Passed    0.07 sec
        Start 3992: ExecutionSourceTest.Function.Main.Calls
 44/165 Test #3983: ExecutionSourceTest.Logical.Main.ShortCircuit .......................   Passed    0.07 sec
        Start 4076: ExecutionSourceTest.Function.Invalid.ArgumentType
 45/165 Test #4086: ExecutionSourceTest.Function.Invalid.NotCallable ....................   Passed    0.07 sec
        Start 4080: ExecutionSourceTest.Function.Invalid.MissingReturn
 46/165 Test #4075: ExecutionSourceTest.Function.Invalid.ExtraArgument ..................   Passed    0.08 sec
        Start 3994: ExecutionSourceTest.Function.Main.Effects
 47/165 Test #3992: ExecutionSourceTest.Function.Main.Calls .............................   Passed    0.08 sec
        Start 3991: ExecutionSourceTest.Arithmetic.Main.Comptime
 48/165 Test #4076: ExecutionSourceTest.Function.Invalid.ArgumentType ...................   Passed    0.08 sec
        Start 4085: ExecutionSourceTest.Function.Invalid.Capture
 49/165 Test #4080: ExecutionSourceTest.Function.Invalid.MissingReturn ..................   Passed    0.08 sec
        Start 4073: ExecutionSourceTest.Arithmetic.Invalid.ShiftWidth
 50/165 Test #3991: ExecutionSourceTest.Arithmetic.Main.Comptime ........................   Passed    0.08 sec
 51/165 Test #3994: ExecutionSourceTest.Function.Main.Effects ...........................   Passed    0.09 sec
        Start 4054: ExecutionSourceTest.Logical.Invalid.CompareBoolOrder
        Start 4064: ExecutionSourceTest.Arithmetic.Invalid.Signedness
 52/165 Test #4085: ExecutionSourceTest.Function.Invalid.Capture ........................   Passed    0.08 sec
        Start 4084: ExecutionSourceTest.Function.Invalid.VoidValue
 53/165 Test #4073: ExecutionSourceTest.Arithmetic.Invalid.ShiftWidth ...................   Passed    0.08 sec
        Start 4053: ExecutionSourceTest.Logical.Invalid.CompareSignedness
 54/165 Test #4054: ExecutionSourceTest.Logical.Invalid.CompareBoolOrder ................   Passed    0.08 sec
        Start 4083: ExecutionSourceTest.Function.Invalid.ReturnType
 55/165 Test #4064: ExecutionSourceTest.Arithmetic.Invalid.Signedness ...................   Passed    0.08 sec
        Start 4074: ExecutionSourceTest.Function.Invalid.MissingArgument
 56/165 Test #4084: ExecutionSourceTest.Function.Invalid.VoidValue ......................   Passed    0.07 sec
        Start 3997: ExecutionSourceTest.External.Main.Comptime
 57/165 Test #4053: ExecutionSourceTest.Logical.Invalid.CompareSignedness ...............   Passed    0.07 sec
        Start 4068: ExecutionSourceTest.Arithmetic.Invalid.UnsignedNegative
 58/165 Test #4083: ExecutionSourceTest.Function.Invalid.ReturnType .....................   Passed    0.07 sec
        Start 3998: ExecutionSourceTest.External.Main.Strings
 59/165 Test #4074: ExecutionSourceTest.Function.Invalid.MissingArgument ................   Passed    0.07 sec
        Start 4002: ExecutionSourceTest.External.Invalid.ComptimeMissingSymbol
 60/165 Test #3997: ExecutionSourceTest.External.Main.Comptime ..........................   Passed    0.07 sec
        Start 4001: ExecutionSourceTest.External.Invalid.MissingSymbol
 61/165 Test #4068: ExecutionSourceTest.Arithmetic.Invalid.UnsignedNegative .............   Passed    0.09 sec
        Start 4046: ExecutionSourceTest.External.Invalid.RuntimeEmbeddedNul
 62/165 Test #3998: ExecutionSourceTest.External.Main.Strings ...........................   Passed    0.08 sec
        Start 3999: ExecutionSourceTest.External.Main.Pointers
 63/165 Test #4002: ExecutionSourceTest.External.Invalid.ComptimeMissingSymbol ..........   Passed    0.09 sec
        Start 4044: ExecutionSourceTest.External.Invalid.ArgumentType
 64/165 Test #4001: ExecutionSourceTest.External.Invalid.MissingSymbol ..................   Passed    0.10 sec
        Start 4000: ExecutionSourceTest.External.Main.Effects
 65/165 Test #4046: ExecutionSourceTest.External.Invalid.RuntimeEmbeddedNul .............   Passed    0.09 sec
        Start 4045: ExecutionSourceTest.External.Invalid.ArgumentCount
 66/165 Test #3999: ExecutionSourceTest.External.Main.Pointers ..........................   Passed    0.09 sec
        Start 4056: ExecutionSourceTest.Logical.ShortCircuit.reach_or
 67/165 Test #4044: ExecutionSourceTest.External.Invalid.ArgumentType ...................   Passed    0.08 sec
        Start 4057: ExecutionSourceTest.Logical.ShortCircuit.nested_reach
 68/165 Test #4000: ExecutionSourceTest.External.Main.Effects ...........................   Passed    0.08 sec
        Start 4058: ExecutionSourceTest.ControlFlow.Invalid.Condition
 69/165 Test #4045: ExecutionSourceTest.External.Invalid.ArgumentCount ..................   Passed    0.07 sec
        Start 3986: ExecutionSourceTest.Logical.Main.NestedTruthTables
 70/165 Test #4056: ExecutionSourceTest.Logical.ShortCircuit.reach_or ...................   Passed    0.07 sec
        Start 4070: ExecutionSourceTest.Arithmetic.Invalid.DivisionZero
 71/165 Test #4057: ExecutionSourceTest.Logical.ShortCircuit.nested_reach ...............   Passed    0.08 sec
        Start 4055: ExecutionSourceTest.Logical.ShortCircuit.reach_and
 72/165 Test #4058: ExecutionSourceTest.ControlFlow.Invalid.Condition ...................   Passed    0.08 sec
        Start 4067: ExecutionSourceTest.Arithmetic.Invalid.SignedMinimum
 73/165 Test #3986: ExecutionSourceTest.Logical.Main.NestedTruthTables ..................   Passed    0.08 sec
        Start 4063: ExecutionSourceTest.Arithmetic.Invalid.Widths
 74/165 Test #4070: ExecutionSourceTest.Arithmetic.Invalid.DivisionZero .................   Passed    0.09 sec
        Start 4065: ExecutionSourceTest.Arithmetic.Invalid.Bool
 75/165 Test #4055: ExecutionSourceTest.Logical.ShortCircuit.reach_and ..................   Passed    0.08 sec
        Start 4050: ExecutionSourceTest.Logical.Invalid.OrLeftInteger
 76/165 Test #4067: ExecutionSourceTest.Arithmetic.Invalid.SignedMinimum ................   Passed    0.08 sec
        Start 4061: ExecutionSourceTest.ControlFlow.Invalid.EscapedLocal
 77/165 Test #4063: ExecutionSourceTest.Arithmetic.Invalid.Widths .......................   Passed    0.08 sec
        Start 4051: ExecutionSourceTest.Logical.Invalid.SkippedOrRightInteger
 78/165 Test #4065: ExecutionSourceTest.Arithmetic.Invalid.Bool .........................   Passed    0.08 sec
        Start 4071: ExecutionSourceTest.Arithmetic.Invalid.RemainderZero
 79/165 Test #4050: ExecutionSourceTest.Logical.Invalid.OrLeftInteger ...................   Passed    0.09 sec
 80/165 Test #4061: ExecutionSourceTest.ControlFlow.Invalid.EscapedLocal ................   Passed    0.08 sec
        Start 4049: ExecutionSourceTest.Logical.Invalid.SkippedAndRightInteger
        Start 4066: ExecutionSourceTest.Arithmetic.Invalid.SignedRange
 81/165 Test #4051: ExecutionSourceTest.Logical.Invalid.SkippedOrRightInteger ...........   Passed    0.07 sec
        Start 4052: ExecutionSourceTest.Logical.Invalid.CompareWidths
 82/165 Test #4071: ExecutionSourceTest.Arithmetic.Invalid.RemainderZero ................   Passed    0.07 sec
        Start 4062: ExecutionSourceTest.ControlFlow.Invalid.UnselectedRuntimeName
 83/165 Test #4049: ExecutionSourceTest.Logical.Invalid.SkippedAndRightInteger ..........   Passed    0.07 sec
        Start 4004: ExecutionSourceTest.External.Invalid.UnsupportedFloat
 84/165 Test #4066: ExecutionSourceTest.Arithmetic.Invalid.SignedRange ..................   Passed    0.08 sec
        Start 4072: ExecutionSourceTest.Arithmetic.Invalid.ShiftNegative
 85/165 Test #4052: ExecutionSourceTest.Logical.Invalid.CompareWidths ...................   Passed    0.08 sec
        Start 4003: ExecutionSourceTest.External.Invalid.UnsupportedInteger
 86/165 Test #4062: ExecutionSourceTest.ControlFlow.Invalid.UnselectedRuntimeName .......   Passed    0.07 sec
        Start 4048: ExecutionSourceTest.Logical.Invalid.AndLeftInteger
 87/165 Test #4004: ExecutionSourceTest.External.Invalid.UnsupportedFloat ...............   Passed    0.08 sec
        Start 4069: ExecutionSourceTest.Arithmetic.Invalid.UnsignedRange
 88/165 Test #4072: ExecutionSourceTest.Arithmetic.Invalid.ShiftNegative ................   Passed    0.08 sec
        Start 4047: ExecutionSourceTest.Logical.Invalid.NotInteger
 89/165 Test #4003: ExecutionSourceTest.External.Invalid.UnsupportedInteger .............   Passed    0.08 sec
        Start 4060: ExecutionSourceTest.ControlFlow.Invalid.UninitializedReturningArm
 90/165 Test #4048: ExecutionSourceTest.Logical.Invalid.AndLeftInteger ..................   Passed    0.08 sec
        Start 4059: ExecutionSourceTest.ControlFlow.Invalid.UninitializedMerge
 91/165 Test #4069: ExecutionSourceTest.Arithmetic.Invalid.UnsignedRange ................   Passed    0.09 sec
        Start 4005: ExecutionSourceTest.External.Raw.EscapedPointer
 92/165 Test #4047: ExecutionSourceTest.Logical.Invalid.NotInteger ......................   Passed    0.08 sec
        Start 4006: ExecutionSourceTest.Array.Main.Basics
 93/165 Test #4060: ExecutionSourceTest.ControlFlow.Invalid.UninitializedReturningArm ...   Passed    0.08 sec
        Start 4007: ExecutionSourceTest.Array.Main.Widths
 94/165 Test #4059: ExecutionSourceTest.ControlFlow.Invalid.UninitializedMerge ..........   Passed    0.08 sec
        Start 4008: ExecutionSourceTest.Array.Main.Values
 95/165 Test #4005: ExecutionSourceTest.External.Raw.EscapedPointer .....................   Passed    0.09 sec
        Start 4009: ExecutionSourceTest.Array.Main.Effects
 96/165 Test #4006: ExecutionSourceTest.Array.Main.Basics ...............................   Passed    0.18 sec
        Start 4010: ExecutionSourceTest.Array.Main.Comptime
 97/165 Test #4007: ExecutionSourceTest.Array.Main.Widths ...............................   Passed    0.18 sec
        Start 4011: ExecutionSourceTest.Array.Main.Read
 98/165 Test #4008: ExecutionSourceTest.Array.Main.Values ...............................   Passed    0.17 sec
        Start 4012: ExecutionSourceTest.Array.Invalid.EmptyInference
 99/165 Test #4009: ExecutionSourceTest.Array.Main.Effects ..............................   Passed    0.17 sec
        Start 4013: ExecutionSourceTest.Array.Invalid.NegativeLength
100/165 Test #4012: ExecutionSourceTest.Array.Invalid.EmptyInference ....................   Passed    0.09 sec
        Start 4014: ExecutionSourceTest.Array.Invalid.BoolLength
101/165 Test #4013: ExecutionSourceTest.Array.Invalid.NegativeLength ....................   Passed    0.09 sec
        Start 4015: ExecutionSourceTest.Array.Invalid.FloatLength
102/165 Test #4011: ExecutionSourceTest.Array.Main.Read .................................   Passed    0.17 sec
        Start 4016: ExecutionSourceTest.Array.Invalid.UnrepresentableLength
103/165 Test #4014: ExecutionSourceTest.Array.Invalid.BoolLength ........................   Passed    0.07 sec
        Start 4017: ExecutionSourceTest.Array.Invalid.ExcessiveLength
104/165 Test #4010: ExecutionSourceTest.Array.Main.Comptime .............................   Passed    0.21 sec
        Start 4018: ExecutionSourceTest.Array.Invalid.RuntimeLength
105/165 Test #4015: ExecutionSourceTest.Array.Invalid.FloatLength .......................   Passed    0.07 sec
        Start 4019: ExecutionSourceTest.Array.Invalid.StorageOverflow
106/165 Test #4016: ExecutionSourceTest.Array.Invalid.UnrepresentableLength .............   Passed    0.08 sec
        Start 4020: ExecutionSourceTest.Array.Invalid.ElementType
107/165 Test #4017: ExecutionSourceTest.Array.Invalid.ExcessiveLength ...................   Passed    0.08 sec
        Start 4021: ExecutionSourceTest.Array.Invalid.LengthMismatch
108/165 Test #4018: ExecutionSourceTest.Array.Invalid.RuntimeLength .....................   Passed    0.08 sec
        Start 4022: ExecutionSourceTest.Array.Invalid.NestedTypeMismatch
109/165 Test #4019: ExecutionSourceTest.Array.Invalid.StorageOverflow ...................   Passed    0.08 sec
        Start 4023: ExecutionSourceTest.Array.Invalid.ByteOverflow
110/165 Test #4020: ExecutionSourceTest.Array.Invalid.ElementType .......................   Passed    0.08 sec
        Start 4024: ExecutionSourceTest.Array.Invalid.BoolIndex
111/165 Test #4021: ExecutionSourceTest.Array.Invalid.LengthMismatch ....................   Passed    0.07 sec
        Start 4025: ExecutionSourceTest.Array.Invalid.FloatIndex
112/165 Test #4022: ExecutionSourceTest.Array.Invalid.NestedTypeMismatch ................   Passed    0.07 sec
        Start 4026: ExecutionSourceTest.Array.Invalid.NonarrayIndex
113/165 Test #4023: ExecutionSourceTest.Array.Invalid.ByteOverflow ......................   Passed    0.08 sec
        Start 4027: ExecutionSourceTest.Array.Invalid.ConstantNegativeIndex
114/165 Test #4024: ExecutionSourceTest.Array.Invalid.BoolIndex .........................   Passed    0.07 sec
        Start 4028: ExecutionSourceTest.Array.Invalid.ConstantReadBounds
115/165 Test #4025: ExecutionSourceTest.Array.Invalid.FloatIndex ........................   Passed    0.07 sec
        Start 4029: ExecutionSourceTest.Array.Invalid.ConstantWriteBounds
116/165 Test #4026: ExecutionSourceTest.Array.Invalid.NonarrayIndex .....................   Passed    0.07 sec
        Start 4030: ExecutionSourceTest.Array.Invalid.ConstantAddressBounds
117/165 Test #4027: ExecutionSourceTest.Array.Invalid.ConstantNegativeIndex .............   Passed    0.07 sec
        Start 4031: ExecutionSourceTest.Array.Invalid.EmptyArrayIndex
118/165 Test #4028: ExecutionSourceTest.Array.Invalid.ConstantReadBounds ................   Passed    0.08 sec
        Start 4032: ExecutionSourceTest.Array.Invalid.ConstWrite
119/165 Test #4029: ExecutionSourceTest.Array.Invalid.ConstantWriteBounds ...............   Passed    0.07 sec
        Start 4033: ExecutionSourceTest.Array.Invalid.ConstAddress
120/165 Test #4030: ExecutionSourceTest.Array.Invalid.ConstantAddressBounds .............   Passed    0.07 sec
        Start 4034: ExecutionSourceTest.Array.Invalid.UninitializedRead
121/165 Test #4031: ExecutionSourceTest.Array.Invalid.EmptyArrayIndex ...................   Passed    0.07 sec
        Start 4035: ExecutionSourceTest.Array.Invalid.UninitializedWrite
122/165 Test #4032: ExecutionSourceTest.Array.Invalid.ConstWrite ........................   Passed    0.07 sec
        Start 4036: ExecutionSourceTest.Array.Invalid.ComptimeBounds
123/165 Test #4033: ExecutionSourceTest.Array.Invalid.ConstAddress ......................   Passed    0.07 sec
        Start 4037: ExecutionSourceTest.Array.Runtime.NegativeIndex
124/165 Test #4034: ExecutionSourceTest.Array.Invalid.UninitializedRead .................   Passed    0.07 sec
        Start 4038: ExecutionSourceTest.Array.Runtime.ReadOutOfBounds
125/165 Test #4035: ExecutionSourceTest.Array.Invalid.UninitializedWrite ................   Passed    0.07 sec
        Start 4039: ExecutionSourceTest.Array.Runtime.WriteOutOfBounds
126/165 Test #4036: ExecutionSourceTest.Array.Invalid.ComptimeBounds ....................   Passed    0.07 sec
        Start 4040: ExecutionSourceTest.Array.Runtime.AddressOutOfBounds
127/165 Test #4037: ExecutionSourceTest.Array.Runtime.NegativeIndex .....................   Passed    0.15 sec
        Start 4041: ExecutionSourceTest.Array.Runtime.EmptyIndex
128/165 Test #4039: ExecutionSourceTest.Array.Runtime.WriteOutOfBounds ..................   Passed    0.15 sec
        Start 4042: ExecutionSourceTest.Array.Runtime.WideIndex
129/165 Test #4038: ExecutionSourceTest.Array.Runtime.ReadOutOfBounds ...................   Passed    0.16 sec
        Start 4043: ExecutionSourceTest.Array.Runtime.EscapedElement
130/165 Test #4040: ExecutionSourceTest.Array.Runtime.AddressOutOfBounds ................   Passed    0.15 sec
        Start 4090: ExecutionSourceTest.Class.Main.MethodsDefaults
131/165 Test #4041: ExecutionSourceTest.Array.Runtime.EmptyIndex ........................   Passed    0.15 sec
        Start 4091: ExecutionSourceTest.Class.Main.ValuesDunder
132/165 Test #4042: ExecutionSourceTest.Array.Runtime.WideIndex .........................   Passed    0.13 sec
        Start 4092: ExecutionSourceTest.Class.Main.Comptime
133/165 Test #4043: ExecutionSourceTest.Array.Runtime.EscapedElement ....................   Passed    0.15 sec
        Start 4093: ExecutionSourceTest.Class.Main.Effects
134/165 Test #4090: ExecutionSourceTest.Class.Main.MethodsDefaults ......................   Passed    0.15 sec
        Start 4094: ExecutionSourceTest.Class.Invalid.PrivateField
135/165 Test #4094: ExecutionSourceTest.Class.Invalid.PrivateField ......................   Passed    0.10 sec
        Start 4095: ExecutionSourceTest.Class.Invalid.PrivateMethod
136/165 Test #4091: ExecutionSourceTest.Class.Main.ValuesDunder .........................   Passed    0.18 sec
        Start 4096: ExecutionSourceTest.Class.Invalid.UnknownField
137/165 Test #4092: ExecutionSourceTest.Class.Main.Comptime .............................   Passed    0.18 sec
        Start 4097: ExecutionSourceTest.Class.Invalid.WrongMethodArgument
138/165 Test #4093: ExecutionSourceTest.Class.Main.Effects ..............................   Passed    0.18 sec
        Start 4098: ExecutionSourceTest.Class.Invalid.MissingInitializer
139/165 Test #4095: ExecutionSourceTest.Class.Invalid.PrivateMethod .....................   Passed    0.07 sec
        Start 4099: ExecutionSourceTest.Class.Invalid.ConstMethod
140/165 Test #4096: ExecutionSourceTest.Class.Invalid.UnknownField ......................   Passed    0.07 sec
        Start 4100: ExecutionClassMultiFileTest.defaults_methods
141/165 Test #4097: ExecutionSourceTest.Class.Invalid.WrongMethodArgument ...............   Passed    0.08 sec
        Start 4101: ExecutionClassMultiFileTest.lifecycle
142/165 Test #4098: ExecutionSourceTest.Class.Invalid.MissingInitializer ................   Passed    0.08 sec
        Start 4102: ExecutionClassMultiFileTest.private_field
143/165 Test #4099: ExecutionSourceTest.Class.Invalid.ConstMethod .......................   Passed    0.09 sec
        Start 4103: ExecutionClassMultiFileTest.private_method
144/165 Test #4102: ExecutionClassMultiFileTest.private_field ...........................   Passed    0.11 sec
        Start 4104: ExecutionClassMultiFileTest.qualified_class
145/165 Test #4103: ExecutionClassMultiFileTest.private_method ..........................   Passed    0.11 sec
        Start 4125: AOTClassTest.ValueCopyAndMethod
146/165 Test #4101: ExecutionClassMultiFileTest.lifecycle ...............................   Passed    0.25 sec
        Start 4126: AOTClassTest.Lifecycle
147/165 Test #4100: ExecutionClassMultiFileTest.defaults_methods ........................   Passed    0.29 sec
        Start 4127: AOTClassTest.NestedArraysAndAliases
148/165 Test #4104: ExecutionClassMultiFileTest.qualified_class .........................   Passed    0.29 sec
        Start 4128: AOTClassTest.WideFieldsAndEmptyObjects
149/165 Test #4125: AOTClassTest.ValueCopyAndMethod .....................................   Passed    0.78 sec
        Start 4129: AOTClassTest.EscapedAddressCanBeDiscarded
150/165 Test #4126: AOTClassTest.Lifecycle ..............................................   Passed    0.79 sec
        Start 4130: AOTClassTest.ArrayBounds
151/165 Test #4127: AOTClassTest.NestedArraysAndAliases .................................   Passed    0.80 sec
        Start 4131: AOTClassTest.ArrayBoundsPreservesOutput
152/165 Test #4128: AOTClassTest.WideFieldsAndEmptyObjects ..............................   Passed    0.73 sec
        Start 4132: AOTClassTest.SignedArrayIndex
153/165 Test #4129: AOTClassTest.EscapedAddressCanBeDiscarded ...........................   Passed    0.77 sec
        Start 4133: AOTClassTest.DefaultsAndEvaluationOrder
154/165 Test #4130: AOTClassTest.ArrayBounds ............................................   Passed    0.79 sec
        Start 4134: AOTClassTest.OperatorCopiesLeftOperand
155/165 Test #4131: AOTClassTest.ArrayBoundsPreservesOutput .............................   Passed    0.82 sec
        Start 4135: AOTClassTest.NativeClassStorage
156/165 Test #4134: AOTClassTest.OperatorCopiesLeftOperand ..............................   Passed    0.79 sec
        Start 4136: AOTClassTest.NativePointerOutParameter
157/165 Test #4135: AOTClassTest.NativeClassStorage .....................................   Passed    0.78 sec
        Start 4139: AOTClassTest.SharedMethodsDefaults
158/165 Test #4133: AOTClassTest.DefaultsAndEvaluationOrder .............................   Passed    1.44 sec
        Start 4140: AOTClassTest.SharedValuesAndPointers
159/165 Test #4136: AOTClassTest.NativePointerOutParameter ..............................   Passed    0.73 sec
        Start 4141: AOTClassTest.SharedComptime
160/165 Test #4139: AOTClassTest.SharedMethodsDefaults ..................................   Passed    0.74 sec
        Start 4142: AOTClassTest.SharedMethodEffects
161/165 Test #4132: AOTClassTest.SignedArrayIndex .......................................   Passed    2.31 sec
        Start 4143: AOTReflectionTest
162/165 Test #4140: AOTClassTest.SharedValuesAndPointers ................................   Passed    0.87 sec
163/165 Test #4141: AOTClassTest.SharedComptime .........................................   Passed    0.74 sec
164/165 Test #4142: AOTClassTest.SharedMethodEffects ....................................   Passed    0.73 sec
165/165 Test #4143: AOTReflectionTest ...................................................   Passed    1.74 sec

100% tests passed, 0 tests failed out of 165

Label Time Summary:
aot             =  18.81 sec*proc (19 tests)
arithmetic      =   1.12 sec*proc (14 tests)
arrays          =   3.97 sec*proc (38 tests)
bytecode        =   8.28 sec*proc (42 tests)
class           =  16.85 sec*proc (31 tests)
comptime        =   1.10 sec*proc (11 tests)
control_flow    =   2.97 sec*proc (9 tests)
differential    =  17.07 sec*proc (18 tests)
execution       =  16.25 sec*proc (146 tests)
external        =   1.52 sec*proc (18 tests)
function        =   1.41 sec*proc (19 tests)
logical         =   1.37 sec*proc (18 tests)
loops           =   2.45 sec*proc (2 tests)
memory          =   0.08 sec*proc (1 test)
multifile       =   5.48 sec*proc (25 tests)
reflection      =   1.74 sec*proc (1 test)
source          =  16.25 sec*proc (146 tests)

Total Test time (real) =  10.13 sec
