Running main() from D:\github\ink\src\third_party\googletest\googletest\src\gtest_main.cc
Note: Google Test filter = SemanticLoopTest.*
[==========] Running 26 tests from 1 test suite.
[----------] Global test environment set-up.
[----------] 26 tests from SemanticLoopTest
[ RUN      ] SemanticLoopTest.WhileZeroOneAndManyIterations
[       OK ] SemanticLoopTest.WhileZeroOneAndManyIterations (0 ms)
[ RUN      ] SemanticLoopTest.WhileBreakContinueAndEarlyReturn
[       OK ] SemanticLoopTest.WhileBreakContinueAndEarlyReturn (0 ms)
[ RUN      ] SemanticLoopTest.ClassicForHeaderForms
[       OK ] SemanticLoopTest.ClassicForHeaderForms (0 ms)
[ RUN      ] SemanticLoopTest.ClassicForStepOrdering
[       OK ] SemanticLoopTest.ClassicForStepOrdering (0 ms)
[ RUN      ] SemanticLoopTest.UpdatesHaveValueAndSingleEvaluation
[       OK ] SemanticLoopTest.UpdatesHaveValueAndSingleEvaluation (0 ms)
[ RUN      ] SemanticLoopTest.NestedLoopsKeepIndependentTargets
[       OK ] SemanticLoopTest.NestedLoopsKeepIndependentTargets (0 ms)
[ RUN      ] SemanticLoopTest.ConditionEffectsAndShortCircuit
[       OK ] SemanticLoopTest.ConditionEffectsAndShortCircuit (0 ms)
[ RUN      ] SemanticLoopTest.ForInSnapshotsArraysAndScopesBindings
[       OK ] SemanticLoopTest.ForInSnapshotsArraysAndScopesBindings (0 ms)
[ RUN      ] SemanticLoopTest.ForInCallAndNestedArrays
[       OK ] SemanticLoopTest.ForInCallAndNestedArrays (0 ms)
[ RUN      ] SemanticLoopTest.ForInArrayDestructuring
[       OK ] SemanticLoopTest.ForInArrayDestructuring (0 ms)
[ RUN      ] SemanticLoopTest.ExecutesAllLoopFormsInComptimeCalls
[       OK ] SemanticLoopTest.ExecutesAllLoopFormsInComptimeCalls (0 ms)
[ RUN      ] SemanticLoopTest.ExpandsAndEvaluatesComptimeForIn
[       OK ] SemanticLoopTest.ExpandsAndEvaluatesComptimeForIn (0 ms)
[ RUN      ] SemanticLoopTest.MixesStaticAndRuntimeLoops
[       OK ] SemanticLoopTest.MixesStaticAndRuntimeLoops (0 ms)
[ RUN      ] SemanticLoopTest.MergesInitializationAtLoopExits
[       OK ] SemanticLoopTest.MergesInitializationAtLoopExits (0 ms)
[ RUN      ] SemanticLoopTest.RejectsConditionalOrSkippedInitialization
[       OK ] SemanticLoopTest.RejectsConditionalOrSkippedInitialization (0 ms)
[ RUN      ] SemanticLoopTest.EnforcesLoopScopes
[       OK ] SemanticLoopTest.EnforcesLoopScopes (0 ms)
[ RUN      ] SemanticLoopTest.RejectsInvalidConditionsAndIterables
[       OK ] SemanticLoopTest.RejectsInvalidConditionsAndIterables (0 ms)
[ RUN      ] SemanticLoopTest.RejectsInvalidUpdateOperands
[       OK ] SemanticLoopTest.RejectsInvalidUpdateOperands (0 ms)
[ RUN      ] SemanticLoopTest.TracksConstructorFieldsThroughLoops
[       OK ] SemanticLoopTest.TracksConstructorFieldsThroughLoops (0 ms)
[ RUN      ] SemanticLoopTest.RejectsInvalidLoopTransfers
[       OK ] SemanticLoopTest.RejectsInvalidLoopTransfers (0 ms)
[ RUN      ] SemanticLoopTest.RejectsInvalidIterationPatterns
[       OK ] SemanticLoopTest.RejectsInvalidIterationPatterns (0 ms)
[ RUN      ] SemanticLoopTest.ChecksReachabilityAndMissingReturns
[       OK ] SemanticLoopTest.ChecksReachabilityAndMissingReturns (0 ms)
[ RUN      ] SemanticLoopTest.DestroysIterationAndHeaderObjectsExactlyOnce
[       OK ] SemanticLoopTest.DestroysIterationAndHeaderObjectsExactlyOnce (0 ms)
[ RUN      ] SemanticLoopTest.DestroysIterableAndElementCopies
[       OK ] SemanticLoopTest.DestroysIterableAndElementCopies (0 ms)
[ RUN      ] SemanticLoopTest.DestroysConditionAndStepTemporaries
[       OK ] SemanticLoopTest.DestroysConditionAndStepTemporaries (0 ms)
[ RUN      ] SemanticLoopTest.BoundsInfiniteRuntimeExecution
[       OK ] SemanticLoopTest.BoundsInfiniteRuntimeExecution (0 ms)
[----------] 26 tests from SemanticLoopTest (6 ms total)

[----------] Global test environment tear-down
[==========] 26 tests from 1 test suite ran. (6 ms total)
[  PASSED  ] 26 tests.
