CMake is re-running because D:/github/ink/build/src/testcase/CMakeFiles/generate.stamp is out-of-date.
  the file 'D:/github/ink/src/testcase/backend/tests.cmake'
  is newer than 'D:/github/ink/build/src/testcase/CMakeFiles/generate.stamp.depend'
  result='-1'
-- Selecting Windows SDK version 10.0.26100.0 to target Windows 10.0.26200.
-- bolt project is disabled
-- clang project is enabled
-- clang-tools-extra project is disabled
-- compiler-rt project is disabled
-- cross-project-tests project is disabled
-- libclc project is disabled
-- lld project is disabled
-- lldb project is disabled
-- mlir project is disabled
-- openmp project is disabled
-- polly project is disabled
-- flang project is disabled
-- libc project is disabled
-- Could NOT find ZLIB (missing: ZLIB_LIBRARY ZLIB_INCLUDE_DIR) 
-- Could NOT find LibXml2 (missing: LIBXML2_LIBRARY LIBXML2_INCLUDE_DIR) 
-- Could NOT find Backtrace (missing: Backtrace_LIBRARY Backtrace_INCLUDE_DIR) 
-- LLVM host triple: x86_64-pc-windows-msvc
-- Native target architecture is X86
-- Threads enabled.
-- Doxygen disabled.
-- Could NOT find OCaml (missing: OCAMLFIND OCAML_VERSION OCAML_STDLIB_PATH) 
-- OCaml bindings disabled.
-- LLVM default target triple: x86_64-pc-windows-msvc
-- Targeting X86
-- Clang version: 22.1.8
-- BugpointPasses ignored -- Loadable modules not supported on this platform.
-- Not building llvm-mt.exe because libxml2 is not available
-- Build spdlog: 1.17.0
-- Build type: 
CMake Deprecation Warning at src/third_party/utf8proc/CMakeLists.txt:1 (cmake_minimum_required):
  Compatibility with CMake < 3.10 will be removed from a future version of
  CMake.

  Update the VERSION argument <min> value.  Or, use the <min>...<max> syntax
  to tell CMake that the project requires at least <min> but has been updated
  to work with policies introduced by <max> or earlier.


-- Could NOT find ZLIB (missing: ZLIB_LIBRARY ZLIB_INCLUDE_DIR) 
-- Could NOT find LibXml2 (missing: LIBXML2_LIBRARY LIBXML2_INCLUDE_DIR) 
-- Found LLVM 22.1.8
-- Using LLVMConfig.cmake in: D:/github/ink/build/third_party/llvm/lib/cmake/llvm
-- Configuring done (4.9s)
-- Generating done (13.2s)
-- Build files have been written to: D:/github/ink/build
适用于 .NET Framework MSBuild 版本 17.14.40+3e7442088

  Checking File Globs
  gmock.vcxproj -> D:\github\ink\build\lib\Release\gmock.lib
  LLVMDemangle.vcxproj -> D:\github\ink\build\third_party\llvm\Release\lib\LLVMDemangle.lib
  gtest.vcxproj -> D:\github\ink\build\lib\Release\gtest.lib
  LLVMSupportBlake3.vcxproj -> D:\github\ink\build\third_party\llvm\lib\Support\BLAKE3\LLVMSupportBlake3.dir\Release\LLVMSupportBlake3.lib
  utf8proc.vcxproj -> D:\github\ink\build\third_party\utf8proc\Release\utf8proc_static.lib
  spdlog.vcxproj -> D:\github\ink\build\third_party\spdlog\Release\spdlog.lib
  ink_abi.vcxproj -> D:\github\ink\build\src\lib\abi\Release\ink_abi.lib
  ink_core.vcxproj -> D:\github\ink\build\src\lib\core\Release\ink_core.lib
  LLVMSupport.vcxproj -> D:\github\ink\build\third_party\llvm\Release\lib\LLVMSupport.lib
  ink_tokenizer.vcxproj -> D:\github\ink\build\src\lib\tokenizer\Release\ink_tokenizer.lib
  ink_tokenizer_test_objects.vcxproj -> D:\github\ink\build\src\testcase\ink_tokenizer_test_objects.dir\Release\ink_tokenizer_test_objects.lib
  ink_parser.vcxproj -> D:\github\ink\build\src\lib\parser\Release\ink_parser.lib
  ink_ir.vcxproj -> D:\github\ink\build\src\lib\ir\Release\ink_ir.lib
  ink_ir_test_objects.vcxproj -> D:\github\ink\build\src\testcase\ink_ir_test_objects.dir\Release\ink_ir_test_objects.lib
  ink_cli.vcxproj -> D:\github\ink\build\src\lib\cli\Release\ink_cli.lib
  ink_aot_runtime.vcxproj -> D:\github\ink\build\src\lib\backend\llvm\Release\ink_aot_runtime.lib
  ink_libffi.vcxproj -> D:\github\ink\build\src\third_party\Release\ink_libffi.lib
  ink_execution.vcxproj -> D:\github\ink\build\src\lib\execution\Release\ink_execution.lib
  obj.LLVMTableGenBasic.vcxproj -> D:\github\ink\build\third_party\llvm\utils\TableGen\Basic\obj.LLVMTableGenBasic.dir\Release\obj.LLVMTableGenBasic.lib
  LLVMBitstreamReader.vcxproj -> D:\github\ink\build\third_party\llvm\Release\lib\LLVMBitstreamReader.lib
  LLVMTableGen.vcxproj -> D:\github\ink\build\third_party\llvm\Release\lib\LLVMTableGen.lib
  llvm-min-tblgen.vcxproj -> D:\github\ink\build\third_party\llvm\Release\bin\llvm-min-tblgen.exe
  LLVMDebugInfoCodeView.vcxproj -> D:\github\ink\build\third_party\llvm\Release\lib\LLVMDebugInfoCodeView.lib
  1>
  1>
  1>
  1>
  LLVMCodeGenTypes.vcxproj -> D:\github\ink\build\third_party\llvm\Release\lib\LLVMCodeGenTypes.lib
  1>
  LLVMDebugInfoMSF.vcxproj -> D:\github\ink\build\third_party\llvm\Release\lib\LLVMDebugInfoMSF.lib
  LLVMFrontendDirective.vcxproj -> D:\github\ink\build\third_party\llvm\Release\lib\LLVMFrontendDirective.lib
  LLVMDebugInfoBTF.vcxproj -> D:\github\ink\build\third_party\llvm\Release\lib\LLVMDebugInfoBTF.lib
  LLVMTargetParser.vcxproj -> D:\github\ink\build\third_party\llvm\Release\lib\LLVMTargetParser.lib
  1>
  LLVMBinaryFormat.vcxproj -> D:\github\ink\build\third_party\llvm\Release\lib\LLVMBinaryFormat.lib
  LLVMRemarks.vcxproj -> D:\github\ink\build\third_party\llvm\Release\lib\LLVMRemarks.lib
  LLVMDebugInfoDWARFLowLevel.vcxproj -> D:\github\ink\build\third_party\llvm\Release\lib\LLVMDebugInfoDWARFLowLevel.lib
  LLVMTextAPI.vcxproj -> D:\github\ink\build\third_party\llvm\Release\lib\LLVMTextAPI.lib
  ink_tokenize.vcxproj -> D:\github\ink\build\src\tools\tokenizer\Release\ink-tokenize.exe
  ink_parse.vcxproj -> D:\github\ink\build\src\tools\parser\Release\ink-parse.exe
  gtest_main.vcxproj -> D:\github\ink\build\lib\Release\gtest_main.lib
  obj.LLVMTableGenCommon.vcxproj -> D:\github\ink\build\third_party\llvm\utils\TableGen\Common\obj.LLVMTableGenCommon.dir\Release\obj.LLVMTableGenCommon.lib
  LLVMCore.vcxproj -> D:\github\ink\build\third_party\llvm\Release\lib\LLVMCore.lib
  llvm-tblgen.vcxproj -> D:\github\ink\build\third_party\llvm\Release\bin\llvm-tblgen.exe
  LLVMMC.vcxproj -> D:\github\ink\build\third_party\llvm\Release\lib\LLVMMC.lib
  LLVMFrontendHLSL.vcxproj -> D:\github\ink\build\third_party\llvm\Release\lib\LLVMFrontendHLSL.lib
  LLVMAsmParser.vcxproj -> D:\github\ink\build\third_party\llvm\Release\lib\LLVMAsmParser.lib
  LLVMCFGuard.vcxproj -> D:\github\ink\build\third_party\llvm\Release\lib\LLVMCFGuard.lib
  LLVMBitReader.vcxproj -> D:\github\ink\build\third_party\llvm\Release\lib\LLVMBitReader.lib
  LLVMMCParser.vcxproj -> D:\github\ink\build\third_party\llvm\Release\lib\LLVMMCParser.lib
  LLVMMCDisassembler.vcxproj -> D:\github\ink\build\third_party\llvm\Release\lib\LLVMMCDisassembler.lib
  1>
cl : 命令行  warning D9025: 正在重写“/EHs”(用“/EHs-”) [D:\github\ink\build\src\lib\semantic\ink_semantic.vcxproj]
cl : 命令行  warning D9025: 正在重写“/EHc”(用“/EHc-”) [D:\github\ink\build\src\lib\semantic\ink_semantic.vcxproj]
  LLVMIRReader.vcxproj -> D:\github\ink\build\third_party\llvm\Release\lib\LLVMIRReader.lib
  analyzer.cpp
  LLVMObject.vcxproj -> D:\github\ink\build\third_party\llvm\Release\lib\LLVMObject.lib
  LLVMX86Info.vcxproj -> D:\github\ink\build\third_party\llvm\Release\lib\LLVMX86Info.lib
  LLVMDebugInfoDWARF.vcxproj -> D:\github\ink\build\third_party\llvm\Release\lib\LLVMDebugInfoDWARF.lib
  LLVMDebugInfoPDB.vcxproj -> D:\github\ink\build\third_party\llvm\Release\lib\LLVMDebugInfoPDB.lib
  LLVMObjectYAML.vcxproj -> D:\github\ink\build\third_party\llvm\Release\lib\LLVMObjectYAML.lib
  LLVMDebugInfoGSYM.vcxproj -> D:\github\ink\build\third_party\llvm\Release\lib\LLVMDebugInfoGSYM.lib
  LLVMX86Desc.vcxproj -> D:\github\ink\build\third_party\llvm\Release\lib\LLVMX86Desc.lib
  LLVMX86Disassembler.vcxproj -> D:\github\ink\build\third_party\llvm\Release\lib\LLVMX86Disassembler.lib
  LLVMSymbolize.vcxproj -> D:\github\ink\build\third_party\llvm\Release\lib\LLVMSymbolize.lib
  LLVMX86AsmParser.vcxproj -> D:\github\ink\build\third_party\llvm\Release\lib\LLVMX86AsmParser.lib
  LLVMProfileData.vcxproj -> D:\github\ink\build\third_party\llvm\Release\lib\LLVMProfileData.lib
  LLVMAnalysis.vcxproj -> D:\github\ink\build\third_party\llvm\Release\lib\LLVMAnalysis.lib
  LLVMFrontendAtomic.vcxproj -> D:\github\ink\build\third_party\llvm\Release\lib\LLVMFrontendAtomic.lib
  LLVMTarget.vcxproj -> D:\github\ink\build\third_party\llvm\Release\lib\LLVMTarget.lib
  LLVMSandboxIR.vcxproj -> D:\github\ink\build\third_party\llvm\Release\lib\LLVMSandboxIR.lib
  LLVMTransformUtils.vcxproj -> D:\github\ink\build\third_party\llvm\Release\lib\LLVMTransformUtils.lib
  LLVMIRPrinter.vcxproj -> D:\github\ink\build\third_party\llvm\Release\lib\LLVMIRPrinter.lib
  LLVMBitWriter.vcxproj -> D:\github\ink\build\third_party\llvm\Release\lib\LLVMBitWriter.lib
  LLVMFrontendOffloading.vcxproj -> D:\github\ink\build\third_party\llvm\Release\lib\LLVMFrontendOffloading.lib
  LLVMObjCARCOpts.vcxproj -> D:\github\ink\build\third_party\llvm\Release\lib\LLVMObjCARCOpts.lib
  LLVMLinker.vcxproj -> D:\github\ink\build\third_party\llvm\Release\lib\LLVMLinker.lib
  LLVMInstCombine.vcxproj -> D:\github\ink\build\third_party\llvm\Release\lib\LLVMInstCombine.lib
  LLVMAggressiveInstCombine.vcxproj -> D:\github\ink\build\third_party\llvm\Release\lib\LLVMAggressiveInstCombine.lib
  LLVMHipStdPar.vcxproj -> D:\github\ink\build\third_party\llvm\Release\lib\LLVMHipStdPar.lib
  LLVMVectorize.vcxproj -> D:\github\ink\build\third_party\llvm\Release\lib\LLVMVectorize.lib
  LLVMInstrumentation.vcxproj -> D:\github\ink\build\third_party\llvm\Release\lib\LLVMInstrumentation.lib
  LLVMCGData.vcxproj -> D:\github\ink\build\third_party\llvm\Release\lib\LLVMCGData.lib
  analyzer_evaluation.cpp
  LLVMScalarOpts.vcxproj -> D:\github\ink\build\third_party\llvm\Release\lib\LLVMScalarOpts.lib
  LLVMCodeGen.vcxproj -> D:\github\ink\build\third_party\llvm\Release\lib\LLVMCodeGen.lib
  LLVMFrontendOpenMP.vcxproj -> D:\github\ink\build\third_party\llvm\Release\lib\LLVMFrontendOpenMP.lib
  LLVMAsmPrinter.vcxproj -> D:\github\ink\build\third_party\llvm\Release\lib\LLVMAsmPrinter.lib
  LLVMSelectionDAG.vcxproj -> D:\github\ink\build\third_party\llvm\Release\lib\LLVMSelectionDAG.lib
  LLVMGlobalISel.vcxproj -> D:\github\ink\build\third_party\llvm\Release\lib\LLVMGlobalISel.lib
  LLVMipo.vcxproj -> D:\github\ink\build\third_party\llvm\Release\lib\LLVMipo.lib
  LLVMX86CodeGen.vcxproj -> D:\github\ink\build\third_party\llvm\Release\lib\LLVMX86CodeGen.lib
  LLVMCoroutines.vcxproj -> D:\github\ink\build\third_party\llvm\Release\lib\LLVMCoroutines.lib
  LLVMPasses.vcxproj -> D:\github\ink\build\third_party\llvm\Release\lib\LLVMPasses.lib
  ink_backend_llvm.vcxproj -> D:\github\ink\build\src\lib\backend\llvm\Release\ink_backend_llvm.lib
  analyzer_module_functions.cpp
  analyzer_modules.cpp
  analyzer_class.cpp
D:\github\ink\src\lib\semantic\analyzer\decl\analyzer_class.cpp(65,20): warning C4456: “Parent”的声明隐藏了上一个本地声明 [D:\github\ink\build\src\lib\semantic\ink_semantic.vcxproj]
      D:\github\ink\src\lib\semantic\analyzer\decl\analyzer_class.cpp(53,14):
      参见“Parent”的声明
  
  analyzer_decl.cpp
  analyzer_enum.cpp
  analyzer_function.cpp
  analyzer_interface.cpp
  analyzer_lifecycle.cpp
  analyzer_variable.cpp
  analyzer_array.cpp
  analyzer_binary.cpp
  analyzer_call.cpp
  analyzer_conversion.cpp
  analyzer_expr.cpp
  analyzer_literal.cpp
  analyzer_member.cpp
  analyzer_name.cpp
  analyzer_paren.cpp
  正在生成代码...
  正在编译...
  analyzer_unary.cpp
  analyzer_update.cpp
  analyzer_array_assignment.cpp
  analyzer_assignment.cpp
  analyzer_break.cpp
  analyzer_classic_for.cpp
  analyzer_continue.cpp
  analyzer_defer.cpp
  analyzer_for_in.cpp
D:\github\ink\src\lib\semantic\analyzer\stmt\analyzer_for_in.cpp(54,29): error C2665: “ink::semantic::NameResolver::bind”: 没有重载函数可以转换所有参数类型 [D:\github\ink\build\src\lib\semantic\ink_semantic.vcxproj]
      D:\github\ink\src\include\ink\semantic\name_resolve\name_resolver.h(96,18):
      可能是“ink::semantic::NameResolver::BindResult ink::semantic::NameResolver::bind(ink::ir::Name,ink::ir::Decl &)”
          D:\github\ink\src\lib\semantic\analyzer\stmt\analyzer_for_in.cpp(54,29):
          “ink::semantic::NameResolver::BindResult ink::semantic::NameResolver::bind(ink::ir::Name,ink::ir::Decl &)”: 无法将参数 2 从“const ink::ir::Value”转换为“ink::ir::Decl &”
      D:\github\ink\src\include\ink\semantic\name_resolve\name_resolver.h(93,18):
      或    “ink::semantic::NameResolver::BindResult ink::semantic::NameResolver::bind(ink::ir::Name,ink::ir::Value &)”
          D:\github\ink\src\lib\semantic\analyzer\stmt\analyzer_for_in.cpp(54,29):
          “ink::semantic::NameResolver::BindResult ink::semantic::NameResolver::bind(ink::ir::Name,ink::ir::Value &)”: 无法将参数 2 从“const ink::ir::Value”转换为“ink::ir::Value &”
              D:\github\ink\src\lib\semantic\analyzer\stmt\analyzer_for_in.cpp(54,42):
              转换丢失限定符
      D:\github\ink\src\lib\semantic\analyzer\stmt\analyzer_for_in.cpp(54,29):
      尝试匹配参数列表“(const ink::ir::Name, const ink::ir::Value)”时
  
  analyzer_if.cpp
  analyzer_import.cpp
  analyzer_loop.cpp
  analyzer_return.cpp
  analyzer_stmt.cpp
  analyzer_switch.cpp
  analyzer_while.cpp
  analyzer_yield.cpp
  analyzer_type.cpp
  正在生成代码...
