[0/2] Re-checking globbed directories...
[1/64] Building CXX object src\lib\execution\CMakeFiles\ink_execution.dir\bytecode\instruction.cpp.obj
cl: 命令行 warning D9025 :正在重写“/EHs”(用“/EHs-”)
cl: 命令行 warning D9025 :正在重写“/EHc”(用“/EHc-”)
[2/64] Building CXX object src\lib\ir\CMakeFiles\ink_ir.dir\name\name_pool.cpp.obj
cl: 命令行 warning D9025 :正在重写“/EHs”(用“/EHs-”)
cl: 命令行 warning D9025 :正在重写“/EHc”(用“/EHc-”)
[3/64] Linking CXX static library src\lib\ir\ink_ir.lib
[4/64] Building CXX object src\lib\execution\CMakeFiles\ink_execution.dir\artifact\bytecode_symbol.cpp.obj
cl: 命令行 warning D9025 :正在重写“/EHs”(用“/EHs-”)
cl: 命令行 warning D9025 :正在重写“/EHc”(用“/EHc-”)
[5/64] Building CXX object src\lib\execution\CMakeFiles\ink_execution.dir\ffi\ffi_type.cpp.obj
cl: 命令行 warning D9025 :正在重写“/EHs”(用“/EHs-”)
cl: 命令行 warning D9025 :正在重写“/EHc”(用“/EHc-”)
[6/64] Building CXX object src\lib\execution\CMakeFiles\ink_execution.dir\engine\execution_frame.cpp.obj
cl: 命令行 warning D9025 :正在重写“/EHs”(用“/EHs-”)
cl: 命令行 warning D9025 :正在重写“/EHc”(用“/EHc-”)
[7/64] Building CXX object src\lib\execution\CMakeFiles\ink_execution.dir\artifact\bytecode_validation.cpp.obj
cl: 命令行 warning D9025 :正在重写“/EHs”(用“/EHs-”)
cl: 命令行 warning D9025 :正在重写“/EHc”(用“/EHc-”)
[8/64] Building CXX object src\lib\execution\CMakeFiles\ink_execution.dir\artifact\bytecode_linker.cpp.obj
cl: 命令行 warning D9025 :正在重写“/EHs”(用“/EHs-”)
cl: 命令行 warning D9025 :正在重写“/EHc”(用“/EHc-”)
[9/64] Building CXX object src\lib\execution\CMakeFiles\ink_execution.dir\ffi\native_symbol.cpp.obj
cl: 命令行 warning D9025 :正在重写“/EHs”(用“/EHs-”)
cl: 命令行 warning D9025 :正在重写“/EHc”(用“/EHc-”)
[10/64] Building CXX object src\lib\execution\CMakeFiles\ink_execution.dir\ffi\native_symbol_cache.cpp.obj
cl: 命令行 warning D9025 :正在重写“/EHs”(用“/EHs-”)
cl: 命令行 warning D9025 :正在重写“/EHc”(用“/EHc-”)
[11/64] Building CXX object src\lib\execution\CMakeFiles\ink_execution.dir\ffi\runtime_ffi_type.cpp.obj
cl: 命令行 warning D9025 :正在重写“/EHs”(用“/EHs-”)
cl: 命令行 warning D9025 :正在重写“/EHc”(用“/EHc-”)
[12/64] Building CXX object src\lib\execution\CMakeFiles\ink_execution.dir\artifact\bytecode_file.cpp.obj
cl: 命令行 warning D9025 :正在重写“/EHs”(用“/EHs-”)
cl: 命令行 warning D9025 :正在重写“/EHc”(用“/EHc-”)
[13/64] Building CXX object src\lib\execution\CMakeFiles\ink_execution.dir\reflection\type_desc.cpp.obj
cl: 命令行 warning D9025 :正在重写“/EHs”(用“/EHs-”)
cl: 命令行 warning D9025 :正在重写“/EHc”(用“/EHc-”)
[14/64] Building CXX object src\lib\execution\CMakeFiles\ink_execution.dir\artifact\bytecode_archive_writer.cpp.obj
cl: 命令行 warning D9025 :正在重写“/EHs”(用“/EHs-”)
cl: 命令行 warning D9025 :正在重写“/EHc”(用“/EHc-”)
[15/64] Building CXX object src\lib\execution\CMakeFiles\ink_execution.dir\artifact\bytecode_archive_reader.cpp.obj
cl: 命令行 warning D9025 :正在重写“/EHs”(用“/EHs-”)
cl: 命令行 warning D9025 :正在重写“/EHc”(用“/EHc-”)
[16/64] Building CXX object src\lib\execution\CMakeFiles\ink_execution.dir\support\execution_instruction_result.cpp.obj
cl: 命令行 warning D9025 :正在重写“/EHs”(用“/EHs-”)
cl: 命令行 warning D9025 :正在重写“/EHc”(用“/EHc-”)
[17/64] Building CXX object src\lib\execution\CMakeFiles\ink_execution.dir\reflection\type_table.cpp.obj
cl: 命令行 warning D9025 :正在重写“/EHs”(用“/EHs-”)
cl: 命令行 warning D9025 :正在重写“/EHc”(用“/EHc-”)
[18/64] Building CXX object src\lib\execution\CMakeFiles\ink_execution.dir\value\execution_bool_value.cpp.obj
cl: 命令行 warning D9025 :正在重写“/EHs”(用“/EHs-”)
cl: 命令行 warning D9025 :正在重写“/EHc”(用“/EHc-”)
[19/64] Building CXX object src\lib\execution\CMakeFiles\ink_execution.dir\support\execution_diagnostic.cpp.obj
cl: 命令行 warning D9025 :正在重写“/EHs”(用“/EHs-”)
cl: 命令行 warning D9025 :正在重写“/EHc”(用“/EHc-”)
[20/64] Building CXX object src\lib\execution\CMakeFiles\ink_execution.dir\value\execution_float_value.cpp.obj
cl: 命令行 warning D9025 :正在重写“/EHs”(用“/EHs-”)
cl: 命令行 warning D9025 :正在重写“/EHc”(用“/EHc-”)
[21/64] Building CXX object src\lib\execution\CMakeFiles\ink_execution.dir\runtime\runtime_value.cpp.obj
cl: 命令行 warning D9025 :正在重写“/EHs”(用“/EHs-”)
cl: 命令行 warning D9025 :正在重写“/EHc”(用“/EHc-”)
[22/64] Building CXX object src\lib\execution\CMakeFiles\ink_execution.dir\value\execution_integer.cpp.obj
cl: 命令行 warning D9025 :正在重写“/EHs”(用“/EHs-”)
cl: 命令行 warning D9025 :正在重写“/EHc”(用“/EHc-”)
[23/64] Building CXX object src\lib\execution\CMakeFiles\ink_execution.dir\value\execution_integer_value.cpp.obj
cl: 命令行 warning D9025 :正在重写“/EHs”(用“/EHs-”)
cl: 命令行 warning D9025 :正在重写“/EHc”(用“/EHc-”)
[24/64] Building CXX object src\lib\execution\CMakeFiles\ink_execution.dir\value\execution_pointer_value.cpp.obj
cl: 命令行 warning D9025 :正在重写“/EHs”(用“/EHs-”)
cl: 命令行 warning D9025 :正在重写“/EHc”(用“/EHc-”)
[25/64] Building CXX object src\lib\execution\CMakeFiles\ink_execution.dir\value\execution_void_value.cpp.obj
cl: 命令行 warning D9025 :正在重写“/EHs”(用“/EHs-”)
cl: 命令行 warning D9025 :正在重写“/EHc”(用“/EHc-”)
[26/64] Building CXX object src\lib\execution\CMakeFiles\ink_execution.dir\value\execution_string_value.cpp.obj
cl: 命令行 warning D9025 :正在重写“/EHs”(用“/EHs-”)
cl: 命令行 warning D9025 :正在重写“/EHc”(用“/EHc-”)
[27/64] Building CXX object src\lib\backend\llvm\CMakeFiles\ink_aot_runtime.dir\runtime.cpp.obj
cl: 命令行 warning D9025 :正在重写“/EHs”(用“/EHs-”)
cl: 命令行 warning D9025 :正在重写“/EHc”(用“/EHc-”)
[28/64] Linking CXX static library src\lib\execution\ink_execution.lib
[29/64] Building CXX object src\lib\semantic\CMakeFiles\ink_semantic.dir\module_import.cpp.obj
cl: 命令行 warning D9025 :正在重写“/EHs”(用“/EHs-”)
cl: 命令行 warning D9025 :正在重写“/EHc”(用“/EHc-”)
[30/64] Linking CXX static library src\lib\backend\llvm\ink_aot_runtime.lib
[31/64] Linking CXX static library src\lib\semantic\ink_semantic.lib
[32/64] Building CXX object src\lib\backend\llvm\CMakeFiles\ink_backend_llvm.dir\type_lowering.cpp.obj
cl: 命令行 warning D9025 :正在重写“/EHs”(用“/EHs-”)
cl: 命令行 warning D9025 :正在重写“/EHc”(用“/EHc-”)
D:\github\ink\src\third_party\llvm\llvm\include\llvm\ADT\bit.h(262) : warning C4702: 无法访问的代码
D:\github\ink\src\third_party\llvm\llvm\include\llvm\ADT\bit.h(263) : warning C4702: 无法访问的代码
D:\github\ink\src\third_party\llvm\llvm\include\llvm\ADT\bit.h(264) : warning C4702: 无法访问的代码
D:\github\ink\src\third_party\llvm\llvm\include\llvm\ADT\bit.h(266) : warning C4702: 无法访问的代码
D:\github\ink\src\third_party\llvm\llvm\include\llvm\ADT\bit.h(268) : warning C4702: 无法访问的代码
D:\github\ink\src\third_party\llvm\llvm\include\llvm\ADT\bit.h(270) : warning C4702: 无法访问的代码
[33/64] Building CXX object src\lib\backend\llvm\CMakeFiles\ink_backend_llvm.dir\lowering_context.cpp.obj
cl: 命令行 warning D9025 :正在重写“/EHs”(用“/EHs-”)
cl: 命令行 warning D9025 :正在重写“/EHc”(用“/EHc-”)
[34/64] Building CXX object src\lib\backend\llvm\CMakeFiles\ink_backend_llvm.dir\function_lowering.cpp.obj
cl: 命令行 warning D9025 :正在重写“/EHs”(用“/EHs-”)
cl: 命令行 warning D9025 :正在重写“/EHc”(用“/EHc-”)
D:\github\ink\src\third_party\llvm\llvm\include\llvm\ADT\bit.h(262) : warning C4702: 无法访问的代码
D:\github\ink\src\third_party\llvm\llvm\include\llvm\ADT\bit.h(263) : warning C4702: 无法访问的代码
D:\github\ink\src\third_party\llvm\llvm\include\llvm\ADT\bit.h(264) : warning C4702: 无法访问的代码
D:\github\ink\src\third_party\llvm\llvm\include\llvm\ADT\bit.h(266) : warning C4702: 无法访问的代码
D:\github\ink\src\third_party\llvm\llvm\include\llvm\ADT\bit.h(268) : warning C4702: 无法访问的代码
D:\github\ink\src\third_party\llvm\llvm\include\llvm\ADT\bit.h(270) : warning C4702: 无法访问的代码
D:\github\ink\src\third_party\llvm\llvm\include\llvm\Support\MathExtras.h(193) : warning C4702: 无法访问的代码
[35/64] Building CXX object src\lib\backend\llvm\CMakeFiles\ink_backend_llvm.dir\llvm_backend.cpp.obj
cl: 命令行 warning D9025 :正在重写“/EHs”(用“/EHs-”)
cl: 命令行 warning D9025 :正在重写“/EHc”(用“/EHc-”)
D:\github\ink\src\lib\backend\llvm\llvm_backend.cpp(136): warning C4996: 'llvm::TargetRegistry::lookupTarget': Use overload accepting Triple instead
[36/64] Linking CXX static library src\lib\backend\llvm\ink_backend_llvm.lib
[37/64] Linking CXX executable src\tools\inkc\inkc.exe
[38/64] Building CXX object src\testcase\CMakeFiles\ink_tests.dir\execution\bytecode\execution_compiler_test.cpp.obj
cl: 命令行 warning D9025 :正在重写“/EHs”(用“/EHs-”)
cl: 命令行 warning D9025 :正在重写“/EHc”(用“/EHc-”)
[39/64] Building CXX object src\testcase\CMakeFiles\ink_tests.dir\execution\bytecode\class_bytecode_test.cpp.obj
cl: 命令行 warning D9025 :正在重写“/EHs”(用“/EHs-”)
cl: 命令行 warning D9025 :正在重写“/EHc”(用“/EHc-”)
[40/64] Building CXX object src\testcase\CMakeFiles\ink_tests.dir\execution\artifact\class_artifact_test.cpp.obj
cl: 命令行 warning D9025 :正在重写“/EHs”(用“/EHs-”)
cl: 命令行 warning D9025 :正在重写“/EHc”(用“/EHc-”)
[41/64] Building CXX object src\testcase\CMakeFiles\ink_tests.dir\execution\bytecode\array_bytecode_test.cpp.obj
cl: 命令行 warning D9025 :正在重写“/EHs”(用“/EHs-”)
cl: 命令行 warning D9025 :正在重写“/EHc”(用“/EHc-”)
[42/64] Building CXX object src\testcase\CMakeFiles\ink_tests.dir\execution\artifact\array_artifact_test.cpp.obj
cl: 命令行 warning D9025 :正在重写“/EHs”(用“/EHs-”)
cl: 命令行 warning D9025 :正在重写“/EHc”(用“/EHc-”)
[43/64] Building CXX object src\testcase\CMakeFiles\ink_tests.dir\execution\artifact\bytecode_builder_test.cpp.obj
cl: 命令行 warning D9025 :正在重写“/EHs”(用“/EHs-”)
cl: 命令行 warning D9025 :正在重写“/EHc”(用“/EHc-”)
[44/64] Building CXX object src\testcase\CMakeFiles\ink_tests.dir\execution\artifact\bytecode_linker_test.cpp.obj
cl: 命令行 warning D9025 :正在重写“/EHs”(用“/EHs-”)
cl: 命令行 warning D9025 :正在重写“/EHc”(用“/EHc-”)
[45/64] Building CXX object src\testcase\CMakeFiles\ink_tests.dir\execution\artifact\bytecode_archive_test.cpp.obj
cl: 命令行 warning D9025 :正在重写“/EHs”(用“/EHs-”)
cl: 命令行 warning D9025 :正在重写“/EHc”(用“/EHc-”)
[46/64] Building CXX object src\testcase\CMakeFiles\ink_tests.dir\execution\engine\bytecode_execution_test.cpp.obj
cl: 命令行 warning D9025 :正在重写“/EHs”(用“/EHs-”)
cl: 命令行 warning D9025 :正在重写“/EHc”(用“/EHc-”)
[47/64] Building CXX object src\testcase\CMakeFiles\ink_tests.dir\execution\engine\execution_config_test.cpp.obj
cl: 命令行 warning D9025 :正在重写“/EHs”(用“/EHs-”)
cl: 命令行 warning D9025 :正在重写“/EHc”(用“/EHc-”)
[48/64] Building CXX object src\testcase\CMakeFiles\ink_tests.dir\execution\engine\execution_call_test.cpp.obj
cl: 命令行 warning D9025 :正在重写“/EHs”(用“/EHs-”)
cl: 命令行 warning D9025 :正在重写“/EHc”(用“/EHc-”)
[49/64] Building CXX object src\testcase\CMakeFiles\ink_tests.dir\execution\engine\bytecode_storage_test.cpp.obj
cl: 命令行 warning D9025 :正在重写“/EHs”(用“/EHs-”)
cl: 命令行 warning D9025 :正在重写“/EHc”(用“/EHc-”)
[50/64] Building CXX object src\testcase\CMakeFiles\ink_tests.dir\execution\ffi\external_fixture_test.cpp.obj
cl: 命令行 warning D9025 :正在重写“/EHs”(用“/EHs-”)
cl: 命令行 warning D9025 :正在重写“/EHc”(用“/EHc-”)
[51/64] Building CXX object src\testcase\CMakeFiles\ink_tests.dir\execution\engine\execution_engine_test.cpp.obj
cl: 命令行 warning D9025 :正在重写“/EHs”(用“/EHs-”)
cl: 命令行 warning D9025 :正在重写“/EHc”(用“/EHc-”)
[52/64] Building CXX object src\testcase\CMakeFiles\ink_tests.dir\execution\engine\logical_execution_test.cpp.obj
cl: 命令行 warning D9025 :正在重写“/EHs”(用“/EHs-”)
cl: 命令行 warning D9025 :正在重写“/EHc”(用“/EHc-”)
[53/64] Building CXX object src\testcase\CMakeFiles\ink_tests.dir\execution\engine\ir_execution_test.cpp.obj
cl: 命令行 warning D9025 :正在重写“/EHs”(用“/EHs-”)
cl: 命令行 warning D9025 :正在重写“/EHc”(用“/EHc-”)
[54/64] Building CXX object src\testcase\CMakeFiles\ink_tests.dir\execution\engine\execution_image_test.cpp.obj
cl: 命令行 warning D9025 :正在重写“/EHs”(用“/EHs-”)
cl: 命令行 warning D9025 :正在重写“/EHc”(用“/EHc-”)
[55/64] Building CXX object src\testcase\CMakeFiles\ink_tests.dir\execution\support\execution_diagnostic_test.cpp.obj
cl: 命令行 warning D9025 :正在重写“/EHs”(用“/EHs-”)
cl: 命令行 warning D9025 :正在重写“/EHc”(用“/EHc-”)
[56/64] Building CXX object src\testcase\CMakeFiles\ink_tests.dir\execution\value\execution_integer_test.cpp.obj
cl: 命令行 warning D9025 :正在重写“/EHs”(用“/EHs-”)
cl: 命令行 warning D9025 :正在重写“/EHc”(用“/EHc-”)
[57/64] Building CXX object src\testcase\CMakeFiles\ink_tests.dir\execution\ffi\array_read_test.cpp.obj
cl: 命令行 warning D9025 :正在重写“/EHs”(用“/EHs-”)
cl: 命令行 warning D9025 :正在重写“/EHc”(用“/EHc-”)
[58/64] Building CXX object src\testcase\CMakeFiles\ink_tests.dir\execution\ffi\ffi_argument_test.cpp.obj
cl: 命令行 warning D9025 :正在重写“/EHs”(用“/EHs-”)
cl: 命令行 warning D9025 :正在重写“/EHc”(用“/EHc-”)
[59/64] Building CXX object src\testcase\CMakeFiles\ink_tests.dir\execution\ffi\native_call_cache_test.cpp.obj
cl: 命令行 warning D9025 :正在重写“/EHs”(用“/EHs-”)
cl: 命令行 warning D9025 :正在重写“/EHc”(用“/EHc-”)
[60/64] Building CXX object src\testcase\CMakeFiles\ink_tests.dir\execution\ffi\native_storage_offset_test.cpp.obj
cl: 命令行 warning D9025 :正在重写“/EHs”(用“/EHs-”)
cl: 命令行 warning D9025 :正在重写“/EHc”(用“/EHc-”)
[61/64] Building CXX object src\testcase\CMakeFiles\ink_tests.dir\execution\engine\native_layout_execution_test.cpp.obj
cl: 命令行 warning D9025 :正在重写“/EHs”(用“/EHs-”)
cl: 命令行 warning D9025 :正在重写“/EHc”(用“/EHc-”)
[62/64] Building CXX object src\testcase\CMakeFiles\ink_tests.dir\execution\ffi\native_storage_test.cpp.obj
cl: 命令行 warning D9025 :正在重写“/EHs”(用“/EHs-”)
cl: 命令行 warning D9025 :正在重写“/EHc”(用“/EHc-”)
[63/64] Linking CXX executable src\testcase\ink_tests.exe
