Test project D:/github/ink/cmake-build-debug
        Start 4079: AOTReflectionTest
        Start 4070: AOTClassTest.SignedArrayIndex
        Start 4076: AOTClassTest.SharedValuesAndPointers
        Start 4072: AOTClassTest.OperatorCopiesLeftOperand
        Start 4068: AOTClassTest.ArrayBounds
        Start 4067: AOTClassTest.EscapedAddressCanBeDiscarded
        Start 4075: AOTClassTest.SharedMethodsDefaults
        Start 4071: AOTClassTest.DefaultsAndEvaluationOrder
  1/164 Test #4079: AOTReflectionTest ...................................................   Passed    2.65 sec
        Start 4064: AOTClassTest.ValueCopyAndMethod
  2/164 Test #4068: AOTClassTest.ArrayBounds ............................................   Passed    2.68 sec
        Start 3917: BytecodeProcessTest
  3/164 Test #4067: AOTClassTest.EscapedAddressCanBeDiscarded ...........................   Passed    2.68 sec
        Start 4066: AOTClassTest.WideFieldsAndEmptyObjects
  4/164 Test #4070: AOTClassTest.SignedArrayIndex .......................................   Passed    2.79 sec
        Start 4078: AOTClassTest.SharedMethodEffects
  5/164 Test #4071: AOTClassTest.DefaultsAndEvaluationOrder .............................   Passed    2.81 sec
        Start 4065: AOTClassTest.NestedArraysAndAliases
  6/164 Test #4072: AOTClassTest.OperatorCopiesLeftOperand ..............................   Passed    2.88 sec
        Start 4077: AOTClassTest.SharedComptime
  7/164 Test #4075: AOTClassTest.SharedMethodsDefaults ..................................   Passed    2.87 sec
        Start 4073: AOTClassTest.NativeClassStorage
  8/164 Test #4076: AOTClassTest.SharedValuesAndPointers ................................   Passed    2.98 sec
        Start 4069: AOTClassTest.ArrayBoundsPreservesOutput
  9/164 Test #4064: AOTClassTest.ValueCopyAndMethod .....................................   Passed    1.02 sec
        Start 4074: AOTClassTest.NativePointerOutParameter
 10/164 Test #4066: AOTClassTest.WideFieldsAndEmptyObjects ..............................   Passed    1.03 sec
        Start 3918: ArrayReadProcessTest
 11/164 Test #4078: AOTClassTest.SharedMethodEffects ....................................   Passed    0.99 sec
        Start 4033: ExecutionSourceTest.Class.Main.Effects
 12/164 Test #3917: BytecodeProcessTest .................................................   Passed    1.18 sec
        Start 4032: ExecutionSourceTest.Class.Main.Comptime
 13/164 Test #4065: AOTClassTest.NestedArraysAndAliases .................................   Passed    1.08 sec
 14/164 Test #4077: AOTClassTest.SharedComptime .........................................   Passed    1.04 sec
        Start 3916: InkcProcessTest
        Start 4054: ExecutionMultiFileTest.mutual_calls
 15/164 Test #4069: AOTClassTest.ArrayBoundsPreservesOutput .............................   Passed    0.96 sec
        Start 4059: ExecutionMultiFileTest.private_isolation
 16/164 Test #4073: AOTClassTest.NativeClassStorage .....................................   Passed    1.06 sec
        Start 4040: ExecutionClassMultiFileTest.defaults_methods
 17/164 Test #4033: ExecutionSourceTest.Class.Main.Effects ..............................   Passed    0.24 sec
        Start 4045: ExecutionMultiFileTest.chain
 18/164 Test #4032: ExecutionSourceTest.Class.Main.Comptime .............................   Passed    0.23 sec
        Start 4043: ExecutionClassMultiFileTest.qualified_class
 19/164 Test #4054: ExecutionMultiFileTest.mutual_calls .................................   Passed    0.42 sec
        Start 4062: ExecutionMultiFileTest.shared_memory
 20/164 Test #4040: ExecutionClassMultiFileTest.defaults_methods ........................   Passed    0.41 sec
        Start 4061: ExecutionMultiFileTest.relative_imports
 21/164 Test #4059: ExecutionMultiFileTest.private_isolation ............................   Passed    0.44 sec
        Start 4046: ExecutionMultiFileTest.comptime_imports
 22/164 Test #3918: ArrayReadProcessTest ................................................   Passed    0.67 sec
        Start 4060: ExecutionMultiFileTest.qualified_modules
 23/164 Test #4045: ExecutionMultiFileTest.chain ........................................   Passed    0.41 sec
        Start 4030: ExecutionSourceTest.Class.Main.MethodsDefaults
 24/164 Test #4043: ExecutionClassMultiFileTest.qualified_class .........................   Passed    0.38 sec
        Start 4055: ExecutionMultiFileTest.native_boundaries
 25/164 Test #4074: AOTClassTest.NativePointerOutParameter ..............................   Passed    1.02 sec
        Start 4056: ExecutionMultiFileTest.native_link
 26/164 Test #4030: ExecutionSourceTest.Class.Main.MethodsDefaults ......................   Passed    0.27 sec
        Start 4048: ExecutionMultiFileTest.extern_declaration
 27/164 Test #4062: ExecutionMultiFileTest.shared_memory ................................   Passed    0.49 sec
        Start 4042: ExecutionClassMultiFileTest.private_method
 28/164 Test #4055: ExecutionMultiFileTest.native_boundaries ............................   Passed    0.42 sec
        Start 4057: ExecutionMultiFileTest.overloads
 29/164 Test #4046: ExecutionMultiFileTest.comptime_imports .............................   Passed    0.53 sec
 30/164 Test #4061: ExecutionMultiFileTest.relative_imports .............................   Passed    0.54 sec
 31/164 Test #4060: ExecutionMultiFileTest.qualified_modules ............................   Passed    0.52 sec
        Start 4052: ExecutionMultiFileTest.module_access
        Start 3948: ExecutionSourceTest.Array.Main.Values
        Start 3947: ExecutionSourceTest.Array.Main.Widths
 32/164 Test #4042: ExecutionClassMultiFileTest.private_method ..........................   Passed    0.18 sec
        Start 3946: ExecutionSourceTest.Array.Main.Basics
 33/164 Test #4056: ExecutionMultiFileTest.native_link ..................................   Passed    0.43 sec
        Start 3949: ExecutionSourceTest.Array.Main.Effects
 34/164 Test #4048: ExecutionMultiFileTest.extern_declaration ...........................   Passed    0.41 sec
        Start 3950: ExecutionSourceTest.Array.Main.Comptime
 35/164 Test #3947: ExecutionSourceTest.Array.Main.Widths ...............................   Passed    0.32 sec
        Start 3978: ExecutionSourceTest.Array.Runtime.ReadOutOfBounds
 36/164 Test #3948: ExecutionSourceTest.Array.Main.Values ...............................   Passed    0.34 sec
        Start 3977: ExecutionSourceTest.Array.Runtime.NegativeIndex
 37/164 Test #4052: ExecutionMultiFileTest.module_access ................................   Passed    0.43 sec
        Start 3951: ExecutionSourceTest.Array.Main.Read
 38/164 Test #3946: ExecutionSourceTest.Array.Main.Basics ...............................   Passed    0.33 sec
 39/164 Test #4057: ExecutionMultiFileTest.overloads ....................................   Passed    0.45 sec
        Start 4031: ExecutionSourceTest.Class.Main.ValuesDunder
        Start 3980: ExecutionSourceTest.Array.Runtime.AddressOutOfBounds
 40/164 Test #3949: ExecutionSourceTest.Array.Main.Effects ..............................   Passed    0.30 sec
        Start 3979: ExecutionSourceTest.Array.Runtime.WriteOutOfBounds
 41/164 Test #3950: ExecutionSourceTest.Array.Main.Comptime .............................   Passed    0.29 sec
        Start 3983: ExecutionSourceTest.Array.Runtime.EscapedElement
 42/164 Test #3978: ExecutionSourceTest.Array.Runtime.ReadOutOfBounds ...................   Passed    0.26 sec
        Start 3981: ExecutionSourceTest.Array.Runtime.EmptyIndex
 43/164 Test #3977: ExecutionSourceTest.Array.Runtime.NegativeIndex .....................   Passed    0.28 sec
        Start 3982: ExecutionSourceTest.Array.Runtime.WideIndex
 44/164 Test #4031: ExecutionSourceTest.Class.Main.ValuesDunder .........................   Passed    0.27 sec
        Start 3995: ExecutionSourceTest.Logical.ShortCircuit.reach_and
 45/164 Test #3979: ExecutionSourceTest.Array.Runtime.WriteOutOfBounds ..................   Passed    0.26 sec
        Start 4047: ExecutionMultiFileTest.duplicate_definition
 46/164 Test #3980: ExecutionSourceTest.Array.Runtime.AddressOutOfBounds ................   Passed    0.29 sec
        Start 4041: ExecutionClassMultiFileTest.private_field
 47/164 Test #3951: ExecutionSourceTest.Array.Main.Read .................................   Passed    0.31 sec
        Start 3932: ExecutionSourceTest.Function.Main.Calls
 48/164 Test #3983: ExecutionSourceTest.Array.Runtime.EscapedElement ....................   Passed    0.28 sec
        Start 4050: ExecutionMultiFileTest.missing_module
 49/164 Test #3995: ExecutionSourceTest.Logical.ShortCircuit.reach_and ..................   Passed    0.14 sec
        Start 4044: ExecutionMultiFileTest.ambiguous_import
 50/164 Test #3981: ExecutionSourceTest.Array.Runtime.EmptyIndex ........................   Passed    0.28 sec
        Start 4049: ExecutionMultiFileTest.forbidden_declaration
 51/164 Test #3932: ExecutionSourceTest.Function.Main.Calls .............................   Passed    0.15 sec
        Start 4053: ExecutionMultiFileTest.module_access_denied
 52/164 Test #3982: ExecutionSourceTest.Array.Runtime.WideIndex .........................   Passed    0.27 sec
        Start 4058: ExecutionMultiFileTest.private_access_denied
 53/164 Test #4041: ExecutionClassMultiFileTest.private_field ...........................   Passed    0.18 sec
        Start 4051: ExecutionMultiFileTest.missing_symbol
 54/164 Test #4050: ExecutionMultiFileTest.missing_module ...............................   Passed    0.17 sec
 55/164 Test #4047: ExecutionMultiFileTest.duplicate_definition .........................   Passed    0.23 sec
        Start 4063: ExecutionMultiFileTest.signature_mismatch
        Start 3933: ExecutionSourceTest.Function.Main.Storage
 56/164 Test #4044: ExecutionMultiFileTest.ambiguous_import .............................   Passed    0.16 sec
        Start 3976: ExecutionSourceTest.Array.Invalid.ComptimeBounds
 57/164 Test #4049: ExecutionMultiFileTest.forbidden_declaration ........................   Passed    0.17 sec
        Start 3972: ExecutionSourceTest.Array.Invalid.ConstWrite
 58/164 Test #4053: ExecutionMultiFileTest.module_access_denied .........................   Passed    0.17 sec
        Start 3953: ExecutionSourceTest.Array.Invalid.NegativeLength
 59/164 Test #4058: ExecutionMultiFileTest.private_access_denied ........................   Passed    0.17 sec
        Start 3965: ExecutionSourceTest.Array.Invalid.FloatIndex
 60/164 Test #3933: ExecutionSourceTest.Function.Main.Storage ...........................   Passed    0.12 sec
 61/164 Test #4051: ExecutionMultiFileTest.missing_symbol ...............................   Passed    0.17 sec
        Start 3952: ExecutionSourceTest.Array.Invalid.EmptyInference
        Start 3960: ExecutionSourceTest.Array.Invalid.ElementType
 62/164 Test #4063: ExecutionMultiFileTest.signature_mismatch ...........................   Passed    0.17 sec
        Start 3961: ExecutionSourceTest.Array.Invalid.LengthMismatch
 63/164 Test #3976: ExecutionSourceTest.Array.Invalid.ComptimeBounds ....................   Passed    0.12 sec
        Start 3971: ExecutionSourceTest.Array.Invalid.EmptyArrayIndex
 64/164 Test #3916: InkcProcessTest .....................................................   Passed    2.13 sec
        Start 3959: ExecutionSourceTest.Array.Invalid.StorageOverflow
 65/164 Test #3972: ExecutionSourceTest.Array.Invalid.ConstWrite ........................   Passed    0.13 sec
        Start 3963: ExecutionSourceTest.Array.Invalid.ByteOverflow
 66/164 Test #3953: ExecutionSourceTest.Array.Invalid.NegativeLength ....................   Passed    0.13 sec
        Start 3975: ExecutionSourceTest.Array.Invalid.UninitializedWrite
 67/164 Test #3965: ExecutionSourceTest.Array.Invalid.FloatIndex ........................   Passed    0.13 sec
        Start 3964: ExecutionSourceTest.Array.Invalid.BoolIndex
 68/164 Test #3952: ExecutionSourceTest.Array.Invalid.EmptyInference ....................   Passed    0.14 sec
        Start 3970: ExecutionSourceTest.Array.Invalid.ConstantAddressBounds
 69/164 Test #3960: ExecutionSourceTest.Array.Invalid.ElementType .......................   Passed    0.14 sec
        Start 3967: ExecutionSourceTest.Array.Invalid.ConstantNegativeIndex
 70/164 Test #3961: ExecutionSourceTest.Array.Invalid.LengthMismatch ....................   Passed    0.14 sec
        Start 3956: ExecutionSourceTest.Array.Invalid.UnrepresentableLength
 71/164 Test #3971: ExecutionSourceTest.Array.Invalid.EmptyArrayIndex ...................   Passed    0.14 sec
        Start 3955: ExecutionSourceTest.Array.Invalid.FloatLength
 72/164 Test #3959: ExecutionSourceTest.Array.Invalid.StorageOverflow ...................   Passed    0.14 sec
        Start 3954: ExecutionSourceTest.Array.Invalid.BoolLength
 73/164 Test #3963: ExecutionSourceTest.Array.Invalid.ByteOverflow ......................   Passed    0.13 sec
        Start 3962: ExecutionSourceTest.Array.Invalid.NestedTypeMismatch
 74/164 Test #3975: ExecutionSourceTest.Array.Invalid.UninitializedWrite ................   Passed    0.13 sec
        Start 3968: ExecutionSourceTest.Array.Invalid.ConstantReadBounds
 75/164 Test #3964: ExecutionSourceTest.Array.Invalid.BoolIndex .........................   Passed    0.13 sec
        Start 3974: ExecutionSourceTest.Array.Invalid.UninitializedRead
 76/164 Test #3970: ExecutionSourceTest.Array.Invalid.ConstantAddressBounds .............   Passed    0.13 sec
        Start 3958: ExecutionSourceTest.Array.Invalid.RuntimeLength
 77/164 Test #3967: ExecutionSourceTest.Array.Invalid.ConstantNegativeIndex .............   Passed    0.14 sec
        Start 3973: ExecutionSourceTest.Array.Invalid.ConstAddress
 78/164 Test #3956: ExecutionSourceTest.Array.Invalid.UnrepresentableLength .............   Passed    0.13 sec
        Start 3957: ExecutionSourceTest.Array.Invalid.ExcessiveLength
 79/164 Test #3955: ExecutionSourceTest.Array.Invalid.FloatLength .......................   Passed    0.13 sec
        Start 3966: ExecutionSourceTest.Array.Invalid.NonarrayIndex
 80/164 Test #3954: ExecutionSourceTest.Array.Invalid.BoolLength ........................   Passed    0.13 sec
        Start 3969: ExecutionSourceTest.Array.Invalid.ConstantWriteBounds
 81/164 Test #3962: ExecutionSourceTest.Array.Invalid.NestedTypeMismatch ................   Passed    0.12 sec
        Start 3921: ExecutionSourceTest.Logical.Main.Comparisons
 82/164 Test #3968: ExecutionSourceTest.Array.Invalid.ConstantReadBounds ................   Passed    0.12 sec
        Start 3927: ExecutionSourceTest.ControlFlow.Main.Branches
 83/164 Test #3974: ExecutionSourceTest.Array.Invalid.UninitializedRead .................   Passed    0.11 sec
        Start 3938: ExecutionSourceTest.External.Main.Strings
 84/164 Test #3958: ExecutionSourceTest.Array.Invalid.RuntimeLength .....................   Passed    0.11 sec
        Start 3929: ExecutionSourceTest.Arithmetic.Main.Widths
 85/164 Test #3973: ExecutionSourceTest.Array.Invalid.ConstAddress ......................   Passed    0.11 sec
        Start 3928: ExecutionSourceTest.Comptime.Main.ControlFlow
 86/164 Test #3957: ExecutionSourceTest.Array.Invalid.ExcessiveLength ...................   Passed    0.12 sec
        Start 3926: ExecutionSourceTest.Logical.Main.NestedTruthTables
 87/164 Test #3969: ExecutionSourceTest.Array.Invalid.ConstantWriteBounds ...............   Passed    0.11 sec
        Start 3920: ExecutionSourceTest.Logical.Main.TruthTables
 88/164 Test #3966: ExecutionSourceTest.Array.Invalid.NonarrayIndex .....................   Passed    0.13 sec
        Start 3922: ExecutionSourceTest.Logical.Main.Contexts
 89/164 Test #3921: ExecutionSourceTest.Logical.Main.Comparisons ........................   Passed    0.13 sec
        Start 3925: ExecutionSourceTest.Logical.Main.Effects
 90/164 Test #3927: ExecutionSourceTest.ControlFlow.Main.Branches .......................   Passed    0.13 sec
 91/164 Test #3938: ExecutionSourceTest.External.Main.Strings ...........................   Passed    0.11 sec
        Start 4020: ExecutionSourceTest.Function.Invalid.MissingReturn
        Start 3931: ExecutionSourceTest.Arithmetic.Main.Comptime
 92/164 Test #3929: ExecutionSourceTest.Arithmetic.Main.Widths ..........................   Passed    0.12 sec
        Start 3940: ExecutionSourceTest.External.Main.Effects
 93/164 Test #3928: ExecutionSourceTest.Comptime.Main.ControlFlow .......................   Passed    0.11 sec
        Start 3937: ExecutionSourceTest.External.Main.Comptime
 94/164 Test #3926: ExecutionSourceTest.Logical.Main.NestedTruthTables ..................   Passed    0.11 sec
        Start 3934: ExecutionSourceTest.Function.Main.Effects
 95/164 Test #3920: ExecutionSourceTest.Logical.Main.TruthTables ........................   Passed    0.14 sec
        Start 4009: ExecutionSourceTest.Arithmetic.Invalid.UnsignedRange
 96/164 Test #3922: ExecutionSourceTest.Logical.Main.Contexts ...........................   Passed    0.14 sec
        Start 3930: ExecutionSourceTest.Arithmetic.Main.Contexts
 97/164 Test #3925: ExecutionSourceTest.Logical.Main.Effects ............................   Passed    0.13 sec
        Start 3984: ExecutionSourceTest.External.Invalid.ArgumentType
 98/164 Test #4020: ExecutionSourceTest.Function.Invalid.MissingReturn ..................   Passed    0.13 sec
        Start 3941: ExecutionSourceTest.External.Invalid.MissingSymbol
 99/164 Test #3931: ExecutionSourceTest.Arithmetic.Main.Comptime ........................   Passed    0.15 sec
        Start 3924: ExecutionSourceTest.Logical.Main.Comptime
100/164 Test #3937: ExecutionSourceTest.External.Main.Comptime ..........................   Passed    0.13 sec
101/164 Test #3940: ExecutionSourceTest.External.Main.Effects ...........................   Passed    0.15 sec
        Start 3936: ExecutionSourceTest.External.Main.Scalars
        Start 4029: ExecutionSourceTest.Function.Invalid.MissingBody
102/164 Test #3934: ExecutionSourceTest.Function.Main.Effects ...........................   Passed    0.13 sec
        Start 4037: ExecutionSourceTest.Class.Invalid.WrongMethodArgument
103/164 Test #4009: ExecutionSourceTest.Arithmetic.Invalid.UnsignedRange ................   Passed    0.11 sec
        Start 3997: ExecutionSourceTest.Logical.ShortCircuit.nested_reach
104/164 Test #3930: ExecutionSourceTest.Arithmetic.Main.Contexts ........................   Passed    0.12 sec
        Start 4007: ExecutionSourceTest.Arithmetic.Invalid.SignedMinimum
105/164 Test #3984: ExecutionSourceTest.External.Invalid.ArgumentType ...................   Passed    0.11 sec
        Start 4026: ExecutionSourceTest.Function.Invalid.NotCallable
106/164 Test #3941: ExecutionSourceTest.External.Invalid.MissingSymbol ..................   Passed    0.12 sec
        Start 4028: ExecutionSourceTest.Function.Invalid.DuplicateDefinition
107/164 Test #3924: ExecutionSourceTest.Logical.Main.Comptime ...........................   Passed    0.11 sec
        Start 3939: ExecutionSourceTest.External.Main.Pointers
108/164 Test #3936: ExecutionSourceTest.External.Main.Scalars ...........................   Passed    0.11 sec
        Start 4025: ExecutionSourceTest.Function.Invalid.Capture
109/164 Test #4037: ExecutionSourceTest.Class.Invalid.WrongMethodArgument ...............   Passed    0.10 sec
        Start 4010: ExecutionSourceTest.Arithmetic.Invalid.DivisionZero
110/164 Test #4029: ExecutionSourceTest.Function.Invalid.MissingBody ....................   Passed    0.13 sec
        Start 4000: ExecutionSourceTest.ControlFlow.Invalid.UninitializedReturningArm
111/164 Test #3997: ExecutionSourceTest.Logical.ShortCircuit.nested_reach ...............   Passed    0.12 sec
        Start 4024: ExecutionSourceTest.Function.Invalid.VoidValue
112/164 Test #4026: ExecutionSourceTest.Function.Invalid.NotCallable ....................   Passed    0.10 sec
        Start 3985: ExecutionSourceTest.External.Invalid.ArgumentCount
113/164 Test #4007: ExecutionSourceTest.Arithmetic.Invalid.SignedMinimum ................   Passed    0.12 sec
        Start 4005: ExecutionSourceTest.Arithmetic.Invalid.Bool
114/164 Test #4028: ExecutionSourceTest.Function.Invalid.DuplicateDefinition ............   Passed    0.11 sec
        Start 4015: ExecutionSourceTest.Function.Invalid.ExtraArgument
115/164 Test #3939: ExecutionSourceTest.External.Main.Pointers ..........................   Passed    0.11 sec
        Start 3944: ExecutionSourceTest.External.Invalid.UnsupportedFloat
116/164 Test #4025: ExecutionSourceTest.Function.Invalid.Capture ........................   Passed    0.11 sec
        Start 4004: ExecutionSourceTest.Arithmetic.Invalid.Signedness
117/164 Test #4010: ExecutionSourceTest.Arithmetic.Invalid.DivisionZero .................   Passed    0.12 sec
        Start 4027: ExecutionSourceTest.Function.Invalid.DuplicateParameter
118/164 Test #4000: ExecutionSourceTest.ControlFlow.Invalid.UninitializedReturningArm ...   Passed    0.12 sec
        Start 4016: ExecutionSourceTest.Function.Invalid.ArgumentType
119/164 Test #4024: ExecutionSourceTest.Function.Invalid.VoidValue ......................   Passed    0.12 sec
        Start 4023: ExecutionSourceTest.Function.Invalid.ReturnType
120/164 Test #3985: ExecutionSourceTest.External.Invalid.ArgumentCount ..................   Passed    0.12 sec
        Start 3942: ExecutionSourceTest.External.Invalid.ComptimeMissingSymbol
121/164 Test #4005: ExecutionSourceTest.Arithmetic.Invalid.Bool .........................   Passed    0.12 sec
        Start 4019: ExecutionSourceTest.Function.Invalid.NoMatchingOverload
122/164 Test #4015: ExecutionSourceTest.Function.Invalid.ExtraArgument ..................   Passed    0.11 sec
        Start 3999: ExecutionSourceTest.ControlFlow.Invalid.UninitializedMerge
123/164 Test #3944: ExecutionSourceTest.External.Invalid.UnsupportedFloat ...............   Passed    0.11 sec
        Start 3943: ExecutionSourceTest.External.Invalid.UnsupportedInteger
124/164 Test #4004: ExecutionSourceTest.Arithmetic.Invalid.Signedness ...................   Passed    0.11 sec
        Start 4013: ExecutionSourceTest.Arithmetic.Invalid.ShiftWidth
125/164 Test #4027: ExecutionSourceTest.Function.Invalid.DuplicateParameter .............   Passed    0.11 sec
        Start 4012: ExecutionSourceTest.Arithmetic.Invalid.ShiftNegative
126/164 Test #4016: ExecutionSourceTest.Function.Invalid.ArgumentType ...................   Passed    0.11 sec
        Start 4021: ExecutionSourceTest.Function.Invalid.EmptyReturn
127/164 Test #4023: ExecutionSourceTest.Function.Invalid.ReturnType .....................   Passed    0.12 sec
        Start 4018: ExecutionSourceTest.Function.Invalid.AmbiguousOverload
128/164 Test #4019: ExecutionSourceTest.Function.Invalid.NoMatchingOverload .............   Passed    0.10 sec
        Start 3991: ExecutionSourceTest.Logical.Invalid.SkippedOrRightInteger
129/164 Test #3942: ExecutionSourceTest.External.Invalid.ComptimeMissingSymbol ..........   Passed    0.12 sec
        Start 4006: ExecutionSourceTest.Arithmetic.Invalid.SignedRange
130/164 Test #3999: ExecutionSourceTest.ControlFlow.Invalid.UninitializedMerge ..........   Passed    0.11 sec
        Start 4002: ExecutionSourceTest.ControlFlow.Invalid.UnselectedRuntimeName
131/164 Test #3943: ExecutionSourceTest.External.Invalid.UnsupportedInteger .............   Passed    0.11 sec
        Start 4022: ExecutionSourceTest.Function.Invalid.VoidReturn
132/164 Test #4013: ExecutionSourceTest.Arithmetic.Invalid.ShiftWidth ...................   Passed    0.11 sec
        Start 4003: ExecutionSourceTest.Arithmetic.Invalid.Widths
133/164 Test #4012: ExecutionSourceTest.Arithmetic.Invalid.ShiftNegative ................   Passed    0.11 sec
        Start 3923: ExecutionSourceTest.Logical.Main.ShortCircuit
134/164 Test #4021: ExecutionSourceTest.Function.Invalid.EmptyReturn ....................   Passed    0.11 sec
        Start 4014: ExecutionSourceTest.Function.Invalid.MissingArgument
135/164 Test #4018: ExecutionSourceTest.Function.Invalid.AmbiguousOverload ..............   Passed    0.11 sec
        Start 4011: ExecutionSourceTest.Arithmetic.Invalid.RemainderZero
136/164 Test #3991: ExecutionSourceTest.Logical.Invalid.SkippedOrRightInteger ...........   Passed    0.11 sec
        Start 4008: ExecutionSourceTest.Arithmetic.Invalid.UnsignedNegative
137/164 Test #4006: ExecutionSourceTest.Arithmetic.Invalid.SignedRange ..................   Passed    0.12 sec
        Start 3998: ExecutionSourceTest.ControlFlow.Invalid.Condition
138/164 Test #4002: ExecutionSourceTest.ControlFlow.Invalid.UnselectedRuntimeName .......   Passed    0.11 sec
        Start 4017: ExecutionSourceTest.Function.Invalid.ArgumentWidth
139/164 Test #4003: ExecutionSourceTest.Arithmetic.Invalid.Widths .......................   Passed    0.11 sec
        Start 3988: ExecutionSourceTest.Logical.Invalid.AndLeftInteger
140/164 Test #4022: ExecutionSourceTest.Function.Invalid.VoidReturn .....................   Passed    0.14 sec
        Start 3994: ExecutionSourceTest.Logical.Invalid.CompareBoolOrder
141/164 Test #3923: ExecutionSourceTest.Logical.Main.ShortCircuit .......................   Passed    0.11 sec
        Start 3992: ExecutionSourceTest.Logical.Invalid.CompareWidths
142/164 Test #4014: ExecutionSourceTest.Function.Invalid.MissingArgument ................   Passed    0.11 sec
        Start 3996: ExecutionSourceTest.Logical.ShortCircuit.reach_or
143/164 Test #4011: ExecutionSourceTest.Arithmetic.Invalid.RemainderZero ................   Passed    0.11 sec
        Start 3993: ExecutionSourceTest.Logical.Invalid.CompareSignedness
144/164 Test #4008: ExecutionSourceTest.Arithmetic.Invalid.UnsignedNegative .............   Passed    0.11 sec
        Start 3986: ExecutionSourceTest.External.Invalid.RuntimeEmbeddedNul
145/164 Test #3998: ExecutionSourceTest.ControlFlow.Invalid.Condition ...................   Passed    0.12 sec
        Start 3987: ExecutionSourceTest.Logical.Invalid.NotInteger
146/164 Test #4017: ExecutionSourceTest.Function.Invalid.ArgumentWidth ..................   Passed    0.12 sec
        Start 3989: ExecutionSourceTest.Logical.Invalid.SkippedAndRightInteger
147/164 Test #3988: ExecutionSourceTest.Logical.Invalid.AndLeftInteger ..................   Passed    0.12 sec
        Start 4034: ExecutionSourceTest.Class.Invalid.PrivateField
148/164 Test #3994: ExecutionSourceTest.Logical.Invalid.CompareBoolOrder ................   Passed    0.12 sec
        Start 4001: ExecutionSourceTest.ControlFlow.Invalid.EscapedLocal
149/164 Test #3992: ExecutionSourceTest.Logical.Invalid.CompareWidths ...................   Passed    0.12 sec
        Start 4035: ExecutionSourceTest.Class.Invalid.PrivateMethod
150/164 Test #3996: ExecutionSourceTest.Logical.ShortCircuit.reach_or ...................   Passed    0.13 sec
        Start 3990: ExecutionSourceTest.Logical.Invalid.OrLeftInteger
151/164 Test #3993: ExecutionSourceTest.Logical.Invalid.CompareSignedness ...............   Passed    0.13 sec
        Start 4039: ExecutionSourceTest.Class.Invalid.ConstMethod
152/164 Test #3986: ExecutionSourceTest.External.Invalid.RuntimeEmbeddedNul .............   Passed    0.12 sec
        Start 4038: ExecutionSourceTest.Class.Invalid.MissingInitializer
153/164 Test #3989: ExecutionSourceTest.Logical.Invalid.SkippedAndRightInteger ..........   Passed    0.11 sec
154/164 Test #3987: ExecutionSourceTest.Logical.Invalid.NotInteger ......................   Passed    0.12 sec
        Start 3945: ExecutionSourceTest.External.Raw.EscapedPointer
        Start 3935: ExecutionSourceTest.Memory.Main.AddressOf
155/164 Test #4034: ExecutionSourceTest.Class.Invalid.PrivateField ......................   Passed    0.12 sec
        Start 4036: ExecutionSourceTest.Class.Invalid.UnknownField
156/164 Test #4001: ExecutionSourceTest.ControlFlow.Invalid.EscapedLocal ................   Passed    0.12 sec
        Start 3919: ExecutionSourceTest.HelloWorld
157/164 Test #4035: ExecutionSourceTest.Class.Invalid.PrivateMethod .....................   Passed    0.12 sec
158/164 Test #3990: ExecutionSourceTest.Logical.Invalid.OrLeftInteger ...................   Passed    0.12 sec
159/164 Test #4039: ExecutionSourceTest.Class.Invalid.ConstMethod .......................   Passed    0.12 sec
160/164 Test #4038: ExecutionSourceTest.Class.Invalid.MissingInitializer ................   Passed    0.12 sec
161/164 Test #3945: ExecutionSourceTest.External.Raw.EscapedPointer .....................   Passed    0.12 sec
162/164 Test #3935: ExecutionSourceTest.Memory.Main.AddressOf ...........................   Passed    0.12 sec
163/164 Test #4036: ExecutionSourceTest.Class.Invalid.UnknownField ......................   Passed    0.10 sec
164/164 Test #3919: ExecutionSourceTest.HelloWorld ......................................   Passed    0.10 sec

100% tests passed, 0 tests failed out of 164

Label Time Summary:
aot             =  30.53 sec*proc (16 tests)
arithmetic      =   1.65 sec*proc (14 tests)
arrays          =   7.65 sec*proc (39 tests)
bytecode        =  14.72 sec*proc (43 tests)
class           =  30.72 sec*proc (29 tests)
cli             =   3.97 sec*proc (3 tests)
comptime        =   1.61 sec*proc (11 tests)
control_flow    =   0.82 sec*proc (7 tests)
differential    =  27.88 sec*proc (15 tests)
execution       =  29.37 sec*proc (148 tests)
external        =   2.35 sec*proc (18 tests)
ffi             =   0.67 sec*proc (1 test)
function        =   2.23 sec*proc (19 tests)
logical         =   2.21 sec*proc (18 tests)
memory          =   0.12 sec*proc (1 test)
multifile       =   8.06 sec*proc (24 tests)
reflection      =   2.65 sec*proc (1 test)
source          =  25.39 sec*proc (145 tests)

Total Test time (real) =   8.17 sec
