[0/2] Re-checking globbed directories...
[1/147] Building CXX object src\lib\ir\CMakeFiles\ink_ir.dir\instruction\return_instruction.cpp.obj
cl: 命令行 warning D9025 :正在重写“/EHs”(用“/EHs-”)
cl: 命令行 warning D9025 :正在重写“/EHc”(用“/EHc-”)
[2/147] Building CXX object src\lib\ir\CMakeFiles\ink_ir.dir\function\basic_block.cpp.obj
cl: 命令行 warning D9025 :正在重写“/EHs”(用“/EHs-”)
cl: 命令行 warning D9025 :正在重写“/EHc”(用“/EHc-”)
[3/147] Building CXX object src\lib\ir\CMakeFiles\ink_ir.dir\instruction\store_instruction.cpp.obj
cl: 命令行 warning D9025 :正在重写“/EHs”(用“/EHs-”)
cl: 命令行 warning D9025 :正在重写“/EHc”(用“/EHc-”)
[4/147] Building CXX object src\lib\ir\CMakeFiles\ink_ir.dir\decl\decl.cpp.obj
cl: 命令行 warning D9025 :正在重写“/EHs”(用“/EHs-”)
cl: 命令行 warning D9025 :正在重写“/EHc”(用“/EHc-”)
[5/147] Building CXX object src\lib\ir\CMakeFiles\ink_ir.dir\context.cpp.obj
cl: 命令行 warning D9025 :正在重写“/EHs”(用“/EHs-”)
cl: 命令行 warning D9025 :正在重写“/EHc”(用“/EHc-”)
[6/147] Building CXX object src\lib\ir\CMakeFiles\ink_ir.dir\constant\constant_pool.cpp.obj
cl: 命令行 warning D9025 :正在重写“/EHs”(用“/EHs-”)
cl: 命令行 warning D9025 :正在重写“/EHc”(用“/EHc-”)
[7/147] Building CXX object src\lib\ir\CMakeFiles\ink_ir.dir\instruction\class_instruction.cpp.obj
cl: 命令行 warning D9025 :正在重写“/EHs”(用“/EHs-”)
cl: 命令行 warning D9025 :正在重写“/EHc”(用“/EHc-”)
[8/147] Building CXX object src\lib\ir\CMakeFiles\ink_ir.dir\ir_builder.cpp.obj
cl: 命令行 warning D9025 :正在重写“/EHs”(用“/EHs-”)
cl: 命令行 warning D9025 :正在重写“/EHc”(用“/EHc-”)
[9/147] Building CXX object src\lib\ir\CMakeFiles\ink_ir.dir\module\module_serialization_binary.cpp.obj
cl: 命令行 warning D9025 :正在重写“/EHs”(用“/EHs-”)
cl: 命令行 warning D9025 :正在重写“/EHc”(用“/EHc-”)
D:\github\ink\src\third_party\llvm\llvm\include\llvm\Support\Endian.h(98) : warning C4702: 无法访问的代码
D:\github\ink\src\third_party\llvm\llvm\include\llvm\Support\Endian.h(98) : warning C4702: 无法访问的代码
D:\github\ink\src\third_party\llvm\llvm\include\llvm\Support\Endian.h(63) : warning C4702: 无法访问的代码
D:\github\ink\src\third_party\llvm\llvm\include\llvm\Support\Endian.h(63) : warning C4702: 无法访问的代码
[10/147] Building CXX object src\lib\ir\CMakeFiles\ink_ir.dir\module\module.cpp.obj
cl: 命令行 warning D9025 :正在重写“/EHs”(用“/EHs-”)
cl: 命令行 warning D9025 :正在重写“/EHc”(用“/EHc-”)
[11/147] Building CXX object src\lib\ir\CMakeFiles\ink_ir.dir\value.cpp.obj
cl: 命令行 warning D9025 :正在重写“/EHs”(用“/EHs-”)
cl: 命令行 warning D9025 :正在重写“/EHc”(用“/EHc-”)
[12/147] Building CXX object src\lib\ir\CMakeFiles\ink_ir.dir\type\type_pool.cpp.obj
cl: 命令行 warning D9025 :正在重写“/EHs”(用“/EHs-”)
cl: 命令行 warning D9025 :正在重写“/EHc”(用“/EHc-”)
[13/147] Building CXX object src\lib\ir\CMakeFiles\ink_ir.dir\module\module_serialization_text.cpp.obj
cl: 命令行 warning D9025 :正在重写“/EHs”(用“/EHs-”)
cl: 命令行 warning D9025 :正在重写“/EHc”(用“/EHc-”)
D:\github\ink\src\lib\ir\module\module_serialization_text_reader.inc(396): warning C4458: “Types”的声明隐藏了类成员
D:\github\ink\src\lib\ir\module\module_serialization_text_reader.inc(1079): note: 参见“ink::ir::archive::`anonymous-namespace'::TextReader::Types”的声明
D:\github\ink\src\lib\ir\module\module_serialization_text_reader.inc(583): warning C4458: “Types”的声明隐藏了类成员
D:\github\ink\src\lib\ir\module\module_serialization_text_reader.inc(1079): note: 参见“ink::ir::archive::`anonymous-namespace'::TextReader::Types”的声明
D:\github\ink\src\third_party\llvm\llvm\include\llvm\ADT\bit.h(262) : warning C4702: 无法访问的代码
D:\github\ink\src\third_party\llvm\llvm\include\llvm\ADT\bit.h(263) : warning C4702: 无法访问的代码
D:\github\ink\src\third_party\llvm\llvm\include\llvm\ADT\bit.h(264) : warning C4702: 无法访问的代码
D:\github\ink\src\third_party\llvm\llvm\include\llvm\ADT\bit.h(266) : warning C4702: 无法访问的代码
D:\github\ink\src\third_party\llvm\llvm\include\llvm\ADT\bit.h(268) : warning C4702: 无法访问的代码
D:\github\ink\src\third_party\llvm\llvm\include\llvm\ADT\bit.h(270) : warning C4702: 无法访问的代码
[14/147] Building CXX object src\lib\execution\CMakeFiles\ink_execution.dir\artifact\bytecode_builder.cpp.obj
cl: 命令行 warning D9025 :正在重写“/EHs”(用“/EHs-”)
cl: 命令行 warning D9025 :正在重写“/EHc”(用“/EHc-”)
[15/147] Building CXX object src\lib\ir\CMakeFiles\ink_ir.dir\module\module_serialization.cpp.obj
cl: 命令行 warning D9025 :正在重写“/EHs”(用“/EHs-”)
cl: 命令行 warning D9025 :正在重写“/EHc”(用“/EHc-”)
[16/147] Building CXX object src\lib\execution\CMakeFiles\ink_execution.dir\bridge\semantic_value_bridge.cpp.obj
cl: 命令行 warning D9025 :正在重写“/EHs”(用“/EHs-”)
cl: 命令行 warning D9025 :正在重写“/EHc”(用“/EHc-”)
[17/147] Linking CXX static library src\lib\ir\ink_ir.lib
[18/147] Building CXX object src\lib\execution\CMakeFiles\ink_execution.dir\engine\execution_linker.cpp.obj
cl: 命令行 warning D9025 :正在重写“/EHs”(用“/EHs-”)
cl: 命令行 warning D9025 :正在重写“/EHc”(用“/EHc-”)
[19/147] Building CXX object src\lib\execution\CMakeFiles\ink_execution.dir\engine\execution_arithmetic.cpp.obj
cl: 命令行 warning D9025 :正在重写“/EHs”(用“/EHs-”)
cl: 命令行 warning D9025 :正在重写“/EHc”(用“/EHc-”)
[20/147] Building CXX object src\lib\execution\CMakeFiles\ink_execution.dir\bytecode\execution_compiler.cpp.obj
cl: 命令行 warning D9025 :正在重写“/EHs”(用“/EHs-”)
cl: 命令行 warning D9025 :正在重写“/EHc”(用“/EHc-”)
[21/147] Building CXX object src\lib\execution\CMakeFiles\ink_execution.dir\engine\execution_engine.cpp.obj
cl: 命令行 warning D9025 :正在重写“/EHs”(用“/EHs-”)
cl: 命令行 warning D9025 :正在重写“/EHc”(用“/EHc-”)
[22/147] Building CXX object src\lib\execution\CMakeFiles\ink_execution.dir\engine\execution_interpreter.cpp.obj
cl: 命令行 warning D9025 :正在重写“/EHs”(用“/EHs-”)
cl: 命令行 warning D9025 :正在重写“/EHc”(用“/EHc-”)
[23/147] Building CXX object src\lib\execution\CMakeFiles\ink_execution.dir\engine\execution_machine.cpp.obj
cl: 命令行 warning D9025 :正在重写“/EHs”(用“/EHs-”)
cl: 命令行 warning D9025 :正在重写“/EHc”(用“/EHc-”)
[24/147] Building CXX object src\lib\execution\CMakeFiles\ink_execution.dir\engine\execution_machine_dispatch.cpp.obj
cl: 命令行 warning D9025 :正在重写“/EHs”(用“/EHs-”)
cl: 命令行 warning D9025 :正在重写“/EHc”(用“/EHc-”)
[25/147] Building CXX object src\lib\execution\CMakeFiles\ink_execution.dir\engine\instruction\make_function_value.cpp.obj
cl: 命令行 warning D9025 :正在重写“/EHs”(用“/EHs-”)
cl: 命令行 warning D9025 :正在重写“/EHc”(用“/EHc-”)
[26/147] Building CXX object src\lib\execution\CMakeFiles\ink_execution.dir\engine\execution_memory.cpp.obj
cl: 命令行 warning D9025 :正在重写“/EHs”(用“/EHs-”)
cl: 命令行 warning D9025 :正在重写“/EHc”(用“/EHc-”)
[27/147] Building CXX object src\lib\execution\CMakeFiles\ink_execution.dir\ffi\runtime_ffi_argument.cpp.obj
cl: 命令行 warning D9025 :正在重写“/EHs”(用“/EHs-”)
cl: 命令行 warning D9025 :正在重写“/EHc”(用“/EHc-”)
[28/147] Building CXX object src\lib\execution\CMakeFiles\ink_execution.dir\ffi\runtime_ffi_call.cpp.obj
cl: 命令行 warning D9025 :正在重写“/EHs”(用“/EHs-”)
cl: 命令行 warning D9025 :正在重写“/EHc”(用“/EHc-”)
D:\github\ink\src\lib\execution\ffi\runtime_ffi_call.cpp(158): warning C4457: “Storage”的声明隐藏了函数参数
D:\github\ink\src\lib\execution\ffi\runtime_ffi_call.cpp(128): note: 参见“Storage”的声明
[29/147] Building CXX object src\lib\execution\CMakeFiles\ink_execution.dir\ffi\external_function.cpp.obj
cl: 命令行 warning D9025 :正在重写“/EHs”(用“/EHs-”)
cl: 命令行 warning D9025 :正在重写“/EHc”(用“/EHc-”)
[30/147] Building CXX object src\lib\execution\CMakeFiles\ink_execution.dir\ffi\ffi_argument.cpp.obj
cl: 命令行 warning D9025 :正在重写“/EHs”(用“/EHs-”)
cl: 命令行 warning D9025 :正在重写“/EHc”(用“/EHc-”)
[31/147] Building CXX object src\lib\execution\CMakeFiles\ink_execution.dir\memory\execution_pointer.cpp.obj
cl: 命令行 warning D9025 :正在重写“/EHs”(用“/EHs-”)
cl: 命令行 warning D9025 :正在重写“/EHc”(用“/EHc-”)
[32/147] Building CXX object src\lib\execution\CMakeFiles\ink_execution.dir\ffi\ffi_call.cpp.obj
cl: 命令行 warning D9025 :正在重写“/EHs”(用“/EHs-”)
cl: 命令行 warning D9025 :正在重写“/EHc”(用“/EHc-”)
[33/147] Building CXX object src\lib\execution\CMakeFiles\ink_execution.dir\memory\execution_memory_manager.cpp.obj
cl: 命令行 warning D9025 :正在重写“/EHs”(用“/EHs-”)
cl: 命令行 warning D9025 :正在重写“/EHc”(用“/EHc-”)
[34/147] Building CXX object src\lib\execution\CMakeFiles\ink_execution.dir\memory\execution_heap.cpp.obj
cl: 命令行 warning D9025 :正在重写“/EHs”(用“/EHs-”)
cl: 命令行 warning D9025 :正在重写“/EHc”(用“/EHc-”)
[35/147] Building CXX object src\lib\execution\CMakeFiles\ink_execution.dir\memory\execution_storage.cpp.obj
cl: 命令行 warning D9025 :正在重写“/EHs”(用“/EHs-”)
cl: 命令行 warning D9025 :正在重写“/EHc”(用“/EHc-”)
[36/147] Building CXX object src\lib\execution\CMakeFiles\ink_execution.dir\value\execution_function_value.cpp.obj
cl: 命令行 warning D9025 :正在重写“/EHs”(用“/EHs-”)
cl: 命令行 warning D9025 :正在重写“/EHc”(用“/EHc-”)
[37/147] Building CXX object src\lib\execution\CMakeFiles\ink_execution.dir\reflection\reflection.cpp.obj
cl: 命令行 warning D9025 :正在重写“/EHs”(用“/EHs-”)
cl: 命令行 warning D9025 :正在重写“/EHc”(用“/EHc-”)
[38/147] Building CXX object src\lib\execution\CMakeFiles\ink_execution.dir\reflection\semantic_reflection.cpp.obj
cl: 命令行 warning D9025 :正在重写“/EHs”(用“/EHs-”)
cl: 命令行 warning D9025 :正在重写“/EHc”(用“/EHc-”)
[39/147] Building CXX object src\lib\execution\CMakeFiles\ink_execution.dir\value\execution_value.cpp.obj
cl: 命令行 warning D9025 :正在重写“/EHs”(用“/EHs-”)
cl: 命令行 warning D9025 :正在重写“/EHc”(用“/EHc-”)
[40/147] Linking CXX static library src\lib\execution\ink_execution.lib
[41/147] Building CXX object src\lib\semantic\CMakeFiles\ink_semantic.dir\analyzer\analyzer_evaluation.cpp.obj
cl: 命令行 warning D9025 :正在重写“/EHs”(用“/EHs-”)
cl: 命令行 warning D9025 :正在重写“/EHc”(用“/EHc-”)
[42/147] Building CXX object src\lib\semantic\CMakeFiles\ink_semantic.dir\analyzer\analyzer.cpp.obj
cl: 命令行 warning D9025 :正在重写“/EHs”(用“/EHs-”)
cl: 命令行 warning D9025 :正在重写“/EHc”(用“/EHc-”)
[43/147] Building CXX object src\lib\semantic\CMakeFiles\ink_semantic.dir\analyzer\analyzer_module_functions.cpp.obj
cl: 命令行 warning D9025 :正在重写“/EHs”(用“/EHs-”)
cl: 命令行 warning D9025 :正在重写“/EHc”(用“/EHc-”)
[44/147] Building CXX object src\lib\semantic\CMakeFiles\ink_semantic.dir\analyzer\decl\analyzer_decl.cpp.obj
cl: 命令行 warning D9025 :正在重写“/EHs”(用“/EHs-”)
cl: 命令行 warning D9025 :正在重写“/EHc”(用“/EHc-”)
[45/147] Building CXX object src\lib\semantic\CMakeFiles\ink_semantic.dir\analyzer\analyzer_modules.cpp.obj
cl: 命令行 warning D9025 :正在重写“/EHs”(用“/EHs-”)
cl: 命令行 warning D9025 :正在重写“/EHc”(用“/EHc-”)
[46/147] Building CXX object src\lib\semantic\CMakeFiles\ink_semantic.dir\analyzer\decl\analyzer_class.cpp.obj
cl: 命令行 warning D9025 :正在重写“/EHs”(用“/EHs-”)
cl: 命令行 warning D9025 :正在重写“/EHc”(用“/EHc-”)
[47/147] Building CXX object src\lib\semantic\CMakeFiles\ink_semantic.dir\analyzer\decl\analyzer_enum.cpp.obj
cl: 命令行 warning D9025 :正在重写“/EHs”(用“/EHs-”)
cl: 命令行 warning D9025 :正在重写“/EHc”(用“/EHc-”)
[48/147] Building CXX object src\lib\semantic\CMakeFiles\ink_semantic.dir\analyzer\decl\analyzer_function.cpp.obj
cl: 命令行 warning D9025 :正在重写“/EHs”(用“/EHs-”)
cl: 命令行 warning D9025 :正在重写“/EHc”(用“/EHc-”)
[49/147] Building CXX object src\lib\semantic\CMakeFiles\ink_semantic.dir\analyzer\decl\analyzer_interface.cpp.obj
cl: 命令行 warning D9025 :正在重写“/EHs”(用“/EHs-”)
cl: 命令行 warning D9025 :正在重写“/EHc”(用“/EHc-”)
[50/147] Building CXX object src\lib\semantic\CMakeFiles\ink_semantic.dir\analyzer\decl\analyzer_variable.cpp.obj
cl: 命令行 warning D9025 :正在重写“/EHs”(用“/EHs-”)
cl: 命令行 warning D9025 :正在重写“/EHc”(用“/EHc-”)
[51/147] Building CXX object src\lib\semantic\CMakeFiles\ink_semantic.dir\analyzer\expr\analyzer_array.cpp.obj
cl: 命令行 warning D9025 :正在重写“/EHs”(用“/EHs-”)
cl: 命令行 warning D9025 :正在重写“/EHc”(用“/EHc-”)
[52/147] Building CXX object src\lib\semantic\CMakeFiles\ink_semantic.dir\analyzer\expr\analyzer_binary.cpp.obj
cl: 命令行 warning D9025 :正在重写“/EHs”(用“/EHs-”)
cl: 命令行 warning D9025 :正在重写“/EHc”(用“/EHc-”)
[53/147] Building CXX object src\lib\semantic\CMakeFiles\ink_semantic.dir\analyzer\expr\analyzer_conversion.cpp.obj
cl: 命令行 warning D9025 :正在重写“/EHs”(用“/EHs-”)
cl: 命令行 warning D9025 :正在重写“/EHc”(用“/EHc-”)
[54/147] Building CXX object src\lib\semantic\CMakeFiles\ink_semantic.dir\analyzer\expr\analyzer_expr.cpp.obj
cl: 命令行 warning D9025 :正在重写“/EHs”(用“/EHs-”)
cl: 命令行 warning D9025 :正在重写“/EHc”(用“/EHc-”)
[55/147] Building CXX object src\lib\semantic\CMakeFiles\ink_semantic.dir\analyzer\expr\analyzer_call.cpp.obj
cl: 命令行 warning D9025 :正在重写“/EHs”(用“/EHs-”)
cl: 命令行 warning D9025 :正在重写“/EHc”(用“/EHc-”)
[56/147] Building CXX object src\lib\semantic\CMakeFiles\ink_semantic.dir\analyzer\expr\analyzer_literal.cpp.obj
cl: 命令行 warning D9025 :正在重写“/EHs”(用“/EHs-”)
cl: 命令行 warning D9025 :正在重写“/EHc”(用“/EHc-”)
[57/147] Building CXX object src\lib\semantic\CMakeFiles\ink_semantic.dir\analyzer\expr\analyzer_name.cpp.obj
cl: 命令行 warning D9025 :正在重写“/EHs”(用“/EHs-”)
cl: 命令行 warning D9025 :正在重写“/EHc”(用“/EHc-”)
[58/147] Building CXX object src\lib\semantic\CMakeFiles\ink_semantic.dir\analyzer\expr\analyzer_member.cpp.obj
cl: 命令行 warning D9025 :正在重写“/EHs”(用“/EHs-”)
cl: 命令行 warning D9025 :正在重写“/EHc”(用“/EHc-”)
[59/147] Building CXX object src\lib\semantic\CMakeFiles\ink_semantic.dir\analyzer\expr\analyzer_paren.cpp.obj
cl: 命令行 warning D9025 :正在重写“/EHs”(用“/EHs-”)
cl: 命令行 warning D9025 :正在重写“/EHc”(用“/EHc-”)
[60/147] Building CXX object src\lib\semantic\CMakeFiles\ink_semantic.dir\analyzer\expr\analyzer_unary.cpp.obj
cl: 命令行 warning D9025 :正在重写“/EHs”(用“/EHs-”)
cl: 命令行 warning D9025 :正在重写“/EHc”(用“/EHc-”)
[61/147] Building CXX object src\lib\semantic\CMakeFiles\ink_semantic.dir\analyzer\expr\analyzer_update.cpp.obj
cl: 命令行 warning D9025 :正在重写“/EHs”(用“/EHs-”)
cl: 命令行 warning D9025 :正在重写“/EHc”(用“/EHc-”)
[62/147] Building CXX object src\lib\semantic\CMakeFiles\ink_semantic.dir\analyzer\stmt\analyzer_array_assignment.cpp.obj
cl: 命令行 warning D9025 :正在重写“/EHs”(用“/EHs-”)
cl: 命令行 warning D9025 :正在重写“/EHc”(用“/EHc-”)
[63/147] Building CXX object src\lib\semantic\CMakeFiles\ink_semantic.dir\analyzer\stmt\analyzer_assignment.cpp.obj
cl: 命令行 warning D9025 :正在重写“/EHs”(用“/EHs-”)
cl: 命令行 warning D9025 :正在重写“/EHc”(用“/EHc-”)
[64/147] Building CXX object src\lib\semantic\CMakeFiles\ink_semantic.dir\analyzer\stmt\analyzer_break.cpp.obj
cl: 命令行 warning D9025 :正在重写“/EHs”(用“/EHs-”)
cl: 命令行 warning D9025 :正在重写“/EHc”(用“/EHc-”)
[65/147] Building CXX object src\lib\semantic\CMakeFiles\ink_semantic.dir\analyzer\stmt\analyzer_classic_for.cpp.obj
cl: 命令行 warning D9025 :正在重写“/EHs”(用“/EHs-”)
cl: 命令行 warning D9025 :正在重写“/EHc”(用“/EHc-”)
[66/147] Building CXX object src\lib\semantic\CMakeFiles\ink_semantic.dir\analyzer\stmt\analyzer_continue.cpp.obj
cl: 命令行 warning D9025 :正在重写“/EHs”(用“/EHs-”)
cl: 命令行 warning D9025 :正在重写“/EHc”(用“/EHc-”)
[67/147] Building CXX object src\lib\semantic\CMakeFiles\ink_semantic.dir\analyzer\stmt\analyzer_defer.cpp.obj
cl: 命令行 warning D9025 :正在重写“/EHs”(用“/EHs-”)
cl: 命令行 warning D9025 :正在重写“/EHc”(用“/EHc-”)
[68/147] Building CXX object src\lib\semantic\CMakeFiles\ink_semantic.dir\analyzer\stmt\analyzer_for_in.cpp.obj
cl: 命令行 warning D9025 :正在重写“/EHs”(用“/EHs-”)
cl: 命令行 warning D9025 :正在重写“/EHc”(用“/EHc-”)
[69/147] Building CXX object src\lib\semantic\CMakeFiles\ink_semantic.dir\analyzer\stmt\analyzer_if.cpp.obj
cl: 命令行 warning D9025 :正在重写“/EHs”(用“/EHs-”)
cl: 命令行 warning D9025 :正在重写“/EHc”(用“/EHc-”)
[70/147] Building CXX object src\lib\semantic\CMakeFiles\ink_semantic.dir\analyzer\stmt\analyzer_return.cpp.obj
cl: 命令行 warning D9025 :正在重写“/EHs”(用“/EHs-”)
cl: 命令行 warning D9025 :正在重写“/EHc”(用“/EHc-”)
[71/147] Building CXX object src\lib\semantic\CMakeFiles\ink_semantic.dir\analyzer\stmt\analyzer_import.cpp.obj
cl: 命令行 warning D9025 :正在重写“/EHs”(用“/EHs-”)
cl: 命令行 warning D9025 :正在重写“/EHc”(用“/EHc-”)
[72/147] Building CXX object src\lib\semantic\CMakeFiles\ink_semantic.dir\analyzer\stmt\analyzer_stmt.cpp.obj
cl: 命令行 warning D9025 :正在重写“/EHs”(用“/EHs-”)
cl: 命令行 warning D9025 :正在重写“/EHc”(用“/EHc-”)
[73/147] Building CXX object src\lib\semantic\CMakeFiles\ink_semantic.dir\analyzer\stmt\analyzer_switch.cpp.obj
cl: 命令行 warning D9025 :正在重写“/EHs”(用“/EHs-”)
cl: 命令行 warning D9025 :正在重写“/EHc”(用“/EHc-”)
[74/147] Building CXX object src\lib\semantic\CMakeFiles\ink_semantic.dir\analyzer\stmt\analyzer_while.cpp.obj
cl: 命令行 warning D9025 :正在重写“/EHs”(用“/EHs-”)
cl: 命令行 warning D9025 :正在重写“/EHc”(用“/EHc-”)
[75/147] Building CXX object src\lib\semantic\CMakeFiles\ink_semantic.dir\analyzer\stmt\analyzer_yield.cpp.obj
cl: 命令行 warning D9025 :正在重写“/EHs”(用“/EHs-”)
cl: 命令行 warning D9025 :正在重写“/EHc”(用“/EHc-”)
[76/147] Building CXX object src\lib\semantic\CMakeFiles\ink_semantic.dir\analyzer\type\analyzer_type.cpp.obj
cl: 命令行 warning D9025 :正在重写“/EHs”(用“/EHs-”)
cl: 命令行 warning D9025 :正在重写“/EHc”(用“/EHc-”)
[77/147] Building CXX object src\lib\semantic\CMakeFiles\ink_semantic.dir\name_resolve\name_resolver.cpp.obj
cl: 命令行 warning D9025 :正在重写“/EHs”(用“/EHs-”)
cl: 命令行 warning D9025 :正在重写“/EHc”(用“/EHc-”)
[78/147] Building CXX object src\lib\semantic\CMakeFiles\ink_semantic.dir\name_resolve\scope_store.cpp.obj
cl: 命令行 warning D9025 :正在重写“/EHs”(用“/EHs-”)
cl: 命令行 warning D9025 :正在重写“/EHc”(用“/EHc-”)
[79/147] Linking CXX static library src\lib\semantic\ink_semantic.lib
[80/147] Building CXX object src\lib\backend\llvm\CMakeFiles\ink_backend_llvm.dir\reflection\type_desc_lowering.cpp.obj
cl: 命令行 warning D9025 :正在重写“/EHs”(用“/EHs-”)
cl: 命令行 warning D9025 :正在重写“/EHc”(用“/EHc-”)
D:\github\ink\src\lib\backend\llvm\reflection\type_desc_lowering.cpp(81): warning C4458: “Types”的声明隐藏了类成员
D:\github\ink\src\lib\backend\llvm\reflection\../lowering_context.h(51): note: 参见“ink::backend::llvm::LoweringContext::Types”的声明
[81/147] Linking CXX static library src\lib\backend\llvm\ink_backend_llvm.lib
[82/147] Building CXX object src\testcase\CMakeFiles\ink_ir_test_objects.dir\ir\arithmetic_return_test.cpp.obj
cl: 命令行 warning D9025 :正在重写“/EHs”(用“/EHs-”)
cl: 命令行 warning D9025 :正在重写“/EHc”(用“/EHc-”)
[83/147] Building CXX object src\tools\inkc\CMakeFiles\inkc.dir\bytecode_emit.cpp.obj
cl: 命令行 warning D9025 :正在重写“/EHs”(用“/EHs-”)
cl: 命令行 warning D9025 :正在重写“/EHc”(用“/EHc-”)
[84/147] Building CXX object src\testcase\CMakeFiles\ink_ir_test_objects.dir\ir\array_instruction_test.cpp.obj
cl: 命令行 warning D9025 :正在重写“/EHs”(用“/EHs-”)
cl: 命令行 warning D9025 :正在重写“/EHc”(用“/EHc-”)
[85/147] Building CXX object src\tools\inkc\CMakeFiles\inkc.dir\bytecode_run.cpp.obj
cl: 命令行 warning D9025 :正在重写“/EHs”(用“/EHs-”)
cl: 命令行 warning D9025 :正在重写“/EHc”(用“/EHc-”)
[86/147] Building CXX object src\testcase\CMakeFiles\ink_ir_test_objects.dir\ir\array_serialization_test.cpp.obj
cl: 命令行 warning D9025 :正在重写“/EHs”(用“/EHs-”)
cl: 命令行 warning D9025 :正在重写“/EHc”(用“/EHc-”)
[87/147] Building CXX object src\testcase\CMakeFiles\ink_ir_test_objects.dir\ir\basic_block_test.cpp.obj
cl: 命令行 warning D9025 :正在重写“/EHs”(用“/EHs-”)
cl: 命令行 warning D9025 :正在重写“/EHc”(用“/EHc-”)
[88/147] Building CXX object src\tools\inkc\CMakeFiles\inkc.dir\main.cpp.obj
cl: 命令行 warning D9025 :正在重写“/EHs”(用“/EHs-”)
cl: 命令行 warning D9025 :正在重写“/EHc”(用“/EHc-”)
[89/147] Building CXX object src\testcase\CMakeFiles\ink_ir_test_objects.dir\ir\branch_instruction_test.cpp.obj
cl: 命令行 warning D9025 :正在重写“/EHs”(用“/EHs-”)
cl: 命令行 warning D9025 :正在重写“/EHc”(用“/EHc-”)
[90/147] Building CXX object src\testcase\CMakeFiles\ink_ir_test_objects.dir\ir\c_string_instruction_test.cpp.obj
cl: 命令行 warning D9025 :正在重写“/EHs”(用“/EHs-”)
cl: 命令行 warning D9025 :正在重写“/EHc”(用“/EHc-”)
[91/147] Building CXX object src\testcase\CMakeFiles\ink_ir_test_objects.dir\ir\branch_serialization_test.cpp.obj
cl: 命令行 warning D9025 :正在重写“/EHs”(用“/EHs-”)
cl: 命令行 warning D9025 :正在重写“/EHc”(用“/EHc-”)
[92/147] Building CXX object src\testcase\CMakeFiles\ink_ir_test_objects.dir\ir\call_instruction_test.cpp.obj
cl: 命令行 warning D9025 :正在重写“/EHs”(用“/EHs-”)
cl: 命令行 warning D9025 :正在重写“/EHc”(用“/EHc-”)
[93/147] Building CXX object src\testcase\CMakeFiles\ink_ir_test_objects.dir\ir\class_test.cpp.obj
cl: 命令行 warning D9025 :正在重写“/EHs”(用“/EHs-”)
cl: 命令行 warning D9025 :正在重写“/EHc”(用“/EHc-”)
[94/147] Building CXX object src\testcase\CMakeFiles\ink_ir_test_objects.dir\ir\config_limits_test.cpp.obj
cl: 命令行 warning D9025 :正在重写“/EHs”(用“/EHs-”)
cl: 命令行 warning D9025 :正在重写“/EHc”(用“/EHc-”)
[95/147] Building CXX object src\testcase\CMakeFiles\ink_ir_test_objects.dir\ir\constant_pool_test.cpp.obj
cl: 命令行 warning D9025 :正在重写“/EHs”(用“/EHs-”)
cl: 命令行 warning D9025 :正在重写“/EHc”(用“/EHc-”)
[96/147] Building CXX object src\testcase\CMakeFiles\ink_ir_test_objects.dir\ir\context_revision_test.cpp.obj
cl: 命令行 warning D9025 :正在重写“/EHs”(用“/EHs-”)
cl: 命令行 warning D9025 :正在重写“/EHc”(用“/EHc-”)
[97/147] Building CXX object src\testcase\CMakeFiles\ink_ir_test_objects.dir\ir\context_test.cpp.obj
cl: 命令行 warning D9025 :正在重写“/EHs”(用“/EHs-”)
cl: 命令行 warning D9025 :正在重写“/EHc”(用“/EHc-”)
[98/147] Building CXX object src\testcase\CMakeFiles\ink_ir_test_objects.dir\ir\float_constant_test.cpp.obj
cl: 命令行 warning D9025 :正在重写“/EHs”(用“/EHs-”)
cl: 命令行 warning D9025 :正在重写“/EHc”(用“/EHc-”)
[99/147] Building CXX object src\testcase\CMakeFiles\ink_ir_test_objects.dir\ir\function_decl_test.cpp.obj
cl: 命令行 warning D9025 :正在重写“/EHs”(用“/EHs-”)
cl: 命令行 warning D9025 :正在重写“/EHc”(用“/EHc-”)
[100/147] Building CXX object src\testcase\CMakeFiles\ink_ir_test_objects.dir\ir\function_parameter_test.cpp.obj
cl: 命令行 warning D9025 :正在重写“/EHs”(用“/EHs-”)
cl: 命令行 warning D9025 :正在重写“/EHc”(用“/EHc-”)
[101/147] Building CXX object src\testcase\CMakeFiles\ink_ir_test_objects.dir\ir\function_test.cpp.obj
cl: 命令行 warning D9025 :正在重写“/EHs”(用“/EHs-”)
cl: 命令行 warning D9025 :正在重写“/EHc”(用“/EHc-”)
[102/147] Building CXX object src\testcase\CMakeFiles\ink_ir_test_objects.dir\ir\function_type_test.cpp.obj
cl: 命令行 warning D9025 :正在重写“/EHs”(用“/EHs-”)
cl: 命令行 warning D9025 :正在重写“/EHc”(用“/EHc-”)
[103/147] Building CXX object src\testcase\CMakeFiles\ink_ir_test_objects.dir\ir\logical_instruction_test.cpp.obj
cl: 命令行 warning D9025 :正在重写“/EHs”(用“/EHs-”)
cl: 命令行 warning D9025 :正在重写“/EHc”(用“/EHc-”)
[104/147] Building CXX object src\testcase\CMakeFiles\ink_ir_test_objects.dir\ir\ir_builder_test.cpp.obj
cl: 命令行 warning D9025 :正在重写“/EHs”(用“/EHs-”)
cl: 命令行 warning D9025 :正在重写“/EHc”(用“/EHc-”)
[105/147] Building CXX object src\testcase\CMakeFiles\ink_ir_test_objects.dir\ir\ir_builder_factory_test.cpp.obj
cl: 命令行 warning D9025 :正在重写“/EHs”(用“/EHs-”)
cl: 命令行 warning D9025 :正在重写“/EHc”(用“/EHc-”)
[106/147] Building CXX object src\testcase\CMakeFiles\ink_ir_test_objects.dir\ir\logical_serialization_test.cpp.obj
cl: 命令行 warning D9025 :正在重写“/EHs”(用“/EHs-”)
cl: 命令行 warning D9025 :正在重写“/EHc”(用“/EHc-”)
[107/147] Building CXX object src\testcase\CMakeFiles\ink_ir_test_objects.dir\ir\memory_instruction_test.cpp.obj
cl: 命令行 warning D9025 :正在重写“/EHs”(用“/EHs-”)
cl: 命令行 warning D9025 :正在重写“/EHc”(用“/EHc-”)
[108/147] Building CXX object src\testcase\CMakeFiles\ink_ir_test_objects.dir\ir\model_test.cpp.obj
cl: 命令行 warning D9025 :正在重写“/EHs”(用“/EHs-”)
cl: 命令行 warning D9025 :正在重写“/EHc”(用“/EHc-”)
[109/147] Building CXX object src\testcase\CMakeFiles\ink_ir_test_objects.dir\ir\module_serialization_test.cpp.obj
cl: 命令行 warning D9025 :正在重写“/EHs”(用“/EHs-”)
cl: 命令行 warning D9025 :正在重写“/EHc”(用“/EHc-”)
[110/147] Building CXX object src\testcase\CMakeFiles\ink_ir_test_objects.dir\ir\name_pool_test.cpp.obj
cl: 命令行 warning D9025 :正在重写“/EHs”(用“/EHs-”)
cl: 命令行 warning D9025 :正在重写“/EHc”(用“/EHc-”)
[111/147] Building CXX object src\testcase\CMakeFiles\ink_ir_test_objects.dir\ir\module_test.cpp.obj
cl: 命令行 warning D9025 :正在重写“/EHs”(用“/EHs-”)
cl: 命令行 warning D9025 :正在重写“/EHc”(用“/EHc-”)
[112/147] Building CXX object src\testcase\CMakeFiles\ink_ir_test_objects.dir\ir\ownership_test.cpp.obj
cl: 命令行 warning D9025 :正在重写“/EHs”(用“/EHs-”)
cl: 命令行 warning D9025 :正在重写“/EHc”(用“/EHc-”)
[113/147] Building CXX object src\testcase\CMakeFiles\ink_ir_test_objects.dir\ir\type_test.cpp.obj
cl: 命令行 warning D9025 :正在重写“/EHs”(用“/EHs-”)
cl: 命令行 warning D9025 :正在重写“/EHc”(用“/EHc-”)
[114/147] Building CXX object src\testcase\CMakeFiles\ink_ir_test_objects.dir\ir\type_pool_test.cpp.obj
cl: 命令行 warning D9025 :正在重写“/EHs”(用“/EHs-”)
cl: 命令行 warning D9025 :正在重写“/EHc”(用“/EHc-”)
[115/147] Building CXX object src\testcase\CMakeFiles\ink_ir_test_objects.dir\ir\string_constant_test.cpp.obj
cl: 命令行 warning D9025 :正在重写“/EHs”(用“/EHs-”)
cl: 命令行 warning D9025 :正在重写“/EHc”(用“/EHc-”)
[116/147] Building CXX object src\testcase\CMakeFiles\ink_ir_test_objects.dir\ir\value_test.cpp.obj
cl: 命令行 warning D9025 :正在重写“/EHs”(用“/EHs-”)
cl: 命令行 warning D9025 :正在重写“/EHc”(用“/EHc-”)
[117/147] Linking CXX executable src\tools\inkc\inkc.exe
[118/147] Building CXX object src\testcase\CMakeFiles\ink_tests.dir\semantic\entry_execution_test.cpp.obj
cl: 命令行 warning D9025 :正在重写“/EHs”(用“/EHs-”)
cl: 命令行 warning D9025 :正在重写“/EHc”(用“/EHc-”)
[119/147] Building CXX object src\testcase\CMakeFiles\ink_tests.dir\semantic\comptime_call_test.cpp.obj
cl: 命令行 warning D9025 :正在重写“/EHs”(用“/EHs-”)
cl: 命令行 warning D9025 :正在重写“/EHc”(用“/EHc-”)
[120/147] Building CXX object src\testcase\CMakeFiles\ink_tests.dir\semantic\analyzer_test.cpp.obj
cl: 命令行 warning D9025 :正在重写“/EHs”(用“/EHs-”)
cl: 命令行 warning D9025 :正在重写“/EHc”(用“/EHc-”)
[121/147] Building CXX object src\testcase\CMakeFiles\ink_tests.dir\semantic\address_of_test.cpp.obj
cl: 命令行 warning D9025 :正在重写“/EHs”(用“/EHs-”)
cl: 命令行 warning D9025 :正在重写“/EHc”(用“/EHc-”)
[122/147] Building CXX object src\testcase\CMakeFiles\ink_tests.dir\semantic\class_test.cpp.obj
cl: 命令行 warning D9025 :正在重写“/EHs”(用“/EHs-”)
cl: 命令行 warning D9025 :正在重写“/EHc”(用“/EHc-”)
[123/147] Building CXX object src\testcase\CMakeFiles\ink_tests.dir\semantic\comptime_test.cpp.obj
cl: 命令行 warning D9025 :正在重写“/EHs”(用“/EHs-”)
cl: 命令行 warning D9025 :正在重写“/EHc”(用“/EHc-”)
[124/147] Building CXX object src\testcase\CMakeFiles\ink_tests.dir\semantic\array_test.cpp.obj
cl: 命令行 warning D9025 :正在重写“/EHs”(用“/EHs-”)
cl: 命令行 warning D9025 :正在重写“/EHc”(用“/EHc-”)
[125/147] Building CXX object src\testcase\CMakeFiles\ink_tests.dir\semantic\analyzer_function_test.cpp.obj
cl: 命令行 warning D9025 :正在重写“/EHs”(用“/EHs-”)
cl: 命令行 warning D9025 :正在重写“/EHc”(用“/EHc-”)
[126/147] Building CXX object src\testcase\CMakeFiles\ink_tests.dir\semantic\if_test.cpp.obj
cl: 命令行 warning D9025 :正在重写“/EHs”(用“/EHs-”)
cl: 命令行 warning D9025 :正在重写“/EHc”(用“/EHc-”)
[127/147] Building CXX object src\testcase\CMakeFiles\ink_tests.dir\semantic\logical_test.cpp.obj
cl: 命令行 warning D9025 :正在重写“/EHs”(用“/EHs-”)
cl: 命令行 warning D9025 :正在重写“/EHc”(用“/EHc-”)
[128/147] Building CXX object src\testcase\CMakeFiles\ink_tests.dir\semantic\external_call_test.cpp.obj
cl: 命令行 warning D9025 :正在重写“/EHs”(用“/EHs-”)
cl: 命令行 warning D9025 :正在重写“/EHc”(用“/EHc-”)
[129/147] Building CXX object src\testcase\CMakeFiles\ink_tests.dir\semantic\name_resolver_test.cpp.obj
cl: 命令行 warning D9025 :正在重写“/EHs”(用“/EHs-”)
cl: 命令行 warning D9025 :正在重写“/EHc”(用“/EHc-”)
[130/147] Building CXX object src\testcase\CMakeFiles\ink_tests.dir\semantic\generic_name_resolver_test.cpp.obj
cl: 命令行 warning D9025 :正在重写“/EHs”(用“/EHs-”)
cl: 命令行 warning D9025 :正在重写“/EHc”(用“/EHc-”)
[131/147] Building CXX object src\testcase\CMakeFiles\ink_tests.dir\semantic\module_decl_test.cpp.obj
cl: 命令行 warning D9025 :正在重写“/EHs”(用“/EHs-”)
cl: 命令行 warning D9025 :正在重写“/EHc”(用“/EHc-”)
[132/147] Building CXX object src\testcase\CMakeFiles\ink_tests.dir\semantic\scope_store_test.cpp.obj
cl: 命令行 warning D9025 :正在重写“/EHs”(用“/EHs-”)
cl: 命令行 warning D9025 :正在重写“/EHc”(用“/EHc-”)
[133/147] Building CXX object src\testcase\CMakeFiles\ink_tests.dir\semantic\module_import_test.cpp.obj
cl: 命令行 warning D9025 :正在重写“/EHs”(用“/EHs-”)
cl: 命令行 warning D9025 :正在重写“/EHc”(用“/EHc-”)
[134/147] Building CXX object src\testcase\CMakeFiles\ink_tests.dir\execution\ffi\runtime_ffi_test.cpp.obj
cl: 命令行 warning D9025 :正在重写“/EHs”(用“/EHs-”)
cl: 命令行 warning D9025 :正在重写“/EHc”(用“/EHc-”)
[135/147] Building CXX object src\testcase\CMakeFiles\ink_tests.dir\execution\memory\array_storage_test.cpp.obj
cl: 命令行 warning D9025 :正在重写“/EHs”(用“/EHs-”)
cl: 命令行 warning D9025 :正在重写“/EHc”(用“/EHc-”)
[136/147] Building CXX object src\testcase\CMakeFiles\ink_tests.dir\execution\memory\runtime_storage_test.cpp.obj
cl: 命令行 warning D9025 :正在重写“/EHs”(用“/EHs-”)
cl: 命令行 warning D9025 :正在重写“/EHc”(用“/EHc-”)
[137/147] Building CXX object src\testcase\CMakeFiles\ink_tests.dir\execution\ffi\native_symbol_cache_test.cpp.obj
cl: 命令行 warning D9025 :正在重写“/EHs”(用“/EHs-”)
cl: 命令行 warning D9025 :正在重写“/EHc”(用“/EHc-”)
[138/147] Building CXX object src\testcase\CMakeFiles\ink_tests.dir\execution\ffi\external_call_test.cpp.obj
cl: 命令行 warning D9025 :正在重写“/EHs”(用“/EHs-”)
cl: 命令行 warning D9025 :正在重写“/EHc”(用“/EHc-”)
[139/147] Building CXX object src\testcase\CMakeFiles\ink_tests.dir\execution\memory\memory_manager_test.cpp.obj
cl: 命令行 warning D9025 :正在重写“/EHs”(用“/EHs-”)
cl: 命令行 warning D9025 :正在重写“/EHc”(用“/EHc-”)
[140/147] Building CXX object src\testcase\CMakeFiles\ink_tests.dir\execution\artifact\bytecode_validation_test.cpp.obj
cl: 命令行 warning D9025 :正在重写“/EHs”(用“/EHs-”)
cl: 命令行 warning D9025 :正在重写“/EHc”(用“/EHc-”)
[141/147] Building CXX object src\testcase\CMakeFiles\ink_tests.dir\execution\memory\class_storage_test.cpp.obj
cl: 命令行 warning D9025 :正在重写“/EHs”(用“/EHs-”)
cl: 命令行 warning D9025 :正在重写“/EHc”(用“/EHc-”)
[142/147] Building CXX object src\testcase\CMakeFiles\ink_tests.dir\execution\support\execution_instruction_result_test.cpp.obj
cl: 命令行 warning D9025 :正在重写“/EHs”(用“/EHs-”)
cl: 命令行 warning D9025 :正在重写“/EHc”(用“/EHc-”)
[143/147] Building CXX object src\testcase\CMakeFiles\ink_tests.dir\execution\value\execution_value_test.cpp.obj
cl: 命令行 warning D9025 :正在重写“/EHs”(用“/EHs-”)
cl: 命令行 warning D9025 :正在重写“/EHc”(用“/EHc-”)
[144/147] Building CXX object src\testcase\CMakeFiles\ink_tests.dir\execution\reflection\reflection_test.cpp.obj
cl: 命令行 warning D9025 :正在重写“/EHs”(用“/EHs-”)
cl: 命令行 warning D9025 :正在重写“/EHc”(用“/EHc-”)
[145/147] Building CXX object src\testcase\CMakeFiles\ink_tests.dir\backend\llvm_backend_test.cpp.obj
cl: 命令行 warning D9025 :正在重写“/EHs”(用“/EHs-”)
cl: 命令行 warning D9025 :正在重写“/EHc”(用“/EHc-”)
[146/147] Linking CXX executable src\testcase\ink_tests.exe
