Running main() from D:\github\ink\src\third_party\googletest\googletest\src\gtest_main.cc
Note: Google Test filter = ReflectionTest.*:Class*:*Bytecode*:*RuntimeFfi*:*LLVMBackend*
[==========] Running 102 tests from 13 test suites.
[----------] Global test environment set-up.
[----------] 12 tests from BytecodeArchiveTest
[ RUN      ] BytecodeArchiveTest.ProducesDeterministicBytesAcrossHashLayoutsAndRoundTrips
[       OK ] BytecodeArchiveTest.ProducesDeterministicBytesAcrossHashLayoutsAndRoundTrips (3 ms)
[ RUN      ] BytecodeArchiveTest.PreservesLocalCAbiAndPrivateNativeExportBodies
[       OK ] BytecodeArchiveTest.PreservesLocalCAbiAndPrivateNativeExportBodies (2 ms)
[ RUN      ] BytecodeArchiveTest.RejectsTruncationAtEveryByteBoundary
[       OK ] BytecodeArchiveTest.RejectsTruncationAtEveryByteBoundary (6 ms)
[ RUN      ] BytecodeArchiveTest.RejectsBadMagicAndTrailingData
[       OK ] BytecodeArchiveTest.RejectsBadMagicAndTrailingData (0 ms)
[ RUN      ] BytecodeArchiveTest.RejectsUnknownContainerAndInstructionVersions
[       OK ] BytecodeArchiveTest.RejectsUnknownContainerAndInstructionVersions (0 ms)
[ RUN      ] BytecodeArchiveTest.RejectsIncompatibleTarget
[       OK ] BytecodeArchiveTest.RejectsIncompatibleTarget (0 ms)
[ RUN      ] BytecodeArchiveTest.EnforcesResourceBudgetsWithoutReturningPartialArtifacts
[       OK ] BytecodeArchiveTest.EnforcesResourceBudgetsWithoutReturningPartialArtifacts (0 ms)
[ RUN      ] BytecodeArchiveTest.RejectsEmbeddedHostPointers
[       OK ] BytecodeArchiveTest.RejectsEmbeddedHostPointers (0 ms)
[ RUN      ] BytecodeArchiveTest.RejectsInvalidExecutableInstructions
[       OK ] BytecodeArchiveTest.RejectsInvalidExecutableInstructions (0 ms)
[ RUN      ] BytecodeArchiveTest.ReportsMissingFilesAsIoErrors
[       OK ] BytecodeArchiveTest.ReportsMissingFilesAsIoErrors (0 ms)
[ RUN      ] BytecodeArchiveTest.PreservesWideIntegerConstantsWithoutSourceIR
[       OK ] BytecodeArchiveTest.PreservesWideIntegerConstantsWithoutSourceIR (1 ms)
[ RUN      ] BytecodeArchiveTest.ReloadsCStringBytesAndNativeImportsForFreshCalls
[       OK ] BytecodeArchiveTest.ReloadsCStringBytesAndNativeImportsForFreshCalls (1 ms)
[----------] 12 tests from BytecodeArchiveTest (20 ms total)

[----------] 9 tests from BytecodeBuilderTest
[ RUN      ] BytecodeBuilderTest.ImportsAnalyzedDefinitionsWithoutEmittingTheirBodies
[       OK ] BytecodeBuilderTest.ImportsAnalyzedDefinitionsWithoutEmittingTheirBodies (0 ms)
[ RUN      ] BytecodeBuilderTest.ImportsLocalAndExportedCAbiDefinitionsAsModuleReferences
[       OK ] BytecodeBuilderTest.ImportsLocalAndExportedCAbiDefinitionsAsModuleReferences (1 ms)
[ RUN      ] BytecodeBuilderTest.RejectsUnsupportedCAbiDefinitionSignatures
[       OK ] BytecodeBuilderTest.RejectsUnsupportedCAbiDefinitionSignatures (0 ms)
[ RUN      ] BytecodeBuilderTest.TemporarilyDisablesRuntimeNativeResolution
[       OK ] BytecodeBuilderTest.TemporarilyDisablesRuntimeNativeResolution (0 ms)
[ RUN      ] BytecodeBuilderTest.RejectsReferencedFunctionsWithoutMetadata
[       OK ] BytecodeBuilderTest.RejectsReferencedFunctionsWithoutMetadata (0 ms)
[ RUN      ] BytecodeBuilderTest.RejectsMetadataWithAnotherFunctionSignature
[       OK ] BytecodeBuilderTest.RejectsMetadataWithAnotherFunctionSignature (0 ms)
[ RUN      ] BytecodeBuilderTest.PreservesTypeDepthLimitStatusDuringObjectConstruction
[       OK ] BytecodeBuilderTest.PreservesTypeDepthLimitStatusDuringObjectConstruction (0 ms)
[ RUN      ] BytecodeBuilderTest.CompilesUncalledDefinitionsForLaterEntrySelection
[       OK ] BytecodeBuilderTest.CompilesUncalledDefinitionsForLaterEntrySelection (0 ms)
[ RUN      ] BytecodeBuilderTest.FreezesTypeTableBeforeReturningObject
[       OK ] BytecodeBuilderTest.FreezesTypeTableBeforeReturningObject (0 ms)
[----------] 9 tests from BytecodeBuilderTest (5 ms total)

[----------] 15 tests from BytecodeLinkerTest
[ RUN      ] BytecodeLinkerTest.LinksIndependentFilesAndRunsFunctionValuesWithoutSourceIR
[       OK ] BytecodeLinkerTest.LinksIndependentFilesAndRunsFunctionValuesWithoutSourceIR (7 ms)
[ RUN      ] BytecodeLinkerTest.DistinguishesEqualNamesFromDifferentModules
[       OK ] BytecodeLinkerTest.DistinguishesEqualNamesFromDifferentModules (1 ms)
[ RUN      ] BytecodeLinkerTest.BindsNativeImportsToPrivateExportBodies
[       OK ] BytecodeLinkerTest.BindsNativeImportsToPrivateExportBodies (2 ms)
[ RUN      ] BytecodeLinkerTest.RejectsNativeImportExportSignatureMismatch
[       OK ] BytecodeLinkerTest.RejectsNativeImportExportSignatureMismatch (0 ms)
[ RUN      ] BytecodeLinkerTest.DoesNotBindNativeImportsToUnexportedCAbiDefinitions
[       OK ] BytecodeLinkerTest.DoesNotBindNativeImportsToUnexportedCAbiDefinitions (0 ms)
[ RUN      ] BytecodeLinkerTest.RejectsDuplicatePrivateNativeExportsAcrossModules
[       OK ] BytecodeLinkerTest.RejectsDuplicatePrivateNativeExportsAcrossModules (0 ms)
[ RUN      ] BytecodeLinkerTest.AllowsRepeatedNamesForLocalCAbiDefinitions
[       OK ] BytecodeLinkerTest.AllowsRepeatedNamesForLocalCAbiDefinitions (0 ms)
[ RUN      ] BytecodeLinkerTest.RejectsModuleImportAbiMismatches
[       OK ] BytecodeLinkerTest.RejectsModuleImportAbiMismatches (0 ms)
[ RUN      ] BytecodeLinkerTest.RestrictsModuleSymbolsToTheirModule
[       OK ] BytecodeLinkerTest.RestrictsModuleSymbolsToTheirModule (1 ms)
[ RUN      ] BytecodeLinkerTest.KeepsPrivateBindingsWithinTheirObject
[       OK ] BytecodeLinkerTest.KeepsPrivateBindingsWithinTheirObject (1 ms)
[ RUN      ] BytecodeLinkerTest.RejectsDuplicateAndMissingSymbols
[       OK ] BytecodeLinkerTest.RejectsDuplicateAndMissingSymbols (1 ms)
[ RUN      ] BytecodeLinkerTest.RejectsMismatchedImportedSignature
[       OK ] BytecodeLinkerTest.RejectsMismatchedImportedSignature (0 ms)
[ RUN      ] BytecodeLinkerTest.IsolatesSameNamedPrivateDefinitionsAcrossObjects
[       OK ] BytecodeLinkerTest.IsolatesSameNamedPrivateDefinitionsAcrossObjects (1 ms)
[ RUN      ] BytecodeLinkerTest.ResolvesOverloadedSignaturesIndependently
[       OK ] BytecodeLinkerTest.ResolvesOverloadedSignaturesIndependently (1 ms)
[ RUN      ] BytecodeLinkerTest.DistinguishesGenericArgumentKindsTypesAndValues
[       OK ] BytecodeLinkerTest.DistinguishesGenericArgumentKindsTypesAndValues (1 ms)
[----------] 15 tests from BytecodeLinkerTest (25 ms total)

[----------] 7 tests from BytecodeValidationTest
[ RUN      ] BytecodeValidationTest.RejectsInconsistentNativeBoundaryMetadata
[       OK ] BytecodeValidationTest.RejectsInconsistentNativeBoundaryMetadata (2 ms)
[ RUN      ] BytecodeValidationTest.RejectsMalformedAndOversizedUnusedLayouts
[       OK ] BytecodeValidationTest.RejectsMalformedAndOversizedUnusedLayouts (2 ms)
[ RUN      ] BytecodeValidationTest.RejectsMissingAndCyclicTypeReferences
[       OK ] BytecodeValidationTest.RejectsMissingAndCyclicTypeReferences (0 ms)
[ RUN      ] BytecodeValidationTest.EnforcesTypeDepthOnUnusedLayouts
[       OK ] BytecodeValidationTest.EnforcesTypeDepthOnUnusedLayouts (0 ms)
[ RUN      ] BytecodeValidationTest.RejectsForgedFunctionConstantsInUnusedSlots
[       OK ] BytecodeValidationTest.RejectsForgedFunctionConstantsInUnusedSlots (0 ms)
[ RUN      ] BytecodeValidationTest.RejectsInvalidUnreferencedCallRecords
[       OK ] BytecodeValidationTest.RejectsInvalidUnreferencedCallRecords (1 ms)
[ RUN      ] BytecodeValidationTest.RejectsNoncanonicalGenericArguments
[       OK ] BytecodeValidationTest.RejectsNoncanonicalGenericArguments (2 ms)
[----------] 7 tests from BytecodeValidationTest (10 ms total)

[----------] 5 tests from ClassArtifactTest
[ RUN      ] ClassArtifactTest.RoundTripsClassConstantsAndRejectsTruncation
[       OK ] ClassArtifactTest.RoundTripsClassConstantsAndRejectsTruncation (9 ms)
[ RUN      ] ClassArtifactTest.LinksClassValuesAcrossIndependentContexts
[       OK ] ClassArtifactTest.LinksClassValuesAcrossIndependentContexts (2 ms)
[ RUN      ] ClassArtifactTest.PreservesNominalIdentityAndRejectsConflictingDefinitions
[       OK ] ClassArtifactTest.PreservesNominalIdentityAndRejectsConflictingDefinitions (2 ms)
[ RUN      ] ClassArtifactTest.RoundTripsRecursiveClassPointers
[       OK ] ClassArtifactTest.RoundTripsRecursiveClassPointers (0 ms)
[ RUN      ] ClassArtifactTest.RejectsCorruptClassFieldOffsets
[       OK ] ClassArtifactTest.RejectsCorruptClassFieldOffsets (0 ms)
[----------] 5 tests from ClassArtifactTest (16 ms total)

[----------] 6 tests from ArrayBytecodeTest
[ RUN      ] ArrayBytecodeTest.LowersArrayOperationsAndEscapingElementAddresses
[       OK ] ArrayBytecodeTest.LowersArrayOperationsAndEscapingElementAddresses (0 ms)
[ RUN      ] ArrayBytecodeTest.VerifierRejectsInvalidArraySlotsTypesAndSourceTables
[       OK ] ArrayBytecodeTest.VerifierRejectsInvalidArraySlotsTypesAndSourceTables (0 ms)
[ RUN      ] ArrayBytecodeTest.ChecksNegativeWideAndOutOfRangeIndices
[       OK ] ArrayBytecodeTest.ChecksNegativeWideAndOutOfRangeIndices (4 ms)
[ RUN      ] ArrayBytecodeTest.ArrayCopiesRemainIndependentOfIndexedMutation
[       OK ] ArrayBytecodeTest.ArrayCopiesRemainIndependentOfIndexedMutation (0 ms)
[ RUN      ] ArrayBytecodeTest.CopiesRawPointerInsideReturnedArray
[       OK ] ArrayBytecodeTest.CopiesRawPointerInsideReturnedArray (0 ms)
[ RUN      ] ArrayBytecodeTest.EmptyRepeatEvaluatesInitializerExactlyOnce
[       OK ] ArrayBytecodeTest.EmptyRepeatEvaluatesInitializerExactlyOnce (0 ms)
[----------] 6 tests from ArrayBytecodeTest (6 ms total)

[----------] 6 tests from ClassBytecodeTest
[ RUN      ] ClassBytecodeTest.LowersAndVerifiesClassOperations
[       OK ] ClassBytecodeTest.LowersAndVerifiesClassOperations (0 ms)
[ RUN      ] ClassBytecodeTest.CopiesAreIndependentAndFieldAddressesSurviveAssignment
[       OK ] ClassBytecodeTest.CopiesAreIndependentAndFieldAddressesSurviveAssignment (0 ms)
[ RUN      ] ClassBytecodeTest.FreezesNestedClassesContainingArrays
[       OK ] ClassBytecodeTest.FreezesNestedClassesContainingArrays (0 ms)
[ RUN      ] ClassBytecodeTest.CopiesRawPointerInsideReturnedClass
[       OK ] ClassBytecodeTest.CopiesRawPointerInsideReturnedClass (0 ms)
[ RUN      ] ClassBytecodeTest.RejectsUninitializedProjectionAndReadonlyMutation
[       OK ] ClassBytecodeTest.RejectsUninitializedProjectionAndReadonlyMutation (0 ms)
[ RUN      ] ClassBytecodeTest.RejectsByValueClassesAtTheNativeBoundary
[       OK ] ClassBytecodeTest.RejectsByValueClassesAtTheNativeBoundary (0 ms)
[----------] 6 tests from ClassBytecodeTest (2 ms total)

[----------] 10 tests from BytecodeExecutionTest
[ RUN      ] BytecodeExecutionTest.ResolvesNativeExportsAndInvalidatesTheirBinding
[       OK ] BytecodeExecutionTest.ResolvesNativeExportsAndInvalidatesTheirBinding (1 ms)
[ RUN      ] BytecodeExecutionTest.CopiesCAbiStringArgumentsAndReclaimsTemporaryBuffers
[       OK ] BytecodeExecutionTest.CopiesCAbiStringArgumentsAndReclaimsTemporaryBuffers (0 ms)
[ RUN      ] BytecodeExecutionTest.PreservesReturnedCAbiStringAlias
[       OK ] BytecodeExecutionTest.PreservesReturnedCAbiStringAlias (0 ms)
[ RUN      ] BytecodeExecutionTest.ReclaimsCAbiStringBuffersWhenArgumentPreparationFails
[       OK ] BytecodeExecutionTest.ReclaimsCAbiStringBuffersWhenArgumentPreparationFails (0 ms)
[ RUN      ] BytecodeExecutionTest.RecompilesAfterReturnReplacement
[       OK ] BytecodeExecutionTest.RecompilesAfterReturnReplacement (0 ms)
[ RUN      ] BytecodeExecutionTest.ExecutesBodyAddedAfterMissingBodyFailure
[       OK ] BytecodeExecutionTest.ExecutesBodyAddedAfterMissingBodyFailure (0 ms)
[ RUN      ] BytecodeExecutionTest.DiscardsCodeForDestroyedFunctions
[       OK ] BytecodeExecutionTest.DiscardsCodeForDestroyedFunctions (1 ms)
[ RUN      ] BytecodeExecutionTest.IndirectCallsReadCurrentFunctionParameters
[       OK ] BytecodeExecutionTest.IndirectCallsReadCurrentFunctionParameters (0 ms)
[ RUN      ] BytecodeExecutionTest.SignedComparisonsRespectEveryNativeWidthBoundary
[       OK ] BytecodeExecutionTest.SignedComparisonsRespectEveryNativeWidthBoundary (3 ms)
[ RUN      ] BytecodeExecutionTest.DeepCallChainUsesExplicitFramesAndUnwindsStorage
[       OK ] BytecodeExecutionTest.DeepCallChainUsesExplicitFramesAndUnwindsStorage (73 ms)
[----------] 10 tests from BytecodeExecutionTest (82 ms total)

[----------] 5 tests from BytecodeStorageTest
[ RUN      ] BytecodeStorageTest.LoopAllocationResetsLocalInitialization
[       OK ] BytecodeStorageTest.LoopAllocationResetsLocalInitialization (1 ms)
[ RUN      ] BytecodeStorageTest.LocalFloatSnapshotsPreserveExactBits
[       OK ] BytecodeStorageTest.LocalFloatSnapshotsPreserveExactBits (1 ms)
[ RUN      ] BytecodeStorageTest.FrameLocalsAvoidManagedStorageObjects
[       OK ] BytecodeStorageTest.FrameLocalsAvoidManagedStorageObjects (0 ms)
[ RUN      ] BytecodeStorageTest.ScalarInstructionResultsRemainUnboxedAcrossNativeCalls
[       OK ] BytecodeStorageTest.ScalarInstructionResultsRemainUnboxedAcrossNativeCalls (1 ms)
[ RUN      ] BytecodeStorageTest.NativeCallbacksCanClearPlansAndResumeTheMachine
[       OK ] BytecodeStorageTest.NativeCallbacksCanClearPlansAndResumeTheMachine (0 ms)
[----------] 5 tests from BytecodeStorageTest (4 ms total)

[----------] 9 tests from RuntimeFfiTest
[ RUN      ] RuntimeFfiTest.ExecutesPreparedScalarsWithoutSemanticObjects
[       OK ] RuntimeFfiTest.ExecutesPreparedScalarsWithoutSemanticObjects (0 ms)
[ RUN      ] RuntimeFfiTest.RejectsSameSizeTypeConfusionAfterPreparingPlan
[       OK ] RuntimeFfiTest.RejectsSameSizeTypeConfusionAfterPreparingPlan (0 ms)
[ RUN      ] RuntimeFfiTest.PromotesReturnedStringAliasWithoutMutatingItsSource
[       OK ] RuntimeFfiTest.PromotesReturnedStringAliasWithoutMutatingItsSource (0 ms)
[ RUN      ] RuntimeFfiTest.RejectsIncompatibleManagedPointeeIdentity
[       OK ] RuntimeFfiTest.RejectsIncompatibleManagedPointeeIdentity (0 ms)
[ RUN      ] RuntimeFfiTest.SeparatesFunctionIdsFromIndependentImages
[       OK ] RuntimeFfiTest.SeparatesFunctionIdsFromIndependentImages (0 ms)
[ RUN      ] RuntimeFfiTest.RejectsChangedSignatureForCachedFunctionId
[       OK ] RuntimeFfiTest.RejectsChangedSignatureForCachedFunctionId (0 ms)
[ RUN      ] RuntimeFfiTest.RejectsManagedCellsFromAnotherTypeDomain
[       OK ] RuntimeFfiTest.RejectsManagedCellsFromAnotherTypeDomain (0 ms)
[ RUN      ] RuntimeFfiTest.RejectsStringPayloadWithNonStringTypeIdentity
[       OK ] RuntimeFfiTest.RejectsStringPayloadWithNonStringTypeIdentity (0 ms)
[ RUN      ] RuntimeFfiTest.DoesNotReusePlansWhenTypeTableAddressIsRecycled
[       OK ] RuntimeFfiTest.DoesNotReusePlansWhenTypeTableAddressIsRecycled (0 ms)
[----------] 9 tests from RuntimeFfiTest (0 ms total)

[----------] 10 tests from ClassStorageTest
[ RUN      ] ClassStorageTest.UsesTargetOffsetsAndIndependentSnapshots
[       OK ] ClassStorageTest.UsesTargetOffsetsAndIndependentSnapshots (0 ms)
[ RUN      ] ClassStorageTest.RegistersRecursivePointersBeforeFollowingFields
[       OK ] ClassStorageTest.RegistersRecursivePointersBeforeFollowingFields (0 ms)
[ RUN      ] ClassStorageTest.CompletesReservedSignatureTypesOnDemand
[       OK ] ClassStorageTest.CompletesReservedSignatureTypesOnDemand (0 ms)
[ RUN      ] ClassStorageTest.PointerFieldsAliasExplicitlyAndCannotFreeze
[       OK ] ClassStorageTest.PointerFieldsAliasExplicitlyAndCannotFreeze (0 ms)
[ RUN      ] ClassStorageTest.EmptyClassesHaveAddressableExtent
[       OK ] ClassStorageTest.EmptyClassesHaveAddressableExtent (0 ms)
[ RUN      ] ClassStorageTest.PaddedIntegersUseTargetStrideWithoutChangingTheirValue
[       OK ] ClassStorageTest.PaddedIntegersUseTargetStrideWithoutChangingTheirValue (0 ms)
[ RUN      ] ClassStorageTest.StoresWideAndPointerFieldsInOneAlignedObject
[       OK ] ClassStorageTest.StoresWideAndPointerFieldsInOneAlignedObject (0 ms)
[ RUN      ] ClassStorageTest.RetainsStringBytesAcrossFieldStores
[       OK ] ClassStorageTest.RetainsStringBytesAcrossFieldStores (0 ms)
[ RUN      ] ClassStorageTest.SharesClassDescriptionAcrossInstancesAndArrayLayouts
[       OK ] ClassStorageTest.SharesClassDescriptionAcrossInstancesAndArrayLayouts (0 ms)
[ RUN      ] ClassStorageTest.RejectsStringBudgetWithoutPartialAggregateStore
[       OK ] ClassStorageTest.RejectsStringBudgetWithoutPartialAggregateStore (0 ms)
[----------] 10 tests from ClassStorageTest (2 ms total)

[----------] 4 tests from ReflectionTest
[ RUN      ] ReflectionTest.ConstructsAndInvokesWithCheckedFieldAccess
[       OK ] ReflectionTest.ConstructsAndInvokesWithCheckedFieldAccess (0 ms)
[ RUN      ] ReflectionTest.RetainsCallableMetadataThroughArchiveAndLink
[       OK ] ReflectionTest.RetainsCallableMetadataThroughArchiveAndLink (2 ms)
[ RUN      ] ReflectionTest.RejectsCorruptCallableMetadata
[       OK ] ReflectionTest.RejectsCorruptCallableMetadata (0 ms)
[ RUN      ] ReflectionTest.RoundTripsIRMemberAssociations
[       OK ] ReflectionTest.RoundTripsIRMemberAssociations (2 ms)
[----------] 4 tests from ReflectionTest (5 ms total)

[----------] 4 tests from LLVMBackendTest
[ RUN      ] LLVMBackendTest.LowersNativeEntryAtBothOptimizationLevels
[       OK ] LLVMBackendTest.LowersNativeEntryAtBothOptimizationLevels (32 ms)
[ RUN      ] LLVMBackendTest.ClassFieldPointersUseExplicitLayoutAndRawAddresses
[       OK ] LLVMBackendTest.ClassFieldPointersUseExplicitLayoutAndRawAddresses (4 ms)
[ RUN      ] LLVMBackendTest.RejectsCrossTargetAndInvalidOptimizationLevel
[       OK ] LLVMBackendTest.RejectsCrossTargetAndInvalidOptimizationLevel (0 ms)
[ RUN      ] LLVMBackendTest.RejectsIncompleteClassStorage
[       OK ] LLVMBackendTest.RejectsIncompleteClassStorage (0 ms)
[----------] 4 tests from LLVMBackendTest (38 ms total)

[----------] Global test environment tear-down
[==========] 102 tests from 13 test suites ran. (222 ms total)
[  PASSED  ] 102 tests.
