Running main() from D:\github\ink\src\third_party\googletest\googletest\src\gtest_main.cc
Note: Google Test filter = NativeLayoutExecutionTest.*:ClassBytecodeTest.*:ClassStorageTest.*:ClassArtifactTest.*:RuntimeStorageTest.*:SemanticAddressOfTest.*
[==========] Running 52 tests from 6 test suites.
[----------] Global test environment set-up.
[----------] 23 tests from SemanticAddressOfTest
[ RUN      ] SemanticAddressOfTest.ReadsParenthesizedLocalThroughNestedAddressOperators
[       OK ] SemanticAddressOfTest.ReadsParenthesizedLocalThroughNestedAddressOperators (3 ms)
[ RUN      ] SemanticAddressOfTest.WritesCallerLocalThroughPointerParameter
[       OK ] SemanticAddressOfTest.WritesCallerLocalThroughPointerParameter (1 ms)
[ RUN      ] SemanticAddressOfTest.PreservesAliasesOfOneLocal
[       OK ] SemanticAddressOfTest.PreservesAliasesOfOneLocal (0 ms)
[ RUN      ] SemanticAddressOfTest.AllowsPointeeWriteThroughConstantPointerBinding
[       OK ] SemanticAddressOfTest.AllowsPointeeWriteThroughConstantPointerBinding (0 ms)
[ RUN      ] SemanticAddressOfTest.ReassignsPointerLocalThroughItsAddress
[       OK ] SemanticAddressOfTest.ReassignsPointerLocalThroughItsAddress (0 ms)
[ RUN      ] SemanticAddressOfTest.EvaluatesAddressOfDereferenceOperandOnce
[       OK ] SemanticAddressOfTest.EvaluatesAddressOfDereferenceOperandOnce (0 ms)
[ RUN      ] SemanticAddressOfTest.EvaluatesIndirectAssignmentDestinationOnce
[       OK ] SemanticAddressOfTest.EvaluatesIndirectAssignmentDestinationOnce (1 ms)
[ RUN      ] SemanticAddressOfTest.AllowsAddressAfterDefiniteInitialization
[       OK ] SemanticAddressOfTest.AllowsAddressAfterDefiniteInitialization (0 ms)
[ RUN      ] SemanticAddressOfTest.ExecutesAddressOperationsInsideCompileTimeFunction
[       OK ] SemanticAddressOfTest.ExecutesAddressOperationsInsideCompileTimeFunction (0 ms)
[ RUN      ] SemanticAddressOfTest.AllowsReturningAnUnownedLocalAddress
[       OK ] SemanticAddressOfTest.AllowsReturningAnUnownedLocalAddress (0 ms)
[ RUN      ] SemanticAddressOfTest.RejectsAddressesOfTemporaryAndFunctionValues
[       OK ] SemanticAddressOfTest.RejectsAddressesOfTemporaryAndFunctionValues (1 ms)
[ RUN      ] SemanticAddressOfTest.RejectsMutableAddressOfConstantBinding
[       OK ] SemanticAddressOfTest.RejectsMutableAddressOfConstantBinding (0 ms)
[ RUN      ] SemanticAddressOfTest.RejectsDirectAddressOfValueParameter
[       OK ] SemanticAddressOfTest.RejectsDirectAddressOfValueParameter (0 ms)
[ RUN      ] SemanticAddressOfTest.RejectsAddressBeforeDefiniteInitialization
[       OK ] SemanticAddressOfTest.RejectsAddressBeforeDefiniteInitialization (0 ms)
[ RUN      ] SemanticAddressOfTest.RejectsUninitializedPointerUse
[       OK ] SemanticAddressOfTest.RejectsUninitializedPointerUse (0 ms)
[ RUN      ] SemanticAddressOfTest.RejectsDereferenceWithoutTypedPointer
[       OK ] SemanticAddressOfTest.RejectsDereferenceWithoutTypedPointer (0 ms)
[ RUN      ] SemanticAddressOfTest.RejectsMismatchedPointeeValues
[       OK ] SemanticAddressOfTest.RejectsMismatchedPointeeValues (0 ms)
[ RUN      ] SemanticAddressOfTest.RejectsAddressAcrossCompileTimeBoundary
[       OK ] SemanticAddressOfTest.RejectsAddressAcrossCompileTimeBoundary (0 ms)
[ RUN      ] SemanticAddressOfTest.RejectsAddressOfCapturedRuntimeLocal
[       OK ] SemanticAddressOfTest.RejectsAddressOfCapturedRuntimeLocal (0 ms)
[ RUN      ] SemanticAddressOfTest.ObservesNativeWritesWithoutChangingEarlierLoads
[       OK ] SemanticAddressOfTest.ObservesNativeWritesWithoutChangingEarlierLoads (0 ms)
[ RUN      ] SemanticAddressOfTest.PreservesAliasedNativeArguments
[       OK ] SemanticAddressOfTest.PreservesAliasedNativeArguments (0 ms)
[ RUN      ] SemanticAddressOfTest.RecoversManagedAddressReturnedFromNativeCode
[       OK ] SemanticAddressOfTest.RecoversManagedAddressReturnedFromNativeCode (0 ms)
[ RUN      ] SemanticAddressOfTest.AllowsReturningNativeIdentityAddress
[       OK ] SemanticAddressOfTest.AllowsReturningNativeIdentityAddress (0 ms)
[----------] 23 tests from SemanticAddressOfTest (22 ms total)

[----------] 5 tests from ClassArtifactTest
[ RUN      ] ClassArtifactTest.RoundTripsClassConstantsAndRejectsTruncation
[       OK ] ClassArtifactTest.RoundTripsClassConstantsAndRejectsTruncation (9 ms)
[ RUN      ] ClassArtifactTest.LinksClassValuesAcrossIndependentContexts
[       OK ] ClassArtifactTest.LinksClassValuesAcrossIndependentContexts (2 ms)
[ RUN      ] ClassArtifactTest.PreservesNominalIdentityAndRejectsConflictingDefinitions
[       OK ] ClassArtifactTest.PreservesNominalIdentityAndRejectsConflictingDefinitions (2 ms)
[ RUN      ] ClassArtifactTest.RoundTripsRecursiveClassPointers
[       OK ] ClassArtifactTest.RoundTripsRecursiveClassPointers (0 ms)
[ RUN      ] ClassArtifactTest.RejectsCorruptClassFieldOffsets
[       OK ] ClassArtifactTest.RejectsCorruptClassFieldOffsets (0 ms)
[----------] 5 tests from ClassArtifactTest (15 ms total)

[----------] 6 tests from ClassBytecodeTest
[ RUN      ] ClassBytecodeTest.LowersAndVerifiesClassOperations
[       OK ] ClassBytecodeTest.LowersAndVerifiesClassOperations (0 ms)
[ RUN      ] ClassBytecodeTest.CopiesAreIndependentAndFieldAddressesSurviveAssignment
[       OK ] ClassBytecodeTest.CopiesAreIndependentAndFieldAddressesSurviveAssignment (0 ms)
[ RUN      ] ClassBytecodeTest.FreezesNestedClassesContainingArrays
[       OK ] ClassBytecodeTest.FreezesNestedClassesContainingArrays (0 ms)
[ RUN      ] ClassBytecodeTest.CopiesRawPointerInsideReturnedClass
[       OK ] ClassBytecodeTest.CopiesRawPointerInsideReturnedClass (0 ms)
[ RUN      ] ClassBytecodeTest.RejectsUninitializedProjectionAndReadonlyMutation
[       OK ] ClassBytecodeTest.RejectsUninitializedProjectionAndReadonlyMutation (0 ms)
[ RUN      ] ClassBytecodeTest.RejectsByValueClassesAtTheNativeBoundary
[       OK ] ClassBytecodeTest.RejectsByValueClassesAtTheNativeBoundary (0 ms)
[----------] 6 tests from ClassBytecodeTest (2 ms total)

[----------] 3 tests from NativeLayoutExecutionTest
[ RUN      ] NativeLayoutExecutionTest.PreservesNestedStringsAndSnapshotsAcrossCalls
[       OK ] NativeLayoutExecutionTest.PreservesNestedStringsAndSnapshotsAcrossCalls (0 ms)
[ RUN      ] NativeLayoutExecutionTest.RetainsStringStoredThroughAnExternalAddress
[       OK ] NativeLayoutExecutionTest.RetainsStringStoredThroughAnExternalAddress (0 ms)
[ RUN      ] NativeLayoutExecutionTest.BoundsActiveFrameBytesAndUnwindsCalls
[       OK ] NativeLayoutExecutionTest.BoundsActiveFrameBytesAndUnwindsCalls (0 ms)
[----------] 3 tests from NativeLayoutExecutionTest (1 ms total)

[----------] 9 tests from ClassStorageTest
[ RUN      ] ClassStorageTest.UsesTargetOffsetsAndIndependentSnapshots
[       OK ] ClassStorageTest.UsesTargetOffsetsAndIndependentSnapshots (0 ms)
[ RUN      ] ClassStorageTest.RegistersRecursivePointersBeforeFollowingFields
[       OK ] ClassStorageTest.RegistersRecursivePointersBeforeFollowingFields (0 ms)
[ RUN      ] ClassStorageTest.CompletesReservedSignatureTypesOnDemand
[       OK ] ClassStorageTest.CompletesReservedSignatureTypesOnDemand (0 ms)
[ RUN      ] ClassStorageTest.PointerFieldsAliasExplicitlyAndCannotFreeze
[       OK ] ClassStorageTest.PointerFieldsAliasExplicitlyAndCannotFreeze (0 ms)
[ RUN      ] ClassStorageTest.EmptyClassesHaveAddressableExtent
[       OK ] ClassStorageTest.EmptyClassesHaveAddressableExtent (0 ms)
[ RUN      ] ClassStorageTest.PaddedIntegersUseTargetStrideWithoutChangingTheirValue
[       OK ] ClassStorageTest.PaddedIntegersUseTargetStrideWithoutChangingTheirValue (0 ms)
[ RUN      ] ClassStorageTest.StoresWideAndPointerFieldsInOneAlignedObject
[       OK ] ClassStorageTest.StoresWideAndPointerFieldsInOneAlignedObject (0 ms)
[ RUN      ] ClassStorageTest.RetainsStringBytesAcrossFieldStores
[       OK ] ClassStorageTest.RetainsStringBytesAcrossFieldStores (0 ms)
[ RUN      ] ClassStorageTest.SharesClassDescriptionAcrossInstancesAndArrayLayouts
[       OK ] ClassStorageTest.SharesClassDescriptionAcrossInstancesAndArrayLayouts (0 ms)
[----------] 9 tests from ClassStorageTest (1 ms total)

[----------] 6 tests from RuntimeStorageTest
[ RUN      ] RuntimeStorageTest.RetainsOwnedValuesAndLayoutsAfterSemanticContextDestruction
[       OK ] RuntimeStorageTest.RetainsOwnedValuesAndLayoutsAfterSemanticContextDestruction (0 ms)
[ RUN      ] RuntimeStorageTest.RejectsEqualSizedValuesWithDifferentTypeIdentities
[       OK ] RuntimeStorageTest.RejectsEqualSizedValuesWithDifferentTypeIdentities (0 ms)
[ RUN      ] RuntimeStorageTest.ChargesFrameLocalsWithoutManagedAllocation
[       OK ] RuntimeStorageTest.ChargesFrameLocalsWithoutManagedAllocation (0 ms)
[ RUN      ] RuntimeStorageTest.CopiesRawAddressesWithoutOwnershipChecks
[       OK ] RuntimeStorageTest.CopiesRawAddressesWithoutOwnershipChecks (0 ms)
[ RUN      ] RuntimeStorageTest.TransportsRawPointerBitsWithoutAccessingPointees
[       OK ] RuntimeStorageTest.TransportsRawPointerBitsWithoutAccessingPointees (0 ms)
[ RUN      ] RuntimeStorageTest.RejectsForeignLayoutDomainsAtSemanticBoundary
[       OK ] RuntimeStorageTest.RejectsForeignLayoutDomainsAtSemanticBoundary (0 ms)
[----------] 6 tests from RuntimeStorageTest (0 ms total)

[----------] Global test environment tear-down
[==========] 52 tests from 6 test suites ran. (44 ms total)
[  PASSED  ] 52 tests.
