[0/2] Re-checking globbed directories...
[1/250] Building CXX object src\lib\tokenizer\CMakeFiles\ink_tokenizer.dir\token.cpp.obj
cl: 命令行 warning D9025 :正在重写“/EHs”(用“/EHs-”)
cl: 命令行 warning D9025 :正在重写“/EHc”(用“/EHc-”)
[2/250] Building CXX object src\lib\core\CMakeFiles\ink_core.dir\source_manager.cpp.obj
cl: 命令行 warning D9025 :正在重写“/EHs”(用“/EHs-”)
cl: 命令行 warning D9025 :正在重写“/EHc”(用“/EHc-”)
[3/250] Building CXX object src\lib\tokenizer\CMakeFiles\ink_tokenizer.dir\unicode.cpp.obj
cl: 命令行 warning D9025 :正在重写“/EHs”(用“/EHs-”)
cl: 命令行 warning D9025 :正在重写“/EHc”(用“/EHc-”)
[4/250] Building CXX object src\lib\parser\CMakeFiles\ink_parser.dir\ast_children.cpp.obj
cl: 命令行 warning D9025 :正在重写“/EHs”(用“/EHs-”)
cl: 命令行 warning D9025 :正在重写“/EHc”(用“/EHc-”)
[5/250] Building CXX object src\lib\core\CMakeFiles\ink_core.dir\config_manager.cpp.obj
cl: 命令行 warning D9025 :正在重写“/EHs”(用“/EHs-”)
cl: 命令行 warning D9025 :正在重写“/EHc”(用“/EHc-”)
D:\github\ink\src\lib\core\config_manager.cpp(38): warning C4996: 'getenv': This function or variable may be unsafe. Consider using _dupenv_s instead. To disable deprecation, use _CRT_SECURE_NO_WARNINGS. See online help for details.
[6/250] Building CXX object src\lib\tokenizer\CMakeFiles\ink_tokenizer.dir\tokenizer.cpp.obj
cl: 命令行 warning D9025 :正在重写“/EHs”(用“/EHs-”)
cl: 命令行 warning D9025 :正在重写“/EHc”(用“/EHc-”)
[7/250] Building CXX object src\lib\core\CMakeFiles\ink_core.dir\panic.cpp.obj
cl: 命令行 warning D9025 :正在重写“/EHs”(用“/EHs-”)
cl: 命令行 warning D9025 :正在重写“/EHc”(用“/EHc-”)
[8/250] Building CXX object src\lib\parser\CMakeFiles\ink_parser.dir\ast_context.cpp.obj
cl: 命令行 warning D9025 :正在重写“/EHs”(用“/EHs-”)
cl: 命令行 warning D9025 :正在重写“/EHc”(用“/EHc-”)
[9/250] Building CXX object src\lib\core\CMakeFiles\ink_core.dir\diagnostic.cpp.obj
cl: 命令行 warning D9025 :正在重写“/EHs”(用“/EHs-”)
cl: 命令行 warning D9025 :正在重写“/EHc”(用“/EHc-”)
[10/250] Linking CXX static library src\lib\core\ink_core.lib
[11/250] Linking CXX static library src\lib\tokenizer\ink_tokenizer.lib
[12/250] Building CXX object src\lib\parser\CMakeFiles\ink_parser.dir\parser_diagnostic_emitter.cpp.obj
cl: 命令行 warning D9025 :正在重写“/EHs”(用“/EHs-”)
cl: 命令行 warning D9025 :正在重写“/EHc”(用“/EHc-”)
[13/250] Building CXX object src\lib\parser\CMakeFiles\ink_parser.dir\ast_verifier.cpp.obj
cl: 命令行 warning D9025 :正在重写“/EHs”(用“/EHs-”)
cl: 命令行 warning D9025 :正在重写“/EHc”(用“/EHc-”)
[14/250] Building CXX object src\lib\parser\CMakeFiles\ink_parser.dir\ast_walker.cpp.obj
cl: 命令行 warning D9025 :正在重写“/EHs”(用“/EHs-”)
cl: 命令行 warning D9025 :正在重写“/EHc”(用“/EHc-”)
[15/250] Building CXX object src\lib\parser\CMakeFiles\ink_parser.dir\ast_dump.cpp.obj
cl: 命令行 warning D9025 :正在重写“/EHs”(用“/EHs-”)
cl: 命令行 warning D9025 :正在重写“/EHc”(用“/EHc-”)
[16/250] Building CXX object src\lib\parser\CMakeFiles\ink_parser.dir\parser.cpp.obj
cl: 命令行 warning D9025 :正在重写“/EHs”(用“/EHs-”)
cl: 命令行 warning D9025 :正在重写“/EHc”(用“/EHc-”)
[17/250] Building CXX object src\lib\parser\CMakeFiles\ink_parser.dir\parser_decl.cpp.obj
cl: 命令行 warning D9025 :正在重写“/EHs”(用“/EHs-”)
cl: 命令行 warning D9025 :正在重写“/EHc”(用“/EHc-”)
[18/250] Building CXX object src\lib\parser\CMakeFiles\ink_parser.dir\parser_expr.cpp.obj
cl: 命令行 warning D9025 :正在重写“/EHs”(用“/EHs-”)
cl: 命令行 warning D9025 :正在重写“/EHc”(用“/EHc-”)
[19/250] Building CXX object src\lib\parser\CMakeFiles\ink_parser.dir\parser_pattern.cpp.obj
cl: 命令行 warning D9025 :正在重写“/EHs”(用“/EHs-”)
cl: 命令行 warning D9025 :正在重写“/EHc”(用“/EHc-”)
[20/250] Building CXX object src\lib\parser\CMakeFiles\ink_parser.dir\parser_recovery.cpp.obj
cl: 命令行 warning D9025 :正在重写“/EHs”(用“/EHs-”)
cl: 命令行 warning D9025 :正在重写“/EHc”(用“/EHc-”)
[21/250] Building CXX object src\lib\parser\CMakeFiles\ink_parser.dir\parser_transaction.cpp.obj
cl: 命令行 warning D9025 :正在重写“/EHs”(用“/EHs-”)
cl: 命令行 warning D9025 :正在重写“/EHc”(用“/EHc-”)
[22/250] Building CXX object src\lib\parser\CMakeFiles\ink_parser.dir\parser_stmt.cpp.obj
cl: 命令行 warning D9025 :正在重写“/EHs”(用“/EHs-”)
cl: 命令行 warning D9025 :正在重写“/EHc”(用“/EHc-”)
[23/250] Building CXX object src\lib\parser\CMakeFiles\ink_parser.dir\parser_type.cpp.obj
cl: 命令行 warning D9025 :正在重写“/EHs”(用“/EHs-”)
cl: 命令行 warning D9025 :正在重写“/EHc”(用“/EHc-”)
[24/250] Building CXX object src\lib\parser\CMakeFiles\ink_parser.dir\token_cursor.cpp.obj
cl: 命令行 warning D9025 :正在重写“/EHs”(用“/EHs-”)
cl: 命令行 warning D9025 :正在重写“/EHc”(用“/EHc-”)
[25/250] Building CXX object src\lib\ir\CMakeFiles\ink_ir.dir\analysis\type_layout.cpp.obj
cl: 命令行 warning D9025 :正在重写“/EHs”(用“/EHs-”)
cl: 命令行 warning D9025 :正在重写“/EHc”(用“/EHc-”)
[26/250] Building CXX object src\lib\ir\CMakeFiles\ink_ir.dir\function\function_parameter.cpp.obj
cl: 命令行 warning D9025 :正在重写“/EHs”(用“/EHs-”)
cl: 命令行 warning D9025 :正在重写“/EHc”(用“/EHc-”)
[27/250] Building CXX object src\lib\ir\CMakeFiles\ink_ir.dir\context.cpp.obj
cl: 命令行 warning D9025 :正在重写“/EHs”(用“/EHs-”)
cl: 命令行 warning D9025 :正在重写“/EHc”(用“/EHc-”)
[28/250] Building CXX object src\lib\ir\CMakeFiles\ink_ir.dir\decl\decl.cpp.obj
cl: 命令行 warning D9025 :正在重写“/EHs”(用“/EHs-”)
cl: 命令行 warning D9025 :正在重写“/EHc”(用“/EHc-”)
[29/250] Building CXX object src\lib\ir\CMakeFiles\ink_ir.dir\function\basic_block.cpp.obj
cl: 命令行 warning D9025 :正在重写“/EHs”(用“/EHs-”)
cl: 命令行 warning D9025 :正在重写“/EHc”(用“/EHc-”)
[30/250] Building CXX object src\lib\ir\CMakeFiles\ink_ir.dir\constant\constant_pool.cpp.obj
cl: 命令行 warning D9025 :正在重写“/EHs”(用“/EHs-”)
cl: 命令行 warning D9025 :正在重写“/EHc”(用“/EHc-”)
[31/250] Building CXX object src\lib\ir\CMakeFiles\ink_ir.dir\instruction\return_instruction.cpp.obj
cl: 命令行 warning D9025 :正在重写“/EHs”(用“/EHs-”)
cl: 命令行 warning D9025 :正在重写“/EHc”(用“/EHc-”)
[32/250] Building CXX object src\lib\ir\CMakeFiles\ink_ir.dir\instruction\class_instruction.cpp.obj
cl: 命令行 warning D9025 :正在重写“/EHs”(用“/EHs-”)
cl: 命令行 warning D9025 :正在重写“/EHc”(用“/EHc-”)
[33/250] Building CXX object src\lib\ir\CMakeFiles\ink_ir.dir\instruction\store_instruction.cpp.obj
cl: 命令行 warning D9025 :正在重写“/EHs”(用“/EHs-”)
cl: 命令行 warning D9025 :正在重写“/EHc”(用“/EHc-”)
[34/250] Building CXX object src\lib\ir\CMakeFiles\ink_ir.dir\name\name_pool.cpp.obj
cl: 命令行 warning D9025 :正在重写“/EHs”(用“/EHs-”)
cl: 命令行 warning D9025 :正在重写“/EHc”(用“/EHc-”)
[35/250] Building CXX object src\lib\ir\CMakeFiles\ink_ir.dir\module\module.cpp.obj
cl: 命令行 warning D9025 :正在重写“/EHs”(用“/EHs-”)
cl: 命令行 warning D9025 :正在重写“/EHc”(用“/EHc-”)
[36/250] Building CXX object src\lib\ir\CMakeFiles\ink_ir.dir\module\module_serialization_binary.cpp.obj
cl: 命令行 warning D9025 :正在重写“/EHs”(用“/EHs-”)
cl: 命令行 warning D9025 :正在重写“/EHc”(用“/EHc-”)
D:\github\ink\src\third_party\llvm\llvm\include\llvm\Support\Endian.h(98) : warning C4702: 无法访问的代码
D:\github\ink\src\third_party\llvm\llvm\include\llvm\Support\Endian.h(98) : warning C4702: 无法访问的代码
D:\github\ink\src\third_party\llvm\llvm\include\llvm\Support\Endian.h(63) : warning C4702: 无法访问的代码
D:\github\ink\src\third_party\llvm\llvm\include\llvm\Support\Endian.h(63) : warning C4702: 无法访问的代码
[37/250] Building CXX object src\lib\ir\CMakeFiles\ink_ir.dir\ir_builder.cpp.obj
cl: 命令行 warning D9025 :正在重写“/EHs”(用“/EHs-”)
cl: 命令行 warning D9025 :正在重写“/EHc”(用“/EHc-”)
[38/250] Building CXX object src\lib\ir\CMakeFiles\ink_ir.dir\module\module_serialization.cpp.obj
cl: 命令行 warning D9025 :正在重写“/EHs”(用“/EHs-”)
cl: 命令行 warning D9025 :正在重写“/EHc”(用“/EHc-”)
[39/250] Building CXX object src\lib\ir\CMakeFiles\ink_ir.dir\module\module_serialization_text.cpp.obj
cl: 命令行 warning D9025 :正在重写“/EHs”(用“/EHs-”)
cl: 命令行 warning D9025 :正在重写“/EHc”(用“/EHc-”)
D:\github\ink\src\lib\ir\module\module_serialization_text_reader.inc(396): warning C4458: “Types”的声明隐藏了类成员
D:\github\ink\src\lib\ir\module\module_serialization_text_reader.inc(1043): note: 参见“ink::ir::archive::`anonymous-namespace'::TextReader::Types”的声明
D:\github\ink\src\lib\ir\module\module_serialization_text_reader.inc(583): warning C4458: “Types”的声明隐藏了类成员
D:\github\ink\src\lib\ir\module\module_serialization_text_reader.inc(1043): note: 参见“ink::ir::archive::`anonymous-namespace'::TextReader::Types”的声明
D:\github\ink\src\third_party\llvm\llvm\include\llvm\ADT\bit.h(262) : warning C4702: 无法访问的代码
D:\github\ink\src\third_party\llvm\llvm\include\llvm\ADT\bit.h(263) : warning C4702: 无法访问的代码
D:\github\ink\src\third_party\llvm\llvm\include\llvm\ADT\bit.h(264) : warning C4702: 无法访问的代码
D:\github\ink\src\third_party\llvm\llvm\include\llvm\ADT\bit.h(266) : warning C4702: 无法访问的代码
D:\github\ink\src\third_party\llvm\llvm\include\llvm\ADT\bit.h(268) : warning C4702: 无法访问的代码
D:\github\ink\src\third_party\llvm\llvm\include\llvm\ADT\bit.h(270) : warning C4702: 无法访问的代码
[40/250] Building CXX object src\lib\ir\CMakeFiles\ink_ir.dir\type\type_pool.cpp.obj
cl: 命令行 warning D9025 :正在重写“/EHs”(用“/EHs-”)
cl: 命令行 warning D9025 :正在重写“/EHc”(用“/EHc-”)
[41/250] Building CXX object src\lib\ir\CMakeFiles\ink_ir.dir\value.cpp.obj
cl: 命令行 warning D9025 :正在重写“/EHs”(用“/EHs-”)
cl: 命令行 warning D9025 :正在重写“/EHc”(用“/EHc-”)
[42/250] Building CXX object src\lib\parser\CMakeFiles\ink_parser.dir\ast_serialization.cpp.obj
cl: 命令行 warning D9025 :正在重写“/EHs”(用“/EHs-”)
cl: 命令行 warning D9025 :正在重写“/EHc”(用“/EHc-”)
C:\Program Files\Microsoft Visual Studio\2022\Community\VC\Tools\MSVC\14.44.35207\include\xmemory(1610): warning C4244: “初始化”: 从“const std::_Floating_to_chars_general_precision::_Uint_type”转换到“_Ty”，可能丢失数据
        with
        [
            _Ty=char
        ]
C:\Program Files\Microsoft Visual Studio\2022\Community\VC\Tools\MSVC\14.44.35207\include\xmemory(1610): note: 模板实例化上下文(最早的实例化上下文)为
D:\github\ink\src\lib\parser\ast_serialization.cpp(373): note: 查看对正在编译的函数 模板 实例化“void llvm::BitstreamWriter::EmitRecord<std::vector<size_t,std::allocator<size_t>>>(unsigned int,const Container &,unsigned int)”的引用
        with
        [
            Container=std::vector<size_t,std::allocator<size_t>>
        ]
D:\github\ink\src\third_party\llvm\llvm\include\llvm/Bitstream/BitstreamWriter.h(584): note: 查看对正在编译的函数 模板 实例化“void llvm::BitstreamWriter::EmitRecordWithAbbrevImpl<uint64_t>(unsigned int,llvm::ArrayRef<uint64_t>,llvm::StringRef,std::optional<unsigned int>)”的引用
D:\github\ink\src\third_party\llvm\llvm\include\llvm/Bitstream/BitstreamWriter.h(531): note: 查看对正在编译的函数 模板 实例化“void llvm::BitstreamWriter::emitBlob<uint64_t>(llvm::ArrayRef<uint64_t>,bool)”的引用
D:\github\ink\src\third_party\llvm\llvm\include\llvm/Bitstream/BitstreamWriter.h(557): note: 查看对正在编译的函数 模板 实例化“void llvm::SmallVectorImpl<char>::append<const unsigned __int64*,void>(ItTy,ItTy)”的引用
        with
        [
            ItTy=const unsigned __int64 *
        ]
D:\github\ink\src\third_party\llvm\llvm\include\llvm/ADT/SmallVector.h(690): note: 查看对正在编译的函数 模板 实例化“void llvm::SmallVectorTemplateBase<T,true>::uninitialized_copy<ItTy,char*>(It1,It1,It2)”的引用
        with
        [
            T=char,
            ItTy=const unsigned __int64 *,
            It1=const unsigned __int64 *,
            It2=char *
        ]
D:\github\ink\src\third_party\llvm\llvm\include\llvm/ADT/SmallVector.h(522): note: 查看对正在编译的函数 模板 实例化“_NoThrowFwdIt std::uninitialized_copy<It1,It2>(const _InIt,const _InIt,_NoThrowFwdIt)”的引用
        with
        [
            _NoThrowFwdIt=char *,
            It1=const unsigned __int64 *,
            It2=char *,
            _InIt=const unsigned __int64 *
        ]
C:\Program Files\Microsoft Visual Studio\2022\Community\VC\Tools\MSVC\14.44.35207\include\xmemory(1971): note: 查看对正在编译的函数 模板 实例化“_NoThrowFwdIt std::_Uninitialized_copy_unchecked<_FwdIt,_NoThrowFwdIt>(_InIt,const _InIt,_NoThrowFwdIt)”的引用
        with
        [
            _NoThrowFwdIt=char *,
            _FwdIt=const std::_Floating_to_chars_general_precision::_Uint_type *,
            _InIt=const std::_Floating_to_chars_general_precision::_Uint_type *
        ]
C:\Program Files\Microsoft Visual Studio\2022\Community\VC\Tools\MSVC\14.44.35207\include\xmemory(1958): note: 查看对正在编译的函数 模板 实例化“void std::_Uninitialized_backout<_NoThrowFwdIt>::_Emplace_back_deref<_InIt>(_InIt &)”的引用
        with
        [
            _NoThrowFwdIt=char *,
            _InIt=const std::_Floating_to_chars_general_precision::_Uint_type *
        ]
C:\Program Files\Microsoft Visual Studio\2022\Community\VC\Tools\MSVC\14.44.35207\include\xmemory(1641): note: 查看对正在编译的函数 模板 实例化“void std::_Construct_in_place_by_deref<T,_InIt>(_Ty &,_InIt &) noexcept(<expr>)”的引用
        with
        [
            T=char,
            _InIt=const std::_Floating_to_chars_general_precision::_Uint_type *,
            _Ty=char
        ]
C:\Program Files\Microsoft Visual Studio\2022\Community\VC\Tools\MSVC\14.44.35207\include\xmemory(1611): warning C4244: “初始化”: 从“const std::_Floating_to_chars_general_precision::_Uint_type”转换到“T”，可能丢失数据
        with
        [
            T=char
        ]
C:\Program Files\Microsoft Visual Studio\2022\Community\VC\Tools\MSVC\14.44.35207\include\xmemory(1611): note: 模板实例化上下文(最早的实例化上下文)为
C:\Program Files\Microsoft Visual Studio\2022\Community\VC\Tools\MSVC\14.44.35207\include\xmemory(1958): note: 查看对正在编译的函数 模板 实例化“void std::_Uninitialized_backout<_NoThrowFwdIt>::_Emplace_back_deref<_InIt>(_InIt &)”的引用
        with
        [
            _NoThrowFwdIt=char *,
            _InIt=const std::_Floating_to_chars_general_precision::_Uint_type *
        ]
C:\Program Files\Microsoft Visual Studio\2022\Community\VC\Tools\MSVC\14.44.35207\include\xmemory(1641): note: 查看对正在编译的函数 模板 实例化“void std::_Construct_in_place_by_deref<T,_InIt>(_Ty &,_InIt &) noexcept”的引用
        with
        [
            T=char,
            _InIt=const std::_Floating_to_chars_general_precision::_Uint_type *,
            _Ty=char
        ]
D:\github\ink\src\third_party\llvm\llvm\include\llvm\Support\Endian.h(173) : warning C4702: 无法访问的代码
D:\github\ink\src\third_party\llvm\llvm\include\llvm\Support\Endian.h(138) : warning C4702: 无法访问的代码
D:\github\ink\src\third_party\llvm\llvm\include\llvm\Support\Endian.h(208) : warning C4702: 无法访问的代码
D:\github\ink\src\third_party\llvm\llvm\include\llvm\Support\Endian.h(63) : warning C4702: 无法访问的代码
D:\github\ink\src\third_party\llvm\llvm\include\llvm\Support\Endian.h(98) : warning C4702: 无法访问的代码
D:\github\ink\src\third_party\llvm\llvm\include\llvm\Support\Endian.h(63) : warning C4702: 无法访问的代码
D:\github\ink\src\third_party\llvm\llvm\include\llvm\Support\MathExtras.h(193) : warning C4702: 无法访问的代码
[43/250] Building CXX object src\lib\execution\CMakeFiles\ink_execution.dir\artifact\bytecode_builder.cpp.obj
cl: 命令行 warning D9025 :正在重写“/EHs”(用“/EHs-”)
cl: 命令行 warning D9025 :正在重写“/EHc”(用“/EHc-”)
[44/250] Building CXX object src\lib\execution\CMakeFiles\ink_execution.dir\artifact\bytecode_symbol.cpp.obj
cl: 命令行 warning D9025 :正在重写“/EHs”(用“/EHs-”)
cl: 命令行 warning D9025 :正在重写“/EHc”(用“/EHc-”)
[45/250] Building CXX object src\lib\execution\CMakeFiles\ink_execution.dir\artifact\bytecode_archive_writer.cpp.obj
cl: 命令行 warning D9025 :正在重写“/EHs”(用“/EHs-”)
cl: 命令行 warning D9025 :正在重写“/EHc”(用“/EHc-”)
[46/250] Linking CXX static library src\lib\parser\ink_parser.lib
[47/250] Building CXX object src\lib\execution\CMakeFiles\ink_execution.dir\artifact\bytecode_linker.cpp.obj
cl: 命令行 warning D9025 :正在重写“/EHs”(用“/EHs-”)
cl: 命令行 warning D9025 :正在重写“/EHc”(用“/EHc-”)
[48/250] Building CXX object src\lib\execution\CMakeFiles\ink_execution.dir\artifact\bytecode_archive_reader.cpp.obj
cl: 命令行 warning D9025 :正在重写“/EHs”(用“/EHs-”)
cl: 命令行 warning D9025 :正在重写“/EHc”(用“/EHc-”)
[49/250] Linking CXX static library src\lib\ir\ink_ir.lib
[50/250] Building CXX object src\lib\execution\CMakeFiles\ink_execution.dir\artifact\bytecode_validation.cpp.obj
cl: 命令行 warning D9025 :正在重写“/EHs”(用“/EHs-”)
cl: 命令行 warning D9025 :正在重写“/EHc”(用“/EHc-”)
[51/250] Building CXX object src\lib\execution\CMakeFiles\ink_execution.dir\bytecode\instruction.cpp.obj
cl: 命令行 warning D9025 :正在重写“/EHs”(用“/EHs-”)
cl: 命令行 warning D9025 :正在重写“/EHc”(用“/EHc-”)
[52/250] Building CXX object src\lib\execution\CMakeFiles\ink_execution.dir\artifact\bytecode_file.cpp.obj
cl: 命令行 warning D9025 :正在重写“/EHs”(用“/EHs-”)
cl: 命令行 warning D9025 :正在重写“/EHc”(用“/EHc-”)
[53/250] Building CXX object src\lib\execution\CMakeFiles\ink_execution.dir\engine\execution_frame.cpp.obj
cl: 命令行 warning D9025 :正在重写“/EHs”(用“/EHs-”)
cl: 命令行 warning D9025 :正在重写“/EHc”(用“/EHc-”)
[54/250] Building CXX object src\lib\execution\CMakeFiles\ink_execution.dir\engine\execution_linker.cpp.obj
cl: 命令行 warning D9025 :正在重写“/EHs”(用“/EHs-”)
cl: 命令行 warning D9025 :正在重写“/EHc”(用“/EHc-”)
[55/250] Building CXX object src\lib\execution\CMakeFiles\ink_execution.dir\bytecode\execution_compiler.cpp.obj
cl: 命令行 warning D9025 :正在重写“/EHs”(用“/EHs-”)
cl: 命令行 warning D9025 :正在重写“/EHc”(用“/EHc-”)
[56/250] Building CXX object src\lib\execution\CMakeFiles\ink_execution.dir\engine\execution_arithmetic.cpp.obj
cl: 命令行 warning D9025 :正在重写“/EHs”(用“/EHs-”)
cl: 命令行 warning D9025 :正在重写“/EHc”(用“/EHc-”)
[57/250] Building CXX object src\lib\execution\CMakeFiles\ink_execution.dir\bridge\semantic_value_bridge.cpp.obj
cl: 命令行 warning D9025 :正在重写“/EHs”(用“/EHs-”)
cl: 命令行 warning D9025 :正在重写“/EHc”(用“/EHc-”)
[58/250] Building CXX object src\lib\execution\CMakeFiles\ink_execution.dir\engine\execution_machine.cpp.obj
cl: 命令行 warning D9025 :正在重写“/EHs”(用“/EHs-”)
cl: 命令行 warning D9025 :正在重写“/EHc”(用“/EHc-”)
[59/250] Building CXX object src\lib\execution\CMakeFiles\ink_execution.dir\engine\execution_engine.cpp.obj
cl: 命令行 warning D9025 :正在重写“/EHs”(用“/EHs-”)
cl: 命令行 warning D9025 :正在重写“/EHc”(用“/EHc-”)
[60/250] Building CXX object src\lib\execution\CMakeFiles\ink_execution.dir\engine\execution_interpreter.cpp.obj
cl: 命令行 warning D9025 :正在重写“/EHs”(用“/EHs-”)
cl: 命令行 warning D9025 :正在重写“/EHc”(用“/EHc-”)
[61/250] Building CXX object src\lib\execution\CMakeFiles\ink_execution.dir\engine\execution_machine_dispatch.cpp.obj
cl: 命令行 warning D9025 :正在重写“/EHs”(用“/EHs-”)
cl: 命令行 warning D9025 :正在重写“/EHc”(用“/EHc-”)
[62/250] Building CXX object src\lib\execution\CMakeFiles\ink_execution.dir\ffi\ffi_type.cpp.obj
cl: 命令行 warning D9025 :正在重写“/EHs”(用“/EHs-”)
cl: 命令行 warning D9025 :正在重写“/EHc”(用“/EHc-”)
[63/250] Building CXX object src\lib\execution\CMakeFiles\ink_execution.dir\ffi\native_symbol.cpp.obj
cl: 命令行 warning D9025 :正在重写“/EHs”(用“/EHs-”)
cl: 命令行 warning D9025 :正在重写“/EHc”(用“/EHc-”)
[64/250] Building CXX object src\lib\execution\CMakeFiles\ink_execution.dir\ffi\native_symbol_cache.cpp.obj
cl: 命令行 warning D9025 :正在重写“/EHs”(用“/EHs-”)
cl: 命令行 warning D9025 :正在重写“/EHc”(用“/EHc-”)
[65/250] Building CXX object src\lib\execution\CMakeFiles\ink_execution.dir\engine\instruction\make_function_value.cpp.obj
cl: 命令行 warning D9025 :正在重写“/EHs”(用“/EHs-”)
cl: 命令行 warning D9025 :正在重写“/EHc”(用“/EHc-”)
[66/250] Building CXX object src\lib\execution\CMakeFiles\ink_execution.dir\engine\execution_memory.cpp.obj
cl: 命令行 warning D9025 :正在重写“/EHs”(用“/EHs-”)
cl: 命令行 warning D9025 :正在重写“/EHc”(用“/EHc-”)
[67/250] Building CXX object src\lib\execution\CMakeFiles\ink_execution.dir\ffi\runtime_ffi_argument.cpp.obj
cl: 命令行 warning D9025 :正在重写“/EHs”(用“/EHs-”)
cl: 命令行 warning D9025 :正在重写“/EHc”(用“/EHc-”)
[68/250] Building CXX object src\lib\execution\CMakeFiles\ink_execution.dir\ffi\external_function.cpp.obj
cl: 命令行 warning D9025 :正在重写“/EHs”(用“/EHs-”)
cl: 命令行 warning D9025 :正在重写“/EHc”(用“/EHc-”)
[69/250] Building CXX object src\lib\execution\CMakeFiles\ink_execution.dir\ffi\ffi_argument.cpp.obj
cl: 命令行 warning D9025 :正在重写“/EHs”(用“/EHs-”)
cl: 命令行 warning D9025 :正在重写“/EHc”(用“/EHc-”)
[70/250] Building CXX object src\lib\execution\CMakeFiles\ink_execution.dir\ffi\runtime_ffi_type.cpp.obj
cl: 命令行 warning D9025 :正在重写“/EHs”(用“/EHs-”)
cl: 命令行 warning D9025 :正在重写“/EHc”(用“/EHc-”)
[71/250] Building CXX object src\lib\execution\CMakeFiles\ink_execution.dir\ffi\ffi_call.cpp.obj
cl: 命令行 warning D9025 :正在重写“/EHs”(用“/EHs-”)
cl: 命令行 warning D9025 :正在重写“/EHc”(用“/EHc-”)
[72/250] Building CXX object src\lib\execution\CMakeFiles\ink_execution.dir\memory\execution_memory_manager.cpp.obj
cl: 命令行 warning D9025 :正在重写“/EHs”(用“/EHs-”)
cl: 命令行 warning D9025 :正在重写“/EHc”(用“/EHc-”)
[73/250] Building CXX object src\lib\execution\CMakeFiles\ink_execution.dir\memory\execution_pointer.cpp.obj
cl: 命令行 warning D9025 :正在重写“/EHs”(用“/EHs-”)
cl: 命令行 warning D9025 :正在重写“/EHc”(用“/EHc-”)
[74/250] Building CXX object src\lib\execution\CMakeFiles\ink_execution.dir\ffi\runtime_ffi_call.cpp.obj
cl: 命令行 warning D9025 :正在重写“/EHs”(用“/EHs-”)
cl: 命令行 warning D9025 :正在重写“/EHc”(用“/EHc-”)
D:\github\ink\src\lib\execution\ffi\runtime_ffi_call.cpp(158): warning C4457: “Storage”的声明隐藏了函数参数
D:\github\ink\src\lib\execution\ffi\runtime_ffi_call.cpp(128): note: 参见“Storage”的声明
[75/250] Building CXX object src\lib\execution\CMakeFiles\ink_execution.dir\runtime\runtime_type.cpp.obj
cl: 命令行 warning D9025 :正在重写“/EHs”(用“/EHs-”)
cl: 命令行 warning D9025 :正在重写“/EHc”(用“/EHc-”)
[76/250] Building CXX object src\lib\execution\CMakeFiles\ink_execution.dir\memory\execution_storage.cpp.obj
cl: 命令行 warning D9025 :正在重写“/EHs”(用“/EHs-”)
cl: 命令行 warning D9025 :正在重写“/EHc”(用“/EHc-”)
[77/250] Building CXX object src\lib\execution\CMakeFiles\ink_execution.dir\support\execution_diagnostic.cpp.obj
cl: 命令行 warning D9025 :正在重写“/EHs”(用“/EHs-”)
cl: 命令行 warning D9025 :正在重写“/EHc”(用“/EHc-”)
[78/250] Building CXX object src\lib\execution\CMakeFiles\ink_execution.dir\runtime\runtime_value.cpp.obj
cl: 命令行 warning D9025 :正在重写“/EHs”(用“/EHs-”)
cl: 命令行 warning D9025 :正在重写“/EHc”(用“/EHc-”)
[79/250] Building CXX object src\lib\execution\CMakeFiles\ink_execution.dir\memory\execution_heap.cpp.obj
cl: 命令行 warning D9025 :正在重写“/EHs”(用“/EHs-”)
cl: 命令行 warning D9025 :正在重写“/EHc”(用“/EHc-”)
[80/250] Building CXX object src\lib\execution\CMakeFiles\ink_execution.dir\value\execution_bool_value.cpp.obj
cl: 命令行 warning D9025 :正在重写“/EHs”(用“/EHs-”)
cl: 命令行 warning D9025 :正在重写“/EHc”(用“/EHc-”)
[81/250] Building CXX object src\lib\execution\CMakeFiles\ink_execution.dir\support\execution_instruction_result.cpp.obj
cl: 命令行 warning D9025 :正在重写“/EHs”(用“/EHs-”)
cl: 命令行 warning D9025 :正在重写“/EHc”(用“/EHc-”)
[82/250] Building CXX object src\lib\execution\CMakeFiles\ink_execution.dir\value\execution_float_value.cpp.obj
cl: 命令行 warning D9025 :正在重写“/EHs”(用“/EHs-”)
cl: 命令行 warning D9025 :正在重写“/EHc”(用“/EHc-”)
[83/250] Building CXX object src\lib\execution\CMakeFiles\ink_execution.dir\value\execution_function_value.cpp.obj
cl: 命令行 warning D9025 :正在重写“/EHs”(用“/EHs-”)
cl: 命令行 warning D9025 :正在重写“/EHc”(用“/EHc-”)
[84/250] Building CXX object src\lib\execution\CMakeFiles\ink_execution.dir\value\execution_integer.cpp.obj
cl: 命令行 warning D9025 :正在重写“/EHs”(用“/EHs-”)
cl: 命令行 warning D9025 :正在重写“/EHc”(用“/EHc-”)
[85/250] Building CXX object src\lib\execution\CMakeFiles\ink_execution.dir\value\execution_integer_value.cpp.obj
cl: 命令行 warning D9025 :正在重写“/EHs”(用“/EHs-”)
cl: 命令行 warning D9025 :正在重写“/EHc”(用“/EHc-”)
[86/250] Building CXX object src\lib\execution\CMakeFiles\ink_execution.dir\value\execution_pointer_value.cpp.obj
cl: 命令行 warning D9025 :正在重写“/EHs”(用“/EHs-”)
cl: 命令行 warning D9025 :正在重写“/EHc”(用“/EHc-”)
[87/250] Building CXX object src\lib\execution\CMakeFiles\ink_execution.dir\value\execution_void_value.cpp.obj
cl: 命令行 warning D9025 :正在重写“/EHs”(用“/EHs-”)
cl: 命令行 warning D9025 :正在重写“/EHc”(用“/EHc-”)
[88/250] Building CXX object src\lib\execution\CMakeFiles\ink_execution.dir\value\execution_string_value.cpp.obj
cl: 命令行 warning D9025 :正在重写“/EHs”(用“/EHs-”)
cl: 命令行 warning D9025 :正在重写“/EHc”(用“/EHc-”)
[89/250] Building CXX object src\lib\execution\CMakeFiles\ink_execution.dir\value\execution_value.cpp.obj
cl: 命令行 warning D9025 :正在重写“/EHs”(用“/EHs-”)
cl: 命令行 warning D9025 :正在重写“/EHc”(用“/EHc-”)
[90/250] Linking CXX static library src\lib\execution\ink_execution.lib
[91/250] Building CXX object src\lib\cli\CMakeFiles\ink_cli.dir\application.cpp.obj
cl: 命令行 warning D9025 :正在重写“/EHs”(用“/EHs-”)
cl: 命令行 warning D9025 :正在重写“/EHc”(用“/EHc-”)
[92/250] Building CXX object src\lib\cli\CMakeFiles\ink_cli.dir\io.cpp.obj
cl: 命令行 warning D9025 :正在重写“/EHs”(用“/EHs-”)
cl: 命令行 warning D9025 :正在重写“/EHc”(用“/EHc-”)
[93/250] Building CXX object src\lib\semantic\CMakeFiles\ink_semantic.dir\analyzer\analyzer_evaluation.cpp.obj
cl: 命令行 warning D9025 :正在重写“/EHs”(用“/EHs-”)
cl: 命令行 warning D9025 :正在重写“/EHc”(用“/EHc-”)
[94/250] Building CXX object src\lib\semantic\CMakeFiles\ink_semantic.dir\analyzer\analyzer.cpp.obj
cl: 命令行 warning D9025 :正在重写“/EHs”(用“/EHs-”)
cl: 命令行 warning D9025 :正在重写“/EHc”(用“/EHc-”)
[95/250] Building CXX object src\lib\semantic\CMakeFiles\ink_semantic.dir\analyzer\analyzer_module_functions.cpp.obj
cl: 命令行 warning D9025 :正在重写“/EHs”(用“/EHs-”)
cl: 命令行 warning D9025 :正在重写“/EHc”(用“/EHc-”)
[96/250] Building CXX object src\lib\semantic\CMakeFiles\ink_semantic.dir\analyzer\analyzer_modules.cpp.obj
cl: 命令行 warning D9025 :正在重写“/EHs”(用“/EHs-”)
cl: 命令行 warning D9025 :正在重写“/EHc”(用“/EHc-”)
[97/250] Building CXX object src\lib\semantic\CMakeFiles\ink_semantic.dir\analyzer\decl\analyzer_class.cpp.obj
cl: 命令行 warning D9025 :正在重写“/EHs”(用“/EHs-”)
cl: 命令行 warning D9025 :正在重写“/EHc”(用“/EHc-”)
[98/250] Building CXX object src\lib\semantic\CMakeFiles\ink_semantic.dir\analyzer\decl\analyzer_decl.cpp.obj
cl: 命令行 warning D9025 :正在重写“/EHs”(用“/EHs-”)
cl: 命令行 warning D9025 :正在重写“/EHc”(用“/EHc-”)
[99/250] Building CXX object src\lib\semantic\CMakeFiles\ink_semantic.dir\analyzer\decl\analyzer_enum.cpp.obj
cl: 命令行 warning D9025 :正在重写“/EHs”(用“/EHs-”)
cl: 命令行 warning D9025 :正在重写“/EHc”(用“/EHc-”)
[100/250] Building CXX object src\lib\semantic\CMakeFiles\ink_semantic.dir\analyzer\decl\analyzer_function.cpp.obj
cl: 命令行 warning D9025 :正在重写“/EHs”(用“/EHs-”)
cl: 命令行 warning D9025 :正在重写“/EHc”(用“/EHc-”)
[101/250] Building CXX object src\lib\semantic\CMakeFiles\ink_semantic.dir\analyzer\decl\analyzer_interface.cpp.obj
cl: 命令行 warning D9025 :正在重写“/EHs”(用“/EHs-”)
cl: 命令行 warning D9025 :正在重写“/EHc”(用“/EHc-”)
[102/250] Building CXX object src\lib\semantic\CMakeFiles\ink_semantic.dir\analyzer\decl\analyzer_variable.cpp.obj
cl: 命令行 warning D9025 :正在重写“/EHs”(用“/EHs-”)
cl: 命令行 warning D9025 :正在重写“/EHc”(用“/EHc-”)
[103/250] Building CXX object src\lib\semantic\CMakeFiles\ink_semantic.dir\analyzer\expr\analyzer_array.cpp.obj
cl: 命令行 warning D9025 :正在重写“/EHs”(用“/EHs-”)
cl: 命令行 warning D9025 :正在重写“/EHc”(用“/EHc-”)
[104/250] Building CXX object src\lib\semantic\CMakeFiles\ink_semantic.dir\analyzer\expr\analyzer_binary.cpp.obj
cl: 命令行 warning D9025 :正在重写“/EHs”(用“/EHs-”)
cl: 命令行 warning D9025 :正在重写“/EHc”(用“/EHc-”)
[105/250] Building CXX object src\lib\semantic\CMakeFiles\ink_semantic.dir\analyzer\expr\analyzer_call.cpp.obj
cl: 命令行 warning D9025 :正在重写“/EHs”(用“/EHs-”)
cl: 命令行 warning D9025 :正在重写“/EHc”(用“/EHc-”)
[106/250] Building CXX object src\lib\semantic\CMakeFiles\ink_semantic.dir\analyzer\expr\analyzer_expr.cpp.obj
cl: 命令行 warning D9025 :正在重写“/EHs”(用“/EHs-”)
cl: 命令行 warning D9025 :正在重写“/EHc”(用“/EHc-”)
[107/250] Building CXX object src\lib\semantic\CMakeFiles\ink_semantic.dir\analyzer\expr\analyzer_conversion.cpp.obj
cl: 命令行 warning D9025 :正在重写“/EHs”(用“/EHs-”)
cl: 命令行 warning D9025 :正在重写“/EHc”(用“/EHc-”)
[108/250] Building CXX object src\lib\semantic\CMakeFiles\ink_semantic.dir\analyzer\expr\analyzer_literal.cpp.obj
cl: 命令行 warning D9025 :正在重写“/EHs”(用“/EHs-”)
cl: 命令行 warning D9025 :正在重写“/EHc”(用“/EHc-”)
[109/250] Building CXX object src\lib\semantic\CMakeFiles\ink_semantic.dir\analyzer\expr\analyzer_member.cpp.obj
cl: 命令行 warning D9025 :正在重写“/EHs”(用“/EHs-”)
cl: 命令行 warning D9025 :正在重写“/EHc”(用“/EHc-”)
[110/250] Building CXX object src\lib\semantic\CMakeFiles\ink_semantic.dir\analyzer\expr\analyzer_name.cpp.obj
cl: 命令行 warning D9025 :正在重写“/EHs”(用“/EHs-”)
cl: 命令行 warning D9025 :正在重写“/EHc”(用“/EHc-”)
[111/250] Building CXX object src\lib\semantic\CMakeFiles\ink_semantic.dir\analyzer\expr\analyzer_paren.cpp.obj
cl: 命令行 warning D9025 :正在重写“/EHs”(用“/EHs-”)
cl: 命令行 warning D9025 :正在重写“/EHc”(用“/EHc-”)
[112/250] Building CXX object src\lib\semantic\CMakeFiles\ink_semantic.dir\analyzer\expr\analyzer_unary.cpp.obj
cl: 命令行 warning D9025 :正在重写“/EHs”(用“/EHs-”)
cl: 命令行 warning D9025 :正在重写“/EHc”(用“/EHc-”)
[113/250] Building CXX object src\lib\semantic\CMakeFiles\ink_semantic.dir\analyzer\expr\analyzer_update.cpp.obj
cl: 命令行 warning D9025 :正在重写“/EHs”(用“/EHs-”)
cl: 命令行 warning D9025 :正在重写“/EHc”(用“/EHc-”)
[114/250] Building CXX object src\lib\semantic\CMakeFiles\ink_semantic.dir\analyzer\stmt\analyzer_array_assignment.cpp.obj
cl: 命令行 warning D9025 :正在重写“/EHs”(用“/EHs-”)
cl: 命令行 warning D9025 :正在重写“/EHc”(用“/EHc-”)
[115/250] Building CXX object src\lib\semantic\CMakeFiles\ink_semantic.dir\analyzer\stmt\analyzer_assignment.cpp.obj
cl: 命令行 warning D9025 :正在重写“/EHs”(用“/EHs-”)
cl: 命令行 warning D9025 :正在重写“/EHc”(用“/EHc-”)
[116/250] Building CXX object src\lib\semantic\CMakeFiles\ink_semantic.dir\analyzer\stmt\analyzer_break.cpp.obj
cl: 命令行 warning D9025 :正在重写“/EHs”(用“/EHs-”)
cl: 命令行 warning D9025 :正在重写“/EHc”(用“/EHc-”)
[117/250] Building CXX object src\lib\semantic\CMakeFiles\ink_semantic.dir\analyzer\stmt\analyzer_classic_for.cpp.obj
cl: 命令行 warning D9025 :正在重写“/EHs”(用“/EHs-”)
cl: 命令行 warning D9025 :正在重写“/EHc”(用“/EHc-”)
[118/250] Building CXX object src\lib\semantic\CMakeFiles\ink_semantic.dir\analyzer\stmt\analyzer_continue.cpp.obj
cl: 命令行 warning D9025 :正在重写“/EHs”(用“/EHs-”)
cl: 命令行 warning D9025 :正在重写“/EHc”(用“/EHc-”)
[119/250] Building CXX object src\lib\semantic\CMakeFiles\ink_semantic.dir\analyzer\stmt\analyzer_defer.cpp.obj
cl: 命令行 warning D9025 :正在重写“/EHs”(用“/EHs-”)
cl: 命令行 warning D9025 :正在重写“/EHc”(用“/EHc-”)
[120/250] Building CXX object src\lib\semantic\CMakeFiles\ink_semantic.dir\analyzer\stmt\analyzer_for_in.cpp.obj
cl: 命令行 warning D9025 :正在重写“/EHs”(用“/EHs-”)
cl: 命令行 warning D9025 :正在重写“/EHc”(用“/EHc-”)
[121/250] Building CXX object src\lib\semantic\CMakeFiles\ink_semantic.dir\analyzer\stmt\analyzer_if.cpp.obj
cl: 命令行 warning D9025 :正在重写“/EHs”(用“/EHs-”)
cl: 命令行 warning D9025 :正在重写“/EHc”(用“/EHc-”)
[122/250] Building CXX object src\lib\semantic\CMakeFiles\ink_semantic.dir\analyzer\stmt\analyzer_return.cpp.obj
cl: 命令行 warning D9025 :正在重写“/EHs”(用“/EHs-”)
cl: 命令行 warning D9025 :正在重写“/EHc”(用“/EHc-”)
[123/250] Building CXX object src\lib\semantic\CMakeFiles\ink_semantic.dir\analyzer\stmt\analyzer_import.cpp.obj
cl: 命令行 warning D9025 :正在重写“/EHs”(用“/EHs-”)
cl: 命令行 warning D9025 :正在重写“/EHc”(用“/EHc-”)
[124/250] Building CXX object src\lib\semantic\CMakeFiles\ink_semantic.dir\analyzer\stmt\analyzer_stmt.cpp.obj
cl: 命令行 warning D9025 :正在重写“/EHs”(用“/EHs-”)
cl: 命令行 warning D9025 :正在重写“/EHc”(用“/EHc-”)
[125/250] Building CXX object src\lib\semantic\CMakeFiles\ink_semantic.dir\module_import.cpp.obj
cl: 命令行 warning D9025 :正在重写“/EHs”(用“/EHs-”)
cl: 命令行 warning D9025 :正在重写“/EHc”(用“/EHc-”)
[126/250] Building CXX object src\lib\semantic\CMakeFiles\ink_semantic.dir\analyzer\stmt\analyzer_switch.cpp.obj
cl: 命令行 warning D9025 :正在重写“/EHs”(用“/EHs-”)
cl: 命令行 warning D9025 :正在重写“/EHc”(用“/EHc-”)
[127/250] Building CXX object src\lib\semantic\CMakeFiles\ink_semantic.dir\analyzer\stmt\analyzer_yield.cpp.obj
cl: 命令行 warning D9025 :正在重写“/EHs”(用“/EHs-”)
cl: 命令行 warning D9025 :正在重写“/EHc”(用“/EHc-”)
[128/250] Building CXX object src\lib\semantic\CMakeFiles\ink_semantic.dir\analyzer\stmt\analyzer_while.cpp.obj
cl: 命令行 warning D9025 :正在重写“/EHs”(用“/EHs-”)
cl: 命令行 warning D9025 :正在重写“/EHc”(用“/EHc-”)
[129/250] Linking CXX static library src\lib\cli\ink_cli.lib
[130/250] Building CXX object src\lib\semantic\CMakeFiles\ink_semantic.dir\analyzer\type\analyzer_type.cpp.obj
cl: 命令行 warning D9025 :正在重写“/EHs”(用“/EHs-”)
cl: 命令行 warning D9025 :正在重写“/EHc”(用“/EHc-”)
[131/250] Building CXX object src\lib\semantic\CMakeFiles\ink_semantic.dir\name_resolve\name_resolver.cpp.obj
cl: 命令行 warning D9025 :正在重写“/EHs”(用“/EHs-”)
cl: 命令行 warning D9025 :正在重写“/EHc”(用“/EHc-”)
[132/250] Building CXX object src\lib\semantic\CMakeFiles\ink_semantic.dir\name_resolve\scope_store.cpp.obj
cl: 命令行 warning D9025 :正在重写“/EHs”(用“/EHs-”)
cl: 命令行 warning D9025 :正在重写“/EHc”(用“/EHc-”)
[133/250] Building CXX object src\tools\tokenizer\CMakeFiles\ink_tokenize.dir\main.cpp.obj
cl: 命令行 warning D9025 :正在重写“/EHs”(用“/EHs-”)
cl: 命令行 warning D9025 :正在重写“/EHc”(用“/EHc-”)
[134/250] Linking CXX static library src\lib\semantic\ink_semantic.lib
[135/250] Building CXX object src\lib\backend\llvm\CMakeFiles\ink_aot_runtime.dir\runtime.cpp.obj
cl: 命令行 warning D9025 :正在重写“/EHs”(用“/EHs-”)
cl: 命令行 warning D9025 :正在重写“/EHc”(用“/EHc-”)
[136/250] Linking CXX static library src\lib\backend\llvm\ink_aot_runtime.lib
[137/250] Linking CXX executable src\tools\tokenizer\ink-tokenize.exe
[138/250] Building CXX object src\lib\backend\llvm\CMakeFiles\ink_backend_llvm.dir\lowering_context.cpp.obj
cl: 命令行 warning D9025 :正在重写“/EHs”(用“/EHs-”)
cl: 命令行 warning D9025 :正在重写“/EHc”(用“/EHc-”)
[139/250] Building CXX object src\tools\parser\CMakeFiles\ink_parse.dir\main.cpp.obj
cl: 命令行 warning D9025 :正在重写“/EHs”(用“/EHs-”)
cl: 命令行 warning D9025 :正在重写“/EHc”(用“/EHc-”)
[140/250] Building CXX object src\testcase\CMakeFiles\ink_tokenizer_test_objects.dir\tokenizer\encoding_comments_test.cpp.obj
cl: 命令行 warning D9025 :正在重写“/EHs”(用“/EHs-”)
cl: 命令行 warning D9025 :正在重写“/EHc”(用“/EHc-”)
[141/250] Building CXX object src\testcase\CMakeFiles\ink_tokenizer_test_objects.dir\tokenizer\escapes_test.cpp.obj
cl: 命令行 warning D9025 :正在重写“/EHs”(用“/EHs-”)
cl: 命令行 warning D9025 :正在重写“/EHc”(用“/EHc-”)
[142/250] Building CXX object src\lib\backend\llvm\CMakeFiles\ink_backend_llvm.dir\type_lowering.cpp.obj
cl: 命令行 warning D9025 :正在重写“/EHs”(用“/EHs-”)
cl: 命令行 warning D9025 :正在重写“/EHc”(用“/EHc-”)
D:\github\ink\src\third_party\llvm\llvm\include\llvm\ADT\bit.h(262) : warning C4702: 无法访问的代码
D:\github\ink\src\third_party\llvm\llvm\include\llvm\ADT\bit.h(263) : warning C4702: 无法访问的代码
D:\github\ink\src\third_party\llvm\llvm\include\llvm\ADT\bit.h(264) : warning C4702: 无法访问的代码
D:\github\ink\src\third_party\llvm\llvm\include\llvm\ADT\bit.h(266) : warning C4702: 无法访问的代码
D:\github\ink\src\third_party\llvm\llvm\include\llvm\ADT\bit.h(268) : warning C4702: 无法访问的代码
D:\github\ink\src\third_party\llvm\llvm\include\llvm\ADT\bit.h(270) : warning C4702: 无法访问的代码
[143/250] Building CXX object src\lib\backend\llvm\CMakeFiles\ink_backend_llvm.dir\function_lowering.cpp.obj
cl: 命令行 warning D9025 :正在重写“/EHs”(用“/EHs-”)
cl: 命令行 warning D9025 :正在重写“/EHc”(用“/EHc-”)
D:\github\ink\src\third_party\llvm\llvm\include\llvm\ADT\bit.h(262) : warning C4702: 无法访问的代码
D:\github\ink\src\third_party\llvm\llvm\include\llvm\ADT\bit.h(263) : warning C4702: 无法访问的代码
D:\github\ink\src\third_party\llvm\llvm\include\llvm\ADT\bit.h(264) : warning C4702: 无法访问的代码
D:\github\ink\src\third_party\llvm\llvm\include\llvm\ADT\bit.h(266) : warning C4702: 无法访问的代码
D:\github\ink\src\third_party\llvm\llvm\include\llvm\ADT\bit.h(268) : warning C4702: 无法访问的代码
D:\github\ink\src\third_party\llvm\llvm\include\llvm\ADT\bit.h(270) : warning C4702: 无法访问的代码
D:\github\ink\src\third_party\llvm\llvm\include\llvm\Support\MathExtras.h(193) : warning C4702: 无法访问的代码
[144/250] Building CXX object src\testcase\CMakeFiles\ink_tokenizer_test_objects.dir\tokenizer\identifiers_symbols_test.cpp.obj
cl: 命令行 warning D9025 :正在重写“/EHs”(用“/EHs-”)
cl: 命令行 warning D9025 :正在重写“/EHc”(用“/EHc-”)
[145/250] Linking CXX executable src\tools\parser\ink-parse.exe
[146/250] Building CXX object src\testcase\CMakeFiles\ink_tokenizer_test_objects.dir\tokenizer\literals_test.cpp.obj
cl: 命令行 warning D9025 :正在重写“/EHs”(用“/EHs-”)
cl: 命令行 warning D9025 :正在重写“/EHc”(用“/EHc-”)
[147/250] Building CXX object src\testcase\CMakeFiles\ink_tokenizer_test_objects.dir\tokenizer\numbers_test.cpp.obj
cl: 命令行 warning D9025 :正在重写“/EHs”(用“/EHs-”)
cl: 命令行 warning D9025 :正在重写“/EHc”(用“/EHc-”)
[148/250] Building CXX object src\testcase\CMakeFiles\ink_tokenizer_test_objects.dir\tokenizer\source_location_test.cpp.obj
cl: 命令行 warning D9025 :正在重写“/EHs”(用“/EHs-”)
cl: 命令行 warning D9025 :正在重写“/EHc”(用“/EHc-”)
[149/250] Building CXX object src\testcase\CMakeFiles\ink_ir_test_objects.dir\ir\array_instruction_test.cpp.obj
cl: 命令行 warning D9025 :正在重写“/EHs”(用“/EHs-”)
cl: 命令行 warning D9025 :正在重写“/EHc”(用“/EHc-”)
[150/250] Building CXX object src\testcase\CMakeFiles\ink_ir_test_objects.dir\ir\arithmetic_return_test.cpp.obj
cl: 命令行 warning D9025 :正在重写“/EHs”(用“/EHs-”)
cl: 命令行 warning D9025 :正在重写“/EHc”(用“/EHc-”)
[151/250] Building CXX object src\testcase\CMakeFiles\ink_ir_test_objects.dir\ir\array_serialization_test.cpp.obj
cl: 命令行 warning D9025 :正在重写“/EHs”(用“/EHs-”)
cl: 命令行 warning D9025 :正在重写“/EHc”(用“/EHc-”)
[152/250] Building CXX object src\testcase\CMakeFiles\ink_ir_test_objects.dir\ir\basic_block_test.cpp.obj
cl: 命令行 warning D9025 :正在重写“/EHs”(用“/EHs-”)
cl: 命令行 warning D9025 :正在重写“/EHc”(用“/EHc-”)
[153/250] Building CXX object src\testcase\CMakeFiles\ink_ir_test_objects.dir\ir\branch_instruction_test.cpp.obj
cl: 命令行 warning D9025 :正在重写“/EHs”(用“/EHs-”)
cl: 命令行 warning D9025 :正在重写“/EHc”(用“/EHc-”)
[154/250] Building CXX object src\testcase\CMakeFiles\ink_ir_test_objects.dir\ir\branch_serialization_test.cpp.obj
cl: 命令行 warning D9025 :正在重写“/EHs”(用“/EHs-”)
cl: 命令行 warning D9025 :正在重写“/EHc”(用“/EHc-”)
[155/250] Building CXX object src\testcase\CMakeFiles\ink_ir_test_objects.dir\ir\c_string_instruction_test.cpp.obj
cl: 命令行 warning D9025 :正在重写“/EHs”(用“/EHs-”)
cl: 命令行 warning D9025 :正在重写“/EHc”(用“/EHc-”)
[156/250] Building CXX object src\lib\backend\llvm\CMakeFiles\ink_backend_llvm.dir\llvm_backend.cpp.obj
cl: 命令行 warning D9025 :正在重写“/EHs”(用“/EHs-”)
cl: 命令行 warning D9025 :正在重写“/EHc”(用“/EHc-”)
D:\github\ink\src\lib\backend\llvm\llvm_backend.cpp(136): warning C4996: 'llvm::TargetRegistry::lookupTarget': Use overload accepting Triple instead
[157/250] Linking CXX static library src\lib\backend\llvm\ink_backend_llvm.lib
[158/250] Building CXX object src\testcase\CMakeFiles\ink_ir_test_objects.dir\ir\call_instruction_test.cpp.obj
cl: 命令行 warning D9025 :正在重写“/EHs”(用“/EHs-”)
cl: 命令行 warning D9025 :正在重写“/EHc”(用“/EHc-”)
[159/250] Building CXX object src\testcase\CMakeFiles\ink_ir_test_objects.dir\ir\class_test.cpp.obj
cl: 命令行 warning D9025 :正在重写“/EHs”(用“/EHs-”)
cl: 命令行 warning D9025 :正在重写“/EHc”(用“/EHc-”)
[160/250] Building CXX object src\testcase\CMakeFiles\ink_ir_test_objects.dir\ir\config_limits_test.cpp.obj
cl: 命令行 warning D9025 :正在重写“/EHs”(用“/EHs-”)
cl: 命令行 warning D9025 :正在重写“/EHc”(用“/EHc-”)
[161/250] Building CXX object src\testcase\CMakeFiles\ink_ir_test_objects.dir\ir\constant_pool_test.cpp.obj
cl: 命令行 warning D9025 :正在重写“/EHs”(用“/EHs-”)
cl: 命令行 warning D9025 :正在重写“/EHc”(用“/EHc-”)
[162/250] Building CXX object src\testcase\CMakeFiles\ink_ir_test_objects.dir\ir\context_revision_test.cpp.obj
cl: 命令行 warning D9025 :正在重写“/EHs”(用“/EHs-”)
cl: 命令行 warning D9025 :正在重写“/EHc”(用“/EHc-”)
[163/250] Building CXX object src\testcase\CMakeFiles\ink_ir_test_objects.dir\ir\context_test.cpp.obj
cl: 命令行 warning D9025 :正在重写“/EHs”(用“/EHs-”)
cl: 命令行 warning D9025 :正在重写“/EHc”(用“/EHc-”)
[164/250] Building CXX object src\testcase\CMakeFiles\ink_ir_test_objects.dir\ir\float_constant_test.cpp.obj
cl: 命令行 warning D9025 :正在重写“/EHs”(用“/EHs-”)
cl: 命令行 warning D9025 :正在重写“/EHc”(用“/EHc-”)
[165/250] Building CXX object src\testcase\CMakeFiles\ink_ir_test_objects.dir\ir\function_parameter_test.cpp.obj
cl: 命令行 warning D9025 :正在重写“/EHs”(用“/EHs-”)
cl: 命令行 warning D9025 :正在重写“/EHc”(用“/EHc-”)
[166/250] Building CXX object src\testcase\CMakeFiles\ink_ir_test_objects.dir\ir\function_decl_test.cpp.obj
cl: 命令行 warning D9025 :正在重写“/EHs”(用“/EHs-”)
cl: 命令行 warning D9025 :正在重写“/EHc”(用“/EHc-”)
[167/250] Building CXX object src\testcase\CMakeFiles\ink_ir_test_objects.dir\ir\function_type_test.cpp.obj
cl: 命令行 warning D9025 :正在重写“/EHs”(用“/EHs-”)
cl: 命令行 warning D9025 :正在重写“/EHc”(用“/EHc-”)
[168/250] Building CXX object src\testcase\CMakeFiles\ink_ir_test_objects.dir\ir\function_test.cpp.obj
cl: 命令行 warning D9025 :正在重写“/EHs”(用“/EHs-”)
cl: 命令行 warning D9025 :正在重写“/EHc”(用“/EHc-”)
[169/250] Building CXX object src\testcase\CMakeFiles\ink_ir_test_objects.dir\ir\ir_builder_factory_test.cpp.obj
cl: 命令行 warning D9025 :正在重写“/EHs”(用“/EHs-”)
cl: 命令行 warning D9025 :正在重写“/EHc”(用“/EHc-”)
[170/250] Building CXX object src\testcase\CMakeFiles\ink_ir_test_objects.dir\ir\ir_builder_test.cpp.obj
cl: 命令行 warning D9025 :正在重写“/EHs”(用“/EHs-”)
cl: 命令行 warning D9025 :正在重写“/EHc”(用“/EHc-”)
[171/250] Building CXX object src\testcase\CMakeFiles\ink_ir_test_objects.dir\ir\logical_instruction_test.cpp.obj
cl: 命令行 warning D9025 :正在重写“/EHs”(用“/EHs-”)
cl: 命令行 warning D9025 :正在重写“/EHc”(用“/EHc-”)
[172/250] Building CXX object src\testcase\CMakeFiles\ink_ir_test_objects.dir\ir\name_pool_test.cpp.obj
cl: 命令行 warning D9025 :正在重写“/EHs”(用“/EHs-”)
cl: 命令行 warning D9025 :正在重写“/EHc”(用“/EHc-”)
[173/250] Building CXX object src\testcase\CMakeFiles\ink_ir_test_objects.dir\ir\logical_serialization_test.cpp.obj
cl: 命令行 warning D9025 :正在重写“/EHs”(用“/EHs-”)
cl: 命令行 warning D9025 :正在重写“/EHc”(用“/EHc-”)
[174/250] Building CXX object src\testcase\CMakeFiles\ink_ir_test_objects.dir\ir\memory_instruction_test.cpp.obj
cl: 命令行 warning D9025 :正在重写“/EHs”(用“/EHs-”)
cl: 命令行 warning D9025 :正在重写“/EHc”(用“/EHc-”)
[175/250] Building CXX object src\testcase\CMakeFiles\ink_ir_test_objects.dir\ir\model_test.cpp.obj
cl: 命令行 warning D9025 :正在重写“/EHs”(用“/EHs-”)
cl: 命令行 warning D9025 :正在重写“/EHc”(用“/EHc-”)
[176/250] Building CXX object src\testcase\CMakeFiles\ink_ir_test_objects.dir\ir\module_test.cpp.obj
cl: 命令行 warning D9025 :正在重写“/EHs”(用“/EHs-”)
cl: 命令行 warning D9025 :正在重写“/EHc”(用“/EHc-”)
[177/250] Building CXX object src\testcase\CMakeFiles\ink_ir_test_objects.dir\ir\ownership_test.cpp.obj
cl: 命令行 warning D9025 :正在重写“/EHs”(用“/EHs-”)
cl: 命令行 warning D9025 :正在重写“/EHc”(用“/EHc-”)
[178/250] Building CXX object src\testcase\CMakeFiles\ink_ir_test_objects.dir\ir\module_serialization_test.cpp.obj
cl: 命令行 warning D9025 :正在重写“/EHs”(用“/EHs-”)
cl: 命令行 warning D9025 :正在重写“/EHc”(用“/EHc-”)
[179/250] Building CXX object src\testcase\CMakeFiles\ink_ir_test_objects.dir\ir\string_constant_test.cpp.obj
cl: 命令行 warning D9025 :正在重写“/EHs”(用“/EHs-”)
cl: 命令行 warning D9025 :正在重写“/EHc”(用“/EHc-”)
[180/250] Building CXX object src\testcase\CMakeFiles\ink_ir_test_objects.dir\ir\type_pool_test.cpp.obj
cl: 命令行 warning D9025 :正在重写“/EHs”(用“/EHs-”)
cl: 命令行 warning D9025 :正在重写“/EHc”(用“/EHc-”)
[181/250] Building CXX object src\testcase\CMakeFiles\ink_ir_test_objects.dir\ir\type_test.cpp.obj
cl: 命令行 warning D9025 :正在重写“/EHs”(用“/EHs-”)
cl: 命令行 warning D9025 :正在重写“/EHc”(用“/EHc-”)
[182/250] Building CXX object src\testcase\CMakeFiles\ink_ir_test_objects.dir\ir\value_test.cpp.obj
cl: 命令行 warning D9025 :正在重写“/EHs”(用“/EHs-”)
cl: 命令行 warning D9025 :正在重写“/EHc”(用“/EHc-”)
[183/250] Linking CXX executable src\tools\inkc\inkc.exe
[184/250] Building CXX object src\testcase\CMakeFiles\ink_tests.dir\core\config_manager_test.cpp.obj
cl: 命令行 warning D9025 :正在重写“/EHs”(用“/EHs-”)
cl: 命令行 warning D9025 :正在重写“/EHc”(用“/EHc-”)
[185/250] Building CXX object src\testcase\CMakeFiles\ink_tests.dir\parser\config_limits_test.cpp.obj
cl: 命令行 warning D9025 :正在重写“/EHs”(用“/EHs-”)
cl: 命令行 warning D9025 :正在重写“/EHc”(用“/EHc-”)
[186/250] Building CXX object src\testcase\CMakeFiles\ink_tests.dir\parser\expressions_test.cpp.obj
cl: 命令行 warning D9025 :正在重写“/EHs”(用“/EHs-”)
cl: 命令行 warning D9025 :正在重写“/EHc”(用“/EHc-”)
[187/250] Building CXX object src\testcase\CMakeFiles\ink_tests.dir\parser\declarations_test.cpp.obj
cl: 命令行 warning D9025 :正在重写“/EHs”(用“/EHs-”)
cl: 命令行 warning D9025 :正在重写“/EHc”(用“/EHc-”)
[188/250] Building CXX object src\testcase\CMakeFiles\ink_tests.dir\parser\grammar_corpus_test.cpp.obj
cl: 命令行 warning D9025 :正在重写“/EHs”(用“/EHs-”)
cl: 命令行 warning D9025 :正在重写“/EHc”(用“/EHc-”)
[189/250] Building CXX object src\testcase\CMakeFiles\ink_tests.dir\parser\ast_contracts_test.cpp.obj
cl: 命令行 warning D9025 :正在重写“/EHs”(用“/EHs-”)
cl: 命令行 warning D9025 :正在重写“/EHc”(用“/EHc-”)
[190/250] Building CXX object src\testcase\CMakeFiles\ink_tests.dir\core\diagnostic_test.cpp.obj
cl: 命令行 warning D9025 :正在重写“/EHs”(用“/EHs-”)
cl: 命令行 warning D9025 :正在重写“/EHc”(用“/EHc-”)
[191/250] Building CXX object src\testcase\CMakeFiles\ink_tests.dir\parser\recovery_contracts_test.cpp.obj
cl: 命令行 warning D9025 :正在重写“/EHs”(用“/EHs-”)
cl: 命令行 warning D9025 :正在重写“/EHc”(用“/EHc-”)
[192/250] Building CXX object src\testcase\CMakeFiles\ink_tests.dir\parser\statements_patterns_test.cpp.obj
cl: 命令行 warning D9025 :正在重写“/EHs”(用“/EHs-”)
cl: 命令行 warning D9025 :正在重写“/EHc”(用“/EHc-”)
[193/250] Building CXX object src\testcase\CMakeFiles\ink_tests.dir\parser\recovery_test.cpp.obj
cl: 命令行 warning D9025 :正在重写“/EHs”(用“/EHs-”)
cl: 命令行 warning D9025 :正在重写“/EHc”(用“/EHc-”)
[194/250] Building CXX object src\testcase\CMakeFiles\ink_tests.dir\parser\visitor_coverage_test.cpp.obj
cl: 命令行 warning D9025 :正在重写“/EHs”(用“/EHs-”)
cl: 命令行 warning D9025 :正在重写“/EHc”(用“/EHc-”)
[195/250] Building CXX object src\testcase\CMakeFiles\ink_tests.dir\parser\unicode_security_test.cpp.obj
cl: 命令行 warning D9025 :正在重写“/EHs”(用“/EHs-”)
cl: 命令行 warning D9025 :正在重写“/EHc”(用“/EHc-”)
[196/250] Building CXX object src\testcase\CMakeFiles\ink_tests.dir\parser\ast_serialization_test.cpp.obj
cl: 命令行 warning D9025 :正在重写“/EHs”(用“/EHs-”)
cl: 命令行 warning D9025 :正在重写“/EHc”(用“/EHc-”)
C:\Program Files\Microsoft Visual Studio\2022\Community\VC\Tools\MSVC\14.44.35207\include\xmemory(1610): warning C4244: “初始化”: 从“const std::_Floating_to_chars_general_precision::_Uint_type”转换到“_Ty”，可能丢失数据
        with
        [
            _Ty=char
        ]
C:\Program Files\Microsoft Visual Studio\2022\Community\VC\Tools\MSVC\14.44.35207\include\xmemory(1610): note: 模板实例化上下文(最早的实例化上下文)为
D:\github\ink\src\testcase\parser\ast_serialization_test.cpp(99): note: 查看对正在编译的函数 模板 实例化“void llvm::BitstreamWriter::EmitRecord<std::vector<size_t,std::allocator<size_t>>>(unsigned int,const Container &,unsigned int)”的引用
        with
        [
            Container=std::vector<size_t,std::allocator<size_t>>
        ]
D:\github\ink\src\third_party\llvm\llvm\include\llvm/Bitstream/BitstreamWriter.h(584): note: 查看对正在编译的函数 模板 实例化“void llvm::BitstreamWriter::EmitRecordWithAbbrevImpl<uint64_t>(unsigned int,llvm::ArrayRef<uint64_t>,llvm::StringRef,std::optional<unsigned int>)”的引用
D:\github\ink\src\third_party\llvm\llvm\include\llvm/Bitstream/BitstreamWriter.h(531): note: 查看对正在编译的函数 模板 实例化“void llvm::BitstreamWriter::emitBlob<uint64_t>(llvm::ArrayRef<uint64_t>,bool)”的引用
D:\github\ink\src\third_party\llvm\llvm\include\llvm/Bitstream/BitstreamWriter.h(557): note: 查看对正在编译的函数 模板 实例化“void llvm::SmallVectorImpl<char>::append<const unsigned __int64*,void>(ItTy,ItTy)”的引用
        with
        [
            ItTy=const unsigned __int64 *
        ]
D:\github\ink\src\third_party\llvm\llvm\include\llvm/ADT/SmallVector.h(690): note: 查看对正在编译的函数 模板 实例化“void llvm::SmallVectorTemplateBase<T,true>::uninitialized_copy<ItTy,char*>(It1,It1,It2)”的引用
        with
        [
            T=char,
            ItTy=const unsigned __int64 *,
            It1=const unsigned __int64 *,
            It2=char *
        ]
D:\github\ink\src\third_party\llvm\llvm\include\llvm/ADT/SmallVector.h(522): note: 查看对正在编译的函数 模板 实例化“_NoThrowFwdIt std::uninitialized_copy<It1,It2>(const _InIt,const _InIt,_NoThrowFwdIt)”的引用
        with
        [
            _NoThrowFwdIt=char *,
            It1=const unsigned __int64 *,
            It2=char *,
            _InIt=const unsigned __int64 *
        ]
C:\Program Files\Microsoft Visual Studio\2022\Community\VC\Tools\MSVC\14.44.35207\include\xmemory(1971): note: 查看对正在编译的函数 模板 实例化“_NoThrowFwdIt std::_Uninitialized_copy_unchecked<_FwdIt,_NoThrowFwdIt>(_InIt,const _InIt,_NoThrowFwdIt)”的引用
        with
        [
            _NoThrowFwdIt=char *,
            _FwdIt=const std::_Floating_to_chars_general_precision::_Uint_type *,
            _InIt=const std::_Floating_to_chars_general_precision::_Uint_type *
        ]
C:\Program Files\Microsoft Visual Studio\2022\Community\VC\Tools\MSVC\14.44.35207\include\xmemory(1958): note: 查看对正在编译的函数 模板 实例化“void std::_Uninitialized_backout<_NoThrowFwdIt>::_Emplace_back_deref<_InIt>(_InIt &)”的引用
        with
        [
            _NoThrowFwdIt=char *,
            _InIt=const std::_Floating_to_chars_general_precision::_Uint_type *
        ]
C:\Program Files\Microsoft Visual Studio\2022\Community\VC\Tools\MSVC\14.44.35207\include\xmemory(1641): note: 查看对正在编译的函数 模板 实例化“void std::_Construct_in_place_by_deref<T,_InIt>(_Ty &,_InIt &) noexcept(<expr>)”的引用
        with
        [
            T=char,
            _InIt=const std::_Floating_to_chars_general_precision::_Uint_type *,
            _Ty=char
        ]
C:\Program Files\Microsoft Visual Studio\2022\Community\VC\Tools\MSVC\14.44.35207\include\xmemory(1611): warning C4244: “初始化”: 从“const std::_Floating_to_chars_general_precision::_Uint_type”转换到“T”，可能丢失数据
        with
        [
            T=char
        ]
C:\Program Files\Microsoft Visual Studio\2022\Community\VC\Tools\MSVC\14.44.35207\include\xmemory(1611): note: 模板实例化上下文(最早的实例化上下文)为
C:\Program Files\Microsoft Visual Studio\2022\Community\VC\Tools\MSVC\14.44.35207\include\xmemory(1958): note: 查看对正在编译的函数 模板 实例化“void std::_Uninitialized_backout<_NoThrowFwdIt>::_Emplace_back_deref<_InIt>(_InIt &)”的引用
        with
        [
            _NoThrowFwdIt=char *,
            _InIt=const std::_Floating_to_chars_general_precision::_Uint_type *
        ]
C:\Program Files\Microsoft Visual Studio\2022\Community\VC\Tools\MSVC\14.44.35207\include\xmemory(1641): note: 查看对正在编译的函数 模板 实例化“void std::_Construct_in_place_by_deref<T,_InIt>(_Ty &,_InIt &) noexcept”的引用
        with
        [
            T=char,
            _InIt=const std::_Floating_to_chars_general_precision::_Uint_type *,
            _Ty=char
        ]
[197/250] Building CXX object src\testcase\CMakeFiles\ink_tests.dir\semantic\address_of_test.cpp.obj
cl: 命令行 warning D9025 :正在重写“/EHs”(用“/EHs-”)
cl: 命令行 warning D9025 :正在重写“/EHc”(用“/EHc-”)
[198/250] Building CXX object src\testcase\CMakeFiles\ink_tests.dir\semantic\analyzer_function_test.cpp.obj
cl: 命令行 warning D9025 :正在重写“/EHs”(用“/EHs-”)
cl: 命令行 warning D9025 :正在重写“/EHc”(用“/EHc-”)
[199/250] Building CXX object src\testcase\CMakeFiles\ink_tests.dir\semantic\analyzer_test.cpp.obj
cl: 命令行 warning D9025 :正在重写“/EHs”(用“/EHs-”)
cl: 命令行 warning D9025 :正在重写“/EHc”(用“/EHc-”)
[200/250] Building CXX object src\testcase\CMakeFiles\ink_tests.dir\semantic\array_test.cpp.obj
cl: 命令行 warning D9025 :正在重写“/EHs”(用“/EHs-”)
cl: 命令行 warning D9025 :正在重写“/EHc”(用“/EHc-”)
[201/250] Building CXX object src\testcase\CMakeFiles\ink_tests.dir\semantic\class_test.cpp.obj
cl: 命令行 warning D9025 :正在重写“/EHs”(用“/EHs-”)
cl: 命令行 warning D9025 :正在重写“/EHc”(用“/EHc-”)
[202/250] Building CXX object src\testcase\CMakeFiles\ink_tests.dir\semantic\comptime_call_test.cpp.obj
cl: 命令行 warning D9025 :正在重写“/EHs”(用“/EHs-”)
cl: 命令行 warning D9025 :正在重写“/EHc”(用“/EHc-”)
[203/250] Building CXX object src\testcase\CMakeFiles\ink_tests.dir\semantic\comptime_test.cpp.obj
cl: 命令行 warning D9025 :正在重写“/EHs”(用“/EHs-”)
cl: 命令行 warning D9025 :正在重写“/EHc”(用“/EHc-”)
[204/250] Building CXX object src\testcase\CMakeFiles\ink_tests.dir\semantic\entry_execution_test.cpp.obj
cl: 命令行 warning D9025 :正在重写“/EHs”(用“/EHs-”)
cl: 命令行 warning D9025 :正在重写“/EHc”(用“/EHc-”)
[205/250] Building CXX object src\testcase\CMakeFiles\ink_tests.dir\semantic\external_call_test.cpp.obj
cl: 命令行 warning D9025 :正在重写“/EHs”(用“/EHs-”)
cl: 命令行 warning D9025 :正在重写“/EHc”(用“/EHc-”)
[206/250] Building CXX object src\testcase\CMakeFiles\ink_tests.dir\semantic\generic_name_resolver_test.cpp.obj
cl: 命令行 warning D9025 :正在重写“/EHs”(用“/EHs-”)
cl: 命令行 warning D9025 :正在重写“/EHc”(用“/EHc-”)
[207/250] Building CXX object src\testcase\CMakeFiles\ink_tests.dir\semantic\if_test.cpp.obj
cl: 命令行 warning D9025 :正在重写“/EHs”(用“/EHs-”)
cl: 命令行 warning D9025 :正在重写“/EHc”(用“/EHc-”)
[208/250] Building CXX object src\testcase\CMakeFiles\ink_tests.dir\semantic\logical_test.cpp.obj
cl: 命令行 warning D9025 :正在重写“/EHs”(用“/EHs-”)
cl: 命令行 warning D9025 :正在重写“/EHc”(用“/EHc-”)
[209/250] Building CXX object src\testcase\CMakeFiles\ink_tests.dir\semantic\module_decl_test.cpp.obj
cl: 命令行 warning D9025 :正在重写“/EHs”(用“/EHs-”)
cl: 命令行 warning D9025 :正在重写“/EHc”(用“/EHc-”)
[210/250] Building CXX object src\testcase\CMakeFiles\ink_tests.dir\semantic\module_import_test.cpp.obj
cl: 命令行 warning D9025 :正在重写“/EHs”(用“/EHs-”)
cl: 命令行 warning D9025 :正在重写“/EHc”(用“/EHc-”)
[211/250] Building CXX object src\testcase\CMakeFiles\ink_tests.dir\semantic\name_resolver_test.cpp.obj
cl: 命令行 warning D9025 :正在重写“/EHs”(用“/EHs-”)
cl: 命令行 warning D9025 :正在重写“/EHc”(用“/EHc-”)
[212/250] Building CXX object src\testcase\CMakeFiles\ink_tests.dir\semantic\scope_store_test.cpp.obj
cl: 命令行 warning D9025 :正在重写“/EHs”(用“/EHs-”)
cl: 命令行 warning D9025 :正在重写“/EHc”(用“/EHc-”)
[213/250] Building CXX object src\testcase\CMakeFiles\ink_tests.dir\execution\artifact\array_artifact_test.cpp.obj
cl: 命令行 warning D9025 :正在重写“/EHs”(用“/EHs-”)
cl: 命令行 warning D9025 :正在重写“/EHc”(用“/EHc-”)
[214/250] Building CXX object src\testcase\CMakeFiles\ink_tests.dir\execution\artifact\bytecode_archive_test.cpp.obj
cl: 命令行 warning D9025 :正在重写“/EHs”(用“/EHs-”)
cl: 命令行 warning D9025 :正在重写“/EHc”(用“/EHc-”)
[215/250] Building CXX object src\testcase\CMakeFiles\ink_tests.dir\execution\artifact\bytecode_builder_test.cpp.obj
cl: 命令行 warning D9025 :正在重写“/EHs”(用“/EHs-”)
cl: 命令行 warning D9025 :正在重写“/EHc”(用“/EHc-”)
[216/250] Building CXX object src\testcase\CMakeFiles\ink_tests.dir\execution\artifact\bytecode_validation_test.cpp.obj
cl: 命令行 warning D9025 :正在重写“/EHs”(用“/EHs-”)
cl: 命令行 warning D9025 :正在重写“/EHc”(用“/EHc-”)
[217/250] Building CXX object src\testcase\CMakeFiles\ink_tests.dir\execution\artifact\bytecode_linker_test.cpp.obj
cl: 命令行 warning D9025 :正在重写“/EHs”(用“/EHs-”)
cl: 命令行 warning D9025 :正在重写“/EHc”(用“/EHc-”)
[218/250] Building CXX object src\testcase\CMakeFiles\ink_tests.dir\execution\bytecode\array_bytecode_test.cpp.obj
cl: 命令行 warning D9025 :正在重写“/EHs”(用“/EHs-”)
cl: 命令行 warning D9025 :正在重写“/EHc”(用“/EHc-”)
[219/250] Building CXX object src\testcase\CMakeFiles\ink_tests.dir\execution\artifact\class_artifact_test.cpp.obj
cl: 命令行 warning D9025 :正在重写“/EHs”(用“/EHs-”)
cl: 命令行 warning D9025 :正在重写“/EHc”(用“/EHc-”)
[220/250] Building CXX object src\testcase\CMakeFiles\ink_tests.dir\execution\bytecode\class_bytecode_test.cpp.obj
cl: 命令行 warning D9025 :正在重写“/EHs”(用“/EHs-”)
cl: 命令行 warning D9025 :正在重写“/EHc”(用“/EHc-”)
[221/250] Building CXX object src\testcase\CMakeFiles\ink_tests.dir\execution\bytecode\execution_compiler_test.cpp.obj
cl: 命令行 warning D9025 :正在重写“/EHs”(用“/EHs-”)
cl: 命令行 warning D9025 :正在重写“/EHc”(用“/EHc-”)
[222/250] Building CXX object src\testcase\CMakeFiles\ink_tests.dir\execution\engine\bytecode_execution_test.cpp.obj
cl: 命令行 warning D9025 :正在重写“/EHs”(用“/EHs-”)
cl: 命令行 warning D9025 :正在重写“/EHc”(用“/EHc-”)
[223/250] Building CXX object src\testcase\CMakeFiles\ink_tests.dir\execution\engine\bytecode_storage_test.cpp.obj
cl: 命令行 warning D9025 :正在重写“/EHs”(用“/EHs-”)
cl: 命令行 warning D9025 :正在重写“/EHc”(用“/EHc-”)
[224/250] Building CXX object src\testcase\CMakeFiles\ink_tests.dir\execution\engine\execution_config_test.cpp.obj
cl: 命令行 warning D9025 :正在重写“/EHs”(用“/EHs-”)
cl: 命令行 warning D9025 :正在重写“/EHc”(用“/EHc-”)
[225/250] Building CXX object src\testcase\CMakeFiles\ink_tests.dir\execution\engine\execution_call_test.cpp.obj
cl: 命令行 warning D9025 :正在重写“/EHs”(用“/EHs-”)
cl: 命令行 warning D9025 :正在重写“/EHc”(用“/EHc-”)
[226/250] Building CXX object src\testcase\CMakeFiles\ink_tests.dir\execution\ffi\external_fixture_test.cpp.obj
cl: 命令行 warning D9025 :正在重写“/EHs”(用“/EHs-”)
cl: 命令行 warning D9025 :正在重写“/EHc”(用“/EHc-”)
[227/250] Building CXX object src\testcase\CMakeFiles\ink_tests.dir\execution\engine\execution_engine_test.cpp.obj
cl: 命令行 warning D9025 :正在重写“/EHs”(用“/EHs-”)
cl: 命令行 warning D9025 :正在重写“/EHc”(用“/EHc-”)
[228/250] Building CXX object src\testcase\CMakeFiles\ink_tests.dir\execution\engine\ir_execution_test.cpp.obj
cl: 命令行 warning D9025 :正在重写“/EHs”(用“/EHs-”)
cl: 命令行 warning D9025 :正在重写“/EHc”(用“/EHc-”)
[229/250] Building CXX object src\testcase\CMakeFiles\ink_tests.dir\execution\engine\execution_image_test.cpp.obj
cl: 命令行 warning D9025 :正在重写“/EHs”(用“/EHs-”)
cl: 命令行 warning D9025 :正在重写“/EHc”(用“/EHc-”)
[230/250] Building CXX object src\testcase\CMakeFiles\ink_tests.dir\execution\engine\logical_execution_test.cpp.obj
cl: 命令行 warning D9025 :正在重写“/EHs”(用“/EHs-”)
cl: 命令行 warning D9025 :正在重写“/EHc”(用“/EHc-”)
[231/250] Building CXX object src\testcase\CMakeFiles\ink_tests.dir\execution\ffi\array_read_test.cpp.obj
cl: 命令行 warning D9025 :正在重写“/EHs”(用“/EHs-”)
cl: 命令行 warning D9025 :正在重写“/EHc”(用“/EHc-”)
[232/250] Building CXX object src\testcase\CMakeFiles\ink_tests.dir\execution\ffi\external_call_test.cpp.obj
cl: 命令行 warning D9025 :正在重写“/EHs”(用“/EHs-”)
cl: 命令行 warning D9025 :正在重写“/EHc”(用“/EHc-”)
[233/250] Building CXX object src\testcase\CMakeFiles\ink_tests.dir\execution\ffi\ffi_argument_test.cpp.obj
cl: 命令行 warning D9025 :正在重写“/EHs”(用“/EHs-”)
cl: 命令行 warning D9025 :正在重写“/EHc”(用“/EHc-”)
[234/250] Building CXX object src\testcase\CMakeFiles\ink_tests.dir\execution\engine\native_layout_execution_test.cpp.obj
cl: 命令行 warning D9025 :正在重写“/EHs”(用“/EHs-”)
cl: 命令行 warning D9025 :正在重写“/EHc”(用“/EHc-”)
[235/250] Building CXX object src\testcase\CMakeFiles\ink_tests.dir\execution\ffi\native_call_cache_test.cpp.obj
cl: 命令行 warning D9025 :正在重写“/EHs”(用“/EHs-”)
cl: 命令行 warning D9025 :正在重写“/EHc”(用“/EHc-”)
[236/250] Building CXX object src\testcase\CMakeFiles\ink_tests.dir\execution\ffi\native_storage_offset_test.cpp.obj
cl: 命令行 warning D9025 :正在重写“/EHs”(用“/EHs-”)
cl: 命令行 warning D9025 :正在重写“/EHc”(用“/EHc-”)
[237/250] Building CXX object src\testcase\CMakeFiles\ink_tests.dir\execution\ffi\native_storage_test.cpp.obj
cl: 命令行 warning D9025 :正在重写“/EHs”(用“/EHs-”)
cl: 命令行 warning D9025 :正在重写“/EHc”(用“/EHc-”)
[238/250] Building CXX object src\testcase\CMakeFiles\ink_tests.dir\execution\ffi\native_symbol_cache_test.cpp.obj
cl: 命令行 warning D9025 :正在重写“/EHs”(用“/EHs-”)
cl: 命令行 warning D9025 :正在重写“/EHc”(用“/EHc-”)
[239/250] Building CXX object src\testcase\CMakeFiles\ink_tests.dir\execution\ffi\runtime_ffi_test.cpp.obj
cl: 命令行 warning D9025 :正在重写“/EHs”(用“/EHs-”)
cl: 命令行 warning D9025 :正在重写“/EHc”(用“/EHc-”)
[240/250] Building CXX object src\testcase\CMakeFiles\ink_tests.dir\execution\support\execution_diagnostic_test.cpp.obj
cl: 命令行 warning D9025 :正在重写“/EHs”(用“/EHs-”)
cl: 命令行 warning D9025 :正在重写“/EHc”(用“/EHc-”)
[241/250] Building CXX object src\testcase\CMakeFiles\ink_tests.dir\execution\memory\array_storage_test.cpp.obj
cl: 命令行 warning D9025 :正在重写“/EHs”(用“/EHs-”)
cl: 命令行 warning D9025 :正在重写“/EHc”(用“/EHc-”)
[242/250] Building CXX object src\testcase\CMakeFiles\ink_tests.dir\execution\value\execution_integer_test.cpp.obj
cl: 命令行 warning D9025 :正在重写“/EHs”(用“/EHs-”)
cl: 命令行 warning D9025 :正在重写“/EHc”(用“/EHc-”)
[243/250] Building CXX object src\testcase\CMakeFiles\ink_tests.dir\execution\memory\runtime_storage_test.cpp.obj
cl: 命令行 warning D9025 :正在重写“/EHs”(用“/EHs-”)
cl: 命令行 warning D9025 :正在重写“/EHc”(用“/EHc-”)
[244/250] Building CXX object src\testcase\CMakeFiles\ink_tests.dir\execution\memory\memory_manager_test.cpp.obj
cl: 命令行 warning D9025 :正在重写“/EHs”(用“/EHs-”)
cl: 命令行 warning D9025 :正在重写“/EHc”(用“/EHc-”)
[245/250] Building CXX object src\testcase\CMakeFiles\ink_tests.dir\execution\support\execution_instruction_result_test.cpp.obj
cl: 命令行 warning D9025 :正在重写“/EHs”(用“/EHs-”)
cl: 命令行 warning D9025 :正在重写“/EHc”(用“/EHc-”)
[246/250] Building CXX object src\testcase\CMakeFiles\ink_tests.dir\execution\memory\class_storage_test.cpp.obj
cl: 命令行 warning D9025 :正在重写“/EHs”(用“/EHs-”)
cl: 命令行 warning D9025 :正在重写“/EHc”(用“/EHc-”)
[247/250] Building CXX object src\testcase\CMakeFiles\ink_tests.dir\execution\value\execution_value_test.cpp.obj
cl: 命令行 warning D9025 :正在重写“/EHs”(用“/EHs-”)
cl: 命令行 warning D9025 :正在重写“/EHc”(用“/EHc-”)
[248/250] Building CXX object src\testcase\CMakeFiles\ink_tests.dir\backend\llvm_backend_test.cpp.obj
cl: 命令行 warning D9025 :正在重写“/EHs”(用“/EHs-”)
cl: 命令行 warning D9025 :正在重写“/EHc”(用“/EHc-”)
[249/250] Linking CXX executable src\testcase\ink_tests.exe
