[0/2] Re-checking globbed directories...
[1/2] Re-running CMake...
-- bolt project is disabled
-- clang project is enabled
-- clang-tools-extra project is disabled
-- compiler-rt project is disabled
-- cross-project-tests project is disabled
-- libclc project is disabled
-- lld project is disabled
-- lldb project is disabled
-- mlir project is disabled
-- openmp project is disabled
-- polly project is disabled
-- flang project is disabled
-- libc project is disabled
-- Could NOT find ZLIB (missing: ZLIB_LIBRARY ZLIB_INCLUDE_DIR) 
-- Could NOT find LibXml2 (missing: LIBXML2_LIBRARY LIBXML2_INCLUDE_DIR) 
-- Could NOT find Backtrace (missing: Backtrace_LIBRARY Backtrace_INCLUDE_DIR) 
-- LLVM host triple: x86_64-pc-windows-msvc
-- Native target architecture is X86
-- Threads enabled.
-- Doxygen disabled.
-- Ninja version: 1.13.2
-- Could NOT find OCaml (missing: OCAMLFIND OCAML_VERSION OCAML_STDLIB_PATH) 
-- OCaml bindings disabled.
-- LLVM default target triple: x86_64-pc-windows-msvc
-- Targeting X86
-- Clang version: 22.1.8
-- BugpointPasses ignored -- Loadable modules not supported on this platform.
-- Not building llvm-mt.exe because libxml2 is not available
-- Build spdlog: 1.17.0
-- Build type: Debug
CMake Deprecation Warning at src/third_party/utf8proc/CMakeLists.txt:1 (cmake_minimum_required):
  Compatibility with CMake < 3.10 will be removed from a future version of
  CMake.

  Update the VERSION argument <min> value.  Or, use the <min>...<max> syntax
  to tell CMake that the project requires at least <min> but has been updated
  to work with policies introduced by <max> or earlier.


-- Could NOT find ZLIB (missing: ZLIB_LIBRARY ZLIB_INCLUDE_DIR) 
-- Could NOT find LibXml2 (missing: LIBXML2_LIBRARY LIBXML2_INCLUDE_DIR) 
-- Found LLVM 22.1.8
-- Using LLVMConfig.cmake in: D:/github/ink/cmake-build-debug/third_party/llvm/lib/cmake/llvm
-- Configuring done (4.6s)
-- Generating done (4.8s)
-- Build files have been written to: D:/github/ink/cmake-build-debug
[0/4] Re-checking globbed directories...
[1/967] Building RC object third_party\llvm\utils\TableGen\CMakeFiles\llvm-min-tblgen.dir\__\__\resources\windows_version_resource.rc.res
[2/967] Linking CXX executable third_party\llvm\bin\llvm-min-tblgen.exe
[3/967] Building Attributes.inc...
[4/932] Building IntrinsicEnums.inc...
[5/617] Building IntrinsicsAArch64.h...
[6/617] Building IntrinsicsAMDGPU.h...
[7/617] Building IntrinsicImpl.inc...
[8/617] Building PPCGenTargetFeatures.inc...
[9/617] Building ARMTargetParserDef.inc...
[10/617] Building IntrinsicsARM.h...
[11/617] Building IntrinsicsBPF.h...
[12/617] Building IntrinsicsDirectX.h...
[13/616] Building IntrinsicsHexagon.h...
[14/616] Building IntrinsicsLoongArch.h...
[15/616] Building AArch64TargetParserDef.inc...
[16/616] Building IntrinsicsMips.h...
[17/616] Building IntrinsicsNVPTX.h...
[18/616] Building IntrinsicsPowerPC.h...
[19/616] Building IntrinsicsR600.h...
[20/616] Building IntrinsicsRISCV.h...
[21/616] Building IntrinsicsS390.h...
[22/616] Building TargetLibraryInfo.inc...
[23/512] Building RuntimeLibcalls.inc...
[24/509] Building GenVT.inc...
[25/163] Building OMP.h.inc...
[26/158] Building OMP.inc...
[27/156] Building IntrinsicsSPIRV.h...
[28/156] Building IntrinsicsVE.h...
[29/156] Building IntrinsicsWebAssembly.h...
[30/149] Building IntrinsicsX86.h...
[31/142] Building IntrinsicsXCore.h...
[32/142] Building RC object third_party\llvm\utils\TableGen\CMakeFiles\llvm-tblgen.dir\__\__\resources\windows_version_resource.rc.res
[33/142] Linking CXX executable third_party\llvm\bin\llvm-tblgen.exe
[34/142] Building RISCVTargetParserDef.inc...
[35/142] Building X86GenExegesis.inc...
[36/142] Building X86GenCallingConv.inc...
[37/142] Building X86GenDisassemblerTables.inc...
[38/142] Building X86GenAsmWriter.inc...
[39/142] Building X86GenAsmWriter1.inc...
[40/142] Building X86GenAsmMatcher.inc...
[41/142] Building X86GenFoldTables.inc...
[42/142] Building X86GenMnemonicTables.inc...
[43/142] Building X86GenInstrMapping.inc...
[44/142] Building X86GenPreLegalizeGICombiner.inc...
[45/142] Building X86GenRegisterBank.inc...
[46/142] Building X86GenRegisterInfo.inc...
[47/141] Building X86GenFastISel.inc...
[48/141] Building X86GenSubtargetInfo.inc...
[49/141] Building X86GenGlobalISel.inc...
[50/141] Building X86GenInstrInfo.inc...
[51/63] Building X86GenDAGISel.inc...
[52/60] Building CXX object src\tools\inkc\CMakeFiles\inkc.dir\bytecode_link.cpp.obj
cl: 命令行 warning D9025 :正在重写“/EHs”(用“/EHs-”)
cl: 命令行 warning D9025 :正在重写“/EHc”(用“/EHc-”)
[53/60] Building CXX object src\tools\inkc\CMakeFiles\inkc.dir\source_modules.cpp.obj
cl: 命令行 warning D9025 :正在重写“/EHs”(用“/EHs-”)
cl: 命令行 warning D9025 :正在重写“/EHc”(用“/EHc-”)
[54/60] Building CXX object src\tools\inkc\CMakeFiles\inkc.dir\bytecode_run.cpp.obj
cl: 命令行 warning D9025 :正在重写“/EHs”(用“/EHs-”)
cl: 命令行 warning D9025 :正在重写“/EHc”(用“/EHc-”)
[55/60] Building CXX object src\tools\inkc\CMakeFiles\inkc.dir\bytecode_emit.cpp.obj
cl: 命令行 warning D9025 :正在重写“/EHs”(用“/EHs-”)
cl: 命令行 warning D9025 :正在重写“/EHc”(用“/EHc-”)
[56/60] Building CXX object src\tools\inkc\CMakeFiles\inkc.dir\main.cpp.obj
cl: 命令行 warning D9025 :正在重写“/EHs”(用“/EHs-”)
cl: 命令行 warning D9025 :正在重写“/EHc”(用“/EHc-”)
[57/60] Linking CXX executable src\tools\inkc\inkc.exe
