Test project D:/github/ink/cmake-build-debug
        Start 4061: AOTClassTest.SignedArrayIndex
        Start 4067: AOTClassTest.SharedValuesAndPointers
        Start 4063: AOTClassTest.OperatorCopiesLeftOperand
        Start 4059: AOTClassTest.ArrayBounds
        Start 4058: AOTClassTest.EscapedAddressCanBeDiscarded
        Start 4062: AOTClassTest.DefaultsAndEvaluationOrder
        Start 4066: AOTClassTest.SharedMethodsDefaults
        Start 4055: AOTClassTest.ValueCopyAndMethod
  1/163 Test #4059: AOTClassTest.ArrayBounds ............................................   Passed    2.74 sec
        Start 4057: AOTClassTest.WideFieldsAndEmptyObjects
  2/163 Test #4058: AOTClassTest.EscapedAddressCanBeDiscarded ...........................   Passed    2.74 sec
        Start 3908: BytecodeProcessTest
  3/163 Test #4055: AOTClassTest.ValueCopyAndMethod .....................................   Passed    2.73 sec
        Start 4056: AOTClassTest.NestedArraysAndAliases
  4/163 Test #4062: AOTClassTest.DefaultsAndEvaluationOrder .............................   Passed    2.77 sec
        Start 4069: AOTClassTest.SharedMethodEffects
  5/163 Test #4066: AOTClassTest.SharedMethodsDefaults ..................................   Passed    2.78 sec
        Start 4068: AOTClassTest.SharedComptime
  6/163 Test #4061: AOTClassTest.SignedArrayIndex .......................................   Passed    2.87 sec
        Start 4064: AOTClassTest.NativeClassStorage
  7/163 Test #4063: AOTClassTest.OperatorCopiesLeftOperand ..............................   Passed    2.84 sec
        Start 4060: AOTClassTest.ArrayBoundsPreservesOutput
  8/163 Test #4067: AOTClassTest.SharedValuesAndPointers ................................   Passed    2.96 sec
        Start 4065: AOTClassTest.NativePointerOutParameter
  9/163 Test #4057: AOTClassTest.WideFieldsAndEmptyObjects ..............................   Passed    1.02 sec
        Start 4024: ExecutionSourceTest.Class.Main.Effects
 10/163 Test #4056: AOTClassTest.NestedArraysAndAliases .................................   Passed    1.06 sec
        Start 4023: ExecutionSourceTest.Class.Main.Comptime
 11/163 Test #4069: AOTClassTest.SharedMethodEffects ....................................   Passed    1.06 sec
        Start 3909: ArrayReadProcessTest
 12/163 Test #4068: AOTClassTest.SharedComptime .........................................   Passed    1.06 sec
        Start 4045: ExecutionMultiFileTest.mutual_calls
 13/163 Test #4064: AOTClassTest.NativeClassStorage .....................................   Passed    1.05 sec
 14/163 Test #4060: AOTClassTest.ArrayBoundsPreservesOutput .............................   Passed    1.04 sec
        Start 4050: ExecutionMultiFileTest.private_isolation
        Start 3907: InkcProcessTest
 15/163 Test #3908: BytecodeProcessTest .................................................   Passed    1.19 sec
        Start 4031: ExecutionClassMultiFileTest.defaults_methods
 16/163 Test #4024: ExecutionSourceTest.Class.Main.Effects ..............................   Passed    0.20 sec
        Start 4036: ExecutionMultiFileTest.chain
 17/163 Test #4065: AOTClassTest.NativePointerOutParameter ..............................   Passed    1.02 sec
        Start 4034: ExecutionClassMultiFileTest.qualified_class
 18/163 Test #4023: ExecutionSourceTest.Class.Main.Comptime .............................   Passed    0.25 sec
        Start 4053: ExecutionMultiFileTest.shared_memory
 19/163 Test #4045: ExecutionMultiFileTest.mutual_calls .................................   Passed    0.44 sec
        Start 4052: ExecutionMultiFileTest.relative_imports
 20/163 Test #4050: ExecutionMultiFileTest.private_isolation ............................   Passed    0.44 sec
        Start 4021: ExecutionSourceTest.Class.Main.MethodsDefaults
 21/163 Test #4034: ExecutionClassMultiFileTest.qualified_class .........................   Passed    0.38 sec
        Start 4033: ExecutionClassMultiFileTest.private_method
 22/163 Test #4036: ExecutionMultiFileTest.chain ........................................   Passed    0.43 sec
        Start 4037: ExecutionMultiFileTest.comptime_imports
 23/163 Test #4031: ExecutionClassMultiFileTest.defaults_methods ........................   Passed    0.46 sec
        Start 4051: ExecutionMultiFileTest.qualified_modules
 24/163 Test #3909: ArrayReadProcessTest ................................................   Passed    0.65 sec
        Start 4046: ExecutionMultiFileTest.native_boundaries
 25/163 Test #4053: ExecutionMultiFileTest.shared_memory ................................   Passed    0.43 sec
        Start 4047: ExecutionMultiFileTest.native_link
 26/163 Test #4033: ExecutionClassMultiFileTest.private_method ..........................   Passed    0.17 sec
        Start 4039: ExecutionMultiFileTest.extern_declaration
 27/163 Test #4021: ExecutionSourceTest.Class.Main.MethodsDefaults ......................   Passed    0.27 sec
        Start 4048: ExecutionMultiFileTest.overloads
 28/163 Test #4052: ExecutionMultiFileTest.relative_imports .............................   Passed    0.41 sec
        Start 4043: ExecutionMultiFileTest.module_access
 29/163 Test #4037: ExecutionMultiFileTest.comptime_imports .............................   Passed    0.44 sec
        Start 3939: ExecutionSourceTest.Array.Main.Values
 30/163 Test #4051: ExecutionMultiFileTest.qualified_modules ............................   Passed    0.44 sec
        Start 3938: ExecutionSourceTest.Array.Main.Widths
 31/163 Test #4046: ExecutionMultiFileTest.native_boundaries ............................   Passed    0.38 sec
        Start 3937: ExecutionSourceTest.Array.Main.Basics
 32/163 Test #4047: ExecutionMultiFileTest.native_link ..................................   Passed    0.39 sec
        Start 3940: ExecutionSourceTest.Array.Main.Effects
 33/163 Test #4039: ExecutionMultiFileTest.extern_declaration ...........................   Passed    0.40 sec
        Start 3941: ExecutionSourceTest.Array.Main.Comptime
 34/163 Test #4048: ExecutionMultiFileTest.overloads ....................................   Passed    0.37 sec
        Start 3969: ExecutionSourceTest.Array.Runtime.ReadOutOfBounds
 35/163 Test #3938: ExecutionSourceTest.Array.Main.Widths ...............................   Passed    0.26 sec
        Start 3968: ExecutionSourceTest.Array.Runtime.NegativeIndex
 36/163 Test #3939: ExecutionSourceTest.Array.Main.Values ...............................   Passed    0.29 sec
        Start 3970: ExecutionSourceTest.Array.Runtime.WriteOutOfBounds
 37/163 Test #4043: ExecutionMultiFileTest.module_access ................................   Passed    0.42 sec
        Start 3942: ExecutionSourceTest.Array.Main.Read
 38/163 Test #3937: ExecutionSourceTest.Array.Main.Basics ...............................   Passed    0.28 sec
        Start 3971: ExecutionSourceTest.Array.Runtime.AddressOutOfBounds
 39/163 Test #3940: ExecutionSourceTest.Array.Main.Effects ..............................   Passed    0.28 sec
        Start 3974: ExecutionSourceTest.Array.Runtime.EscapedElement
 40/163 Test #3969: ExecutionSourceTest.Array.Runtime.ReadOutOfBounds ...................   Passed    0.25 sec
        Start 3973: ExecutionSourceTest.Array.Runtime.WideIndex
 41/163 Test #3941: ExecutionSourceTest.Array.Main.Comptime .............................   Passed    0.29 sec
        Start 4022: ExecutionSourceTest.Class.Main.ValuesDunder
 42/163 Test #3968: ExecutionSourceTest.Array.Runtime.NegativeIndex .....................   Passed    0.25 sec
        Start 3972: ExecutionSourceTest.Array.Runtime.EmptyIndex
 43/163 Test #3970: ExecutionSourceTest.Array.Runtime.WriteOutOfBounds ..................   Passed    0.24 sec
        Start 3986: ExecutionSourceTest.Logical.ShortCircuit.reach_and
 44/163 Test #3971: ExecutionSourceTest.Array.Runtime.AddressOutOfBounds ................   Passed    0.24 sec
        Start 4038: ExecutionMultiFileTest.duplicate_definition
 45/163 Test #3942: ExecutionSourceTest.Array.Main.Read .................................   Passed    0.27 sec
        Start 3923: ExecutionSourceTest.Function.Main.Calls
 46/163 Test #3974: ExecutionSourceTest.Array.Runtime.EscapedElement ....................   Passed    0.25 sec
        Start 4032: ExecutionClassMultiFileTest.private_field
 47/163 Test #3973: ExecutionSourceTest.Array.Runtime.WideIndex .........................   Passed    0.25 sec
        Start 4041: ExecutionMultiFileTest.missing_module
 48/163 Test #4022: ExecutionSourceTest.Class.Main.ValuesDunder .........................   Passed    0.26 sec
        Start 4035: ExecutionMultiFileTest.ambiguous_import
 49/163 Test #3986: ExecutionSourceTest.Logical.ShortCircuit.reach_and ..................   Passed    0.12 sec
        Start 3924: ExecutionSourceTest.Function.Main.Storage
 50/163 Test #3923: ExecutionSourceTest.Function.Main.Calls .............................   Passed    0.13 sec
        Start 4042: ExecutionMultiFileTest.missing_symbol
 51/163 Test #4032: ExecutionClassMultiFileTest.private_field ...........................   Passed    0.18 sec
        Start 4044: ExecutionMultiFileTest.module_access_denied
 52/163 Test #3924: ExecutionSourceTest.Function.Main.Storage ...........................   Passed    0.13 sec
        Start 4040: ExecutionMultiFileTest.forbidden_declaration
 53/163 Test #4038: ExecutionMultiFileTest.duplicate_definition .........................   Passed    0.23 sec
        Start 4054: ExecutionMultiFileTest.signature_mismatch
 54/163 Test #3972: ExecutionSourceTest.Array.Runtime.EmptyIndex ........................   Passed    0.27 sec
        Start 4049: ExecutionMultiFileTest.private_access_denied
 55/163 Test #4041: ExecutionMultiFileTest.missing_module ...............................   Passed    0.19 sec
        Start 3963: ExecutionSourceTest.Array.Invalid.ConstWrite
 56/163 Test #4035: ExecutionMultiFileTest.ambiguous_import .............................   Passed    0.19 sec
        Start 3967: ExecutionSourceTest.Array.Invalid.ComptimeBounds
 57/163 Test #4042: ExecutionMultiFileTest.missing_symbol ...............................   Passed    0.18 sec
        Start 3943: ExecutionSourceTest.Array.Invalid.EmptyInference
 58/163 Test #3963: ExecutionSourceTest.Array.Invalid.ConstWrite ........................   Passed    0.15 sec
        Start 3952: ExecutionSourceTest.Array.Invalid.LengthMismatch
 59/163 Test #4044: ExecutionMultiFileTest.module_access_denied .........................   Passed    0.20 sec
        Start 3955: ExecutionSourceTest.Array.Invalid.BoolIndex
 60/163 Test #3967: ExecutionSourceTest.Array.Invalid.ComptimeBounds ....................   Passed    0.15 sec
 61/163 Test #4040: ExecutionMultiFileTest.forbidden_declaration ........................   Passed    0.19 sec
        Start 3954: ExecutionSourceTest.Array.Invalid.ByteOverflow
        Start 3956: ExecutionSourceTest.Array.Invalid.FloatIndex
 62/163 Test #4054: ExecutionMultiFileTest.signature_mismatch ...........................   Passed    0.20 sec
        Start 3944: ExecutionSourceTest.Array.Invalid.NegativeLength
 63/163 Test #3943: ExecutionSourceTest.Array.Invalid.EmptyInference ....................   Passed    0.13 sec
 64/163 Test #4049: ExecutionMultiFileTest.private_access_denied ........................   Passed    0.21 sec
        Start 3951: ExecutionSourceTest.Array.Invalid.ElementType
        Start 3962: ExecutionSourceTest.Array.Invalid.EmptyArrayIndex
 65/163 Test #3952: ExecutionSourceTest.Array.Invalid.LengthMismatch ....................   Passed    0.11 sec
        Start 3946: ExecutionSourceTest.Array.Invalid.FloatLength
 66/163 Test #3955: ExecutionSourceTest.Array.Invalid.BoolIndex .........................   Passed    0.12 sec
        Start 3950: ExecutionSourceTest.Array.Invalid.StorageOverflow
 67/163 Test #3956: ExecutionSourceTest.Array.Invalid.FloatIndex ........................   Passed    0.12 sec
        Start 3961: ExecutionSourceTest.Array.Invalid.ConstantAddressBounds
 68/163 Test #3954: ExecutionSourceTest.Array.Invalid.ByteOverflow ......................   Passed    0.13 sec
 69/163 Test #3907: InkcProcessTest .....................................................   Passed    2.06 sec
        Start 3947: ExecutionSourceTest.Array.Invalid.UnrepresentableLength
        Start 3953: ExecutionSourceTest.Array.Invalid.NestedTypeMismatch
 70/163 Test #3944: ExecutionSourceTest.Array.Invalid.NegativeLength ....................   Passed    0.13 sec
 71/163 Test #3951: ExecutionSourceTest.Array.Invalid.ElementType .......................   Passed    0.12 sec
 72/163 Test #3962: ExecutionSourceTest.Array.Invalid.EmptyArrayIndex ...................   Passed    0.11 sec
        Start 3958: ExecutionSourceTest.Array.Invalid.ConstantNegativeIndex
        Start 3966: ExecutionSourceTest.Array.Invalid.UninitializedWrite
        Start 3945: ExecutionSourceTest.Array.Invalid.BoolLength
 73/163 Test #3946: ExecutionSourceTest.Array.Invalid.FloatLength .......................   Passed    0.11 sec
        Start 3964: ExecutionSourceTest.Array.Invalid.ConstAddress
 74/163 Test #3950: ExecutionSourceTest.Array.Invalid.StorageOverflow ...................   Passed    0.11 sec
        Start 3965: ExecutionSourceTest.Array.Invalid.UninitializedRead
 75/163 Test #3961: ExecutionSourceTest.Array.Invalid.ConstantAddressBounds .............   Passed    0.12 sec
        Start 3949: ExecutionSourceTest.Array.Invalid.RuntimeLength
 76/163 Test #3947: ExecutionSourceTest.Array.Invalid.UnrepresentableLength .............   Passed    0.12 sec
        Start 3959: ExecutionSourceTest.Array.Invalid.ConstantReadBounds
 77/163 Test #3953: ExecutionSourceTest.Array.Invalid.NestedTypeMismatch ................   Passed    0.12 sec
        Start 3960: ExecutionSourceTest.Array.Invalid.ConstantWriteBounds
 78/163 Test #3958: ExecutionSourceTest.Array.Invalid.ConstantNegativeIndex .............   Passed    0.12 sec
        Start 3948: ExecutionSourceTest.Array.Invalid.ExcessiveLength
 79/163 Test #3966: ExecutionSourceTest.Array.Invalid.UninitializedWrite ................   Passed    0.13 sec
        Start 3957: ExecutionSourceTest.Array.Invalid.NonarrayIndex
 80/163 Test #3945: ExecutionSourceTest.Array.Invalid.BoolLength ........................   Passed    0.13 sec
        Start 3912: ExecutionSourceTest.Logical.Main.Comparisons
 81/163 Test #3964: ExecutionSourceTest.Array.Invalid.ConstAddress ......................   Passed    0.11 sec
        Start 3929: ExecutionSourceTest.External.Main.Strings
 82/163 Test #3965: ExecutionSourceTest.Array.Invalid.UninitializedRead .................   Passed    0.11 sec
        Start 3918: ExecutionSourceTest.ControlFlow.Main.Branches
 83/163 Test #3949: ExecutionSourceTest.Array.Invalid.RuntimeLength .....................   Passed    0.11 sec
        Start 3919: ExecutionSourceTest.Comptime.Main.ControlFlow
 84/163 Test #3960: ExecutionSourceTest.Array.Invalid.ConstantWriteBounds ...............   Passed    0.11 sec
        Start 4011: ExecutionSourceTest.Function.Invalid.MissingReturn
 85/163 Test #3959: ExecutionSourceTest.Array.Invalid.ConstantReadBounds ................   Passed    0.13 sec
        Start 3920: ExecutionSourceTest.Arithmetic.Main.Widths
 86/163 Test #3948: ExecutionSourceTest.Array.Invalid.ExcessiveLength ...................   Passed    0.12 sec
        Start 3913: ExecutionSourceTest.Logical.Main.Contexts
 87/163 Test #3957: ExecutionSourceTest.Array.Invalid.NonarrayIndex .....................   Passed    0.13 sec
        Start 3917: ExecutionSourceTest.Logical.Main.NestedTruthTables
 88/163 Test #3912: ExecutionSourceTest.Logical.Main.Comparisons ........................   Passed    0.14 sec
        Start 3911: ExecutionSourceTest.Logical.Main.TruthTables
 89/163 Test #3929: ExecutionSourceTest.External.Main.Strings ...........................   Passed    0.14 sec
        Start 3916: ExecutionSourceTest.Logical.Main.Effects
 90/163 Test #3918: ExecutionSourceTest.ControlFlow.Main.Branches .......................   Passed    0.14 sec
        Start 3922: ExecutionSourceTest.Arithmetic.Main.Comptime
 91/163 Test #3919: ExecutionSourceTest.Comptime.Main.ControlFlow .......................   Passed    0.13 sec
        Start 3931: ExecutionSourceTest.External.Main.Effects
 92/163 Test #4011: ExecutionSourceTest.Function.Invalid.MissingReturn ..................   Passed    0.12 sec
        Start 3928: ExecutionSourceTest.External.Main.Comptime
 93/163 Test #3920: ExecutionSourceTest.Arithmetic.Main.Widths ..........................   Passed    0.12 sec
        Start 3975: ExecutionSourceTest.External.Invalid.ArgumentType
 94/163 Test #3913: ExecutionSourceTest.Logical.Main.Contexts ...........................   Passed    0.12 sec
        Start 4000: ExecutionSourceTest.Arithmetic.Invalid.UnsignedRange
 95/163 Test #3917: ExecutionSourceTest.Logical.Main.NestedTruthTables ..................   Passed    0.13 sec
        Start 3915: ExecutionSourceTest.Logical.Main.Comptime
 96/163 Test #3911: ExecutionSourceTest.Logical.Main.TruthTables ........................   Passed    0.13 sec
        Start 3998: ExecutionSourceTest.Arithmetic.Invalid.SignedMinimum
 97/163 Test #3916: ExecutionSourceTest.Logical.Main.Effects ............................   Passed    0.13 sec
        Start 3935: ExecutionSourceTest.External.Invalid.UnsupportedFloat
 98/163 Test #3922: ExecutionSourceTest.Arithmetic.Main.Comptime ........................   Passed    0.14 sec
        Start 3988: ExecutionSourceTest.Logical.ShortCircuit.nested_reach
 99/163 Test #3931: ExecutionSourceTest.External.Main.Effects ...........................   Passed    0.13 sec
        Start 3921: ExecutionSourceTest.Arithmetic.Main.Contexts
100/163 Test #3928: ExecutionSourceTest.External.Main.Comptime ..........................   Passed    0.13 sec
        Start 3927: ExecutionSourceTest.External.Main.Scalars
101/163 Test #3975: ExecutionSourceTest.External.Invalid.ArgumentType ...................   Passed    0.13 sec
        Start 3932: ExecutionSourceTest.External.Invalid.MissingSymbol
102/163 Test #4000: ExecutionSourceTest.Arithmetic.Invalid.UnsignedRange ................   Passed    0.13 sec
        Start 4019: ExecutionSourceTest.Function.Invalid.DuplicateDefinition
103/163 Test #3915: ExecutionSourceTest.Logical.Main.Comptime ...........................   Passed    0.13 sec
        Start 4017: ExecutionSourceTest.Function.Invalid.NotCallable
104/163 Test #3998: ExecutionSourceTest.Arithmetic.Invalid.SignedMinimum ................   Passed    0.12 sec
        Start 3925: ExecutionSourceTest.Function.Main.Effects
105/163 Test #3935: ExecutionSourceTest.External.Invalid.UnsupportedFloat ...............   Passed    0.11 sec
        Start 4020: ExecutionSourceTest.Function.Invalid.MissingBody
106/163 Test #3988: ExecutionSourceTest.Logical.ShortCircuit.nested_reach ...............   Passed    0.12 sec
        Start 4006: ExecutionSourceTest.Function.Invalid.ExtraArgument
107/163 Test #3921: ExecutionSourceTest.Arithmetic.Main.Contexts ........................   Passed    0.13 sec
        Start 3996: ExecutionSourceTest.Arithmetic.Invalid.Bool
108/163 Test #3927: ExecutionSourceTest.External.Main.Scalars ...........................   Passed    0.13 sec
        Start 4016: ExecutionSourceTest.Function.Invalid.Capture
109/163 Test #3932: ExecutionSourceTest.External.Invalid.MissingSymbol ..................   Passed    0.13 sec
        Start 3976: ExecutionSourceTest.External.Invalid.ArgumentCount
110/163 Test #4019: ExecutionSourceTest.Function.Invalid.DuplicateDefinition ............   Passed    0.13 sec
        Start 4015: ExecutionSourceTest.Function.Invalid.VoidValue
111/163 Test #4020: ExecutionSourceTest.Function.Invalid.MissingBody ....................   Passed    0.11 sec
112/163 Test #4017: ExecutionSourceTest.Function.Invalid.NotCallable ....................   Passed    0.13 sec
        Start 4012: ExecutionSourceTest.Function.Invalid.EmptyReturn
        Start 4007: ExecutionSourceTest.Function.Invalid.ArgumentType
113/163 Test #3925: ExecutionSourceTest.Function.Main.Effects ...........................   Passed    0.14 sec
        Start 3914: ExecutionSourceTest.Logical.Main.ShortCircuit
114/163 Test #4006: ExecutionSourceTest.Function.Invalid.ExtraArgument ..................   Passed    0.12 sec
        Start 3930: ExecutionSourceTest.External.Main.Pointers
115/163 Test #3996: ExecutionSourceTest.Arithmetic.Invalid.Bool .........................   Passed    0.12 sec
        Start 3982: ExecutionSourceTest.Logical.Invalid.SkippedOrRightInteger
116/163 Test #4016: ExecutionSourceTest.Function.Invalid.Capture ........................   Passed    0.12 sec
        Start 4010: ExecutionSourceTest.Function.Invalid.NoMatchingOverload
117/163 Test #3976: ExecutionSourceTest.External.Invalid.ArgumentCount ..................   Passed    0.12 sec
        Start 3990: ExecutionSourceTest.ControlFlow.Invalid.UninitializedMerge
118/163 Test #4015: ExecutionSourceTest.Function.Invalid.VoidValue ......................   Passed    0.12 sec
        Start 3995: ExecutionSourceTest.Arithmetic.Invalid.Signedness
119/163 Test #4012: ExecutionSourceTest.Function.Invalid.EmptyReturn ....................   Passed    0.11 sec
        Start 4018: ExecutionSourceTest.Function.Invalid.DuplicateParameter
120/163 Test #3914: ExecutionSourceTest.Logical.Main.ShortCircuit .......................   Passed    0.11 sec
        Start 3991: ExecutionSourceTest.ControlFlow.Invalid.UninitializedReturningArm
121/163 Test #4007: ExecutionSourceTest.Function.Invalid.ArgumentType ...................   Passed    0.13 sec
        Start 3933: ExecutionSourceTest.External.Invalid.ComptimeMissingSymbol
122/163 Test #3930: ExecutionSourceTest.External.Main.Pointers ..........................   Passed    0.12 sec
        Start 4001: ExecutionSourceTest.Arithmetic.Invalid.DivisionZero
123/163 Test #3982: ExecutionSourceTest.Logical.Invalid.SkippedOrRightInteger ...........   Passed    0.12 sec
        Start 4014: ExecutionSourceTest.Function.Invalid.ReturnType
124/163 Test #4010: ExecutionSourceTest.Function.Invalid.NoMatchingOverload .............   Passed    0.12 sec
        Start 3934: ExecutionSourceTest.External.Invalid.UnsupportedInteger
125/163 Test #3990: ExecutionSourceTest.ControlFlow.Invalid.UninitializedMerge ..........   Passed    0.12 sec
        Start 4009: ExecutionSourceTest.Function.Invalid.AmbiguousOverload
126/163 Test #3995: ExecutionSourceTest.Arithmetic.Invalid.Signedness ...................   Passed    0.12 sec
        Start 4003: ExecutionSourceTest.Arithmetic.Invalid.ShiftNegative
127/163 Test #4018: ExecutionSourceTest.Function.Invalid.DuplicateParameter .............   Passed    0.13 sec
        Start 3994: ExecutionSourceTest.Arithmetic.Invalid.Widths
128/163 Test #3991: ExecutionSourceTest.ControlFlow.Invalid.UninitializedReturningArm ...   Passed    0.13 sec
        Start 4013: ExecutionSourceTest.Function.Invalid.VoidReturn
129/163 Test #3933: ExecutionSourceTest.External.Invalid.ComptimeMissingSymbol ..........   Passed    0.13 sec
        Start 4005: ExecutionSourceTest.Function.Invalid.MissingArgument
130/163 Test #4001: ExecutionSourceTest.Arithmetic.Invalid.DivisionZero .................   Passed    0.13 sec
        Start 4002: ExecutionSourceTest.Arithmetic.Invalid.RemainderZero
131/163 Test #4014: ExecutionSourceTest.Function.Invalid.ReturnType .....................   Passed    0.12 sec
        Start 4004: ExecutionSourceTest.Arithmetic.Invalid.ShiftWidth
132/163 Test #3934: ExecutionSourceTest.External.Invalid.UnsupportedInteger .............   Passed    0.12 sec
        Start 3979: ExecutionSourceTest.Logical.Invalid.AndLeftInteger
133/163 Test #4009: ExecutionSourceTest.Function.Invalid.AmbiguousOverload ..............   Passed    0.12 sec
        Start 3997: ExecutionSourceTest.Arithmetic.Invalid.SignedRange
134/163 Test #4003: ExecutionSourceTest.Arithmetic.Invalid.ShiftNegative ................   Passed    0.12 sec
        Start 3993: ExecutionSourceTest.ControlFlow.Invalid.UnselectedRuntimeName
135/163 Test #3994: ExecutionSourceTest.Arithmetic.Invalid.Widths .......................   Passed    0.12 sec
        Start 4028: ExecutionSourceTest.Class.Invalid.WrongMethodArgument
136/163 Test #4013: ExecutionSourceTest.Function.Invalid.VoidReturn .....................   Passed    0.12 sec
        Start 3983: ExecutionSourceTest.Logical.Invalid.CompareWidths
137/163 Test #4005: ExecutionSourceTest.Function.Invalid.MissingArgument ................   Passed    0.12 sec
        Start 3999: ExecutionSourceTest.Arithmetic.Invalid.UnsignedNegative
138/163 Test #4002: ExecutionSourceTest.Arithmetic.Invalid.RemainderZero ................   Passed    0.12 sec
        Start 3985: ExecutionSourceTest.Logical.Invalid.CompareBoolOrder
139/163 Test #3979: ExecutionSourceTest.Logical.Invalid.AndLeftInteger ..................   Passed    0.12 sec
140/163 Test #4004: ExecutionSourceTest.Arithmetic.Invalid.ShiftWidth ...................   Passed    0.13 sec
        Start 4008: ExecutionSourceTest.Function.Invalid.ArgumentWidth
        Start 3987: ExecutionSourceTest.Logical.ShortCircuit.reach_or
141/163 Test #3997: ExecutionSourceTest.Arithmetic.Invalid.SignedRange ..................   Passed    0.13 sec
        Start 3989: ExecutionSourceTest.ControlFlow.Invalid.Condition
142/163 Test #3993: ExecutionSourceTest.ControlFlow.Invalid.UnselectedRuntimeName .......   Passed    0.13 sec
        Start 3984: ExecutionSourceTest.Logical.Invalid.CompareSignedness
143/163 Test #4028: ExecutionSourceTest.Class.Invalid.WrongMethodArgument ...............   Passed    0.12 sec
        Start 3977: ExecutionSourceTest.External.Invalid.RuntimeEmbeddedNul
144/163 Test #3983: ExecutionSourceTest.Logical.Invalid.CompareWidths ...................   Passed    0.12 sec
        Start 3978: ExecutionSourceTest.Logical.Invalid.NotInteger
145/163 Test #3999: ExecutionSourceTest.Arithmetic.Invalid.UnsignedNegative .............   Passed    0.12 sec
        Start 3980: ExecutionSourceTest.Logical.Invalid.SkippedAndRightInteger
146/163 Test #3985: ExecutionSourceTest.Logical.Invalid.CompareBoolOrder ................   Passed    0.12 sec
        Start 3992: ExecutionSourceTest.ControlFlow.Invalid.EscapedLocal
147/163 Test #4008: ExecutionSourceTest.Function.Invalid.ArgumentWidth ..................   Passed    0.12 sec
        Start 3981: ExecutionSourceTest.Logical.Invalid.OrLeftInteger
148/163 Test #3987: ExecutionSourceTest.Logical.ShortCircuit.reach_or ...................   Passed    0.12 sec
149/163 Test #3989: ExecutionSourceTest.ControlFlow.Invalid.Condition ...................   Passed    0.11 sec
        Start 4025: ExecutionSourceTest.Class.Invalid.PrivateField
        Start 4026: ExecutionSourceTest.Class.Invalid.PrivateMethod
150/163 Test #3984: ExecutionSourceTest.Logical.Invalid.CompareSignedness ...............   Passed    0.12 sec
        Start 4030: ExecutionSourceTest.Class.Invalid.ConstMethod
151/163 Test #3977: ExecutionSourceTest.External.Invalid.RuntimeEmbeddedNul .............   Passed    0.11 sec
        Start 4029: ExecutionSourceTest.Class.Invalid.MissingInitializer
152/163 Test #3978: ExecutionSourceTest.Logical.Invalid.NotInteger ......................   Passed    0.11 sec
        Start 3926: ExecutionSourceTest.Memory.Main.AddressOf
153/163 Test #3980: ExecutionSourceTest.Logical.Invalid.SkippedAndRightInteger ..........   Passed    0.11 sec
        Start 4027: ExecutionSourceTest.Class.Invalid.UnknownField
154/163 Test #3992: ExecutionSourceTest.ControlFlow.Invalid.EscapedLocal ................   Passed    0.11 sec
        Start 3936: ExecutionSourceTest.External.Raw.EscapedPointer
155/163 Test #3981: ExecutionSourceTest.Logical.Invalid.OrLeftInteger ...................   Passed    0.11 sec
        Start 3910: ExecutionSourceTest.HelloWorld
156/163 Test #4025: ExecutionSourceTest.Class.Invalid.PrivateField ......................   Passed    0.11 sec
157/163 Test #4026: ExecutionSourceTest.Class.Invalid.PrivateMethod .....................   Passed    0.11 sec
158/163 Test #4030: ExecutionSourceTest.Class.Invalid.ConstMethod .......................   Passed    0.11 sec
159/163 Test #4029: ExecutionSourceTest.Class.Invalid.MissingInitializer ................   Passed    0.11 sec
160/163 Test #4027: ExecutionSourceTest.Class.Invalid.UnknownField ......................   Passed    0.10 sec
161/163 Test #3926: ExecutionSourceTest.Memory.Main.AddressOf ...........................   Passed    0.11 sec
162/163 Test #3936: ExecutionSourceTest.External.Raw.EscapedPointer .....................   Passed    0.10 sec
163/163 Test #3910: ExecutionSourceTest.HelloWorld ......................................   Passed    0.09 sec

100% tests passed, 0 tests failed out of 163

Label Time Summary:
aot             =  29.75 sec*proc (15 tests)
arithmetic      =   1.74 sec*proc (14 tests)
arrays          =   7.12 sec*proc (39 tests)
bytecode        =  14.00 sec*proc (43 tests)
class           =  32.58 sec*proc (29 tests)
cli             =   3.90 sec*proc (3 tests)
comptime        =   1.69 sec*proc (11 tests)
control_flow    =   0.86 sec*proc (7 tests)
differential    =  29.75 sec*proc (15 tests)
execution       =  28.70 sec*proc (148 tests)
external        =   2.34 sec*proc (18 tests)
ffi             =   0.65 sec*proc (1 test)
function        =   2.34 sec*proc (19 tests)
logical         =   2.20 sec*proc (18 tests)
memory          =   0.11 sec*proc (1 test)
multifile       =   7.74 sec*proc (24 tests)
source          =  24.80 sec*proc (145 tests)

Total Test time (real) =   7.99 sec
